Component: ARM Compiler 5.06 update 6 (build 750) Tool: armlink [4d35ed]

==============================================================================

Section Cross References

    main.o(i.am_uart_isr) refers to am_hal_uart.o(i.am_hal_uart_interrupt_status_get) for am_hal_uart_interrupt_status_get
    main.o(i.am_uart_isr) refers to am_hal_uart.o(i.am_hal_uart_interrupt_clear) for am_hal_uart_interrupt_clear
    main.o(i.am_uart_isr) refers to am_hal_uart.o(i.am_hal_uart_interrupt_service) for am_hal_uart_interrupt_service
    main.o(i.am_uart_isr) refers to main.o(.data) for phUART
    main.o(i.error_handler) refers to main.o(.data) for ui32LastError
    main.o(i.init_rak3183_led) refers to smtc_hal_gpio.o(i.hal_gpio_init_out) for hal_gpio_init_out
    main.o(i.main) refers to am_hal_clkgen.o(i.am_hal_clkgen_control) for am_hal_clkgen_control
    main.o(i.main) refers to am_hal_cachectrl.o(i.am_hal_cachectrl_config) for am_hal_cachectrl_config
    main.o(i.main) refers to am_hal_cachectrl.o(i.am_hal_cachectrl_enable) for am_hal_cachectrl_enable
    main.o(i.main) refers to am_hal_uart.o(i.am_hal_uart_initialize) for am_hal_uart_initialize
    main.o(i.main) refers to main.o(i.error_handler) for error_handler
    main.o(i.main) refers to am_hal_uart.o(i.am_hal_uart_power_control) for am_hal_uart_power_control
    main.o(i.main) refers to am_hal_uart.o(i.am_hal_uart_control) for am_hal_uart_control
    main.o(i.main) refers to am_hal_uart.o(i.am_hal_uart_configure) for am_hal_uart_configure
    main.o(i.main) refers to am_hal_gpio.o(i.am_hal_gpio_pinconfig) for am_hal_gpio_pinconfig
    main.o(i.main) refers to am_hal_interrupt.o(.emb_text) for am_hal_interrupt_master_enable
    main.o(i.main) refers to am_util_stdio.o(i.am_util_stdio_printf_init) for am_util_stdio_printf_init
    main.o(i.main) refers to am_util_stdio.o(i.am_util_stdio_terminal_clear) for am_util_stdio_terminal_clear
    main.o(i.main) refers to am_util_stdio.o(i.am_util_stdio_printf) for am_util_stdio_printf
    main.o(i.main) refers to main.o(i.init_rak3183_led) for init_rak3183_led
    main.o(i.main) refers to tx_rx_test.o(i.test_radio) for test_radio
    main.o(i.main) refers to am_hal_cachectrl.o(.constdata) for am_hal_cachectrl_defaults
    main.o(i.main) refers to main.o(.data) for phUART
    main.o(i.main) refers to main.o(.constdata) for g_sUartConfig
    main.o(i.main) refers to main.o(i.uart_print) for uart_print
    main.o(i.uart_print) refers to rt_memclr_w.o(.text) for __aeabi_memclr4
    main.o(i.uart_print) refers to am_hal_uart.o(i.am_hal_uart_transfer) for am_hal_uart_transfer
    main.o(i.uart_print) refers to main.o(i.error_handler) for error_handler
    main.o(i.uart_print) refers to main.o(.data) for phUART
    main.o(.constdata) refers to main.o(.bss) for g_pui8TxBuffer
    main.o(.constdata) refers to main.o(.data) for g_pui8RxBuffer
    smtc_hal_spi.o(i.hal_spi_in_out) refers to rt_memcpy_w.o(.text) for __aeabi_memcpy4
    smtc_hal_spi.o(i.hal_spi_in_out) refers to am_hal_iom.o(i.am_hal_iom_spi_blocking_fullduplex) for am_hal_iom_spi_blocking_fullduplex
    smtc_hal_spi.o(i.hal_spi_in_out) refers to am_util_stdio.o(i.am_util_stdio_printf) for am_util_stdio_printf
    smtc_hal_spi.o(i.hal_spi_in_out) refers to smtc_hal_spi.o(.constdata) for .constdata
    smtc_hal_spi.o(i.hal_spi_in_out) refers to smtc_hal_spi.o(.data) for iom1_pphandle
    smtc_hal_spi.o(i.hal_spi_init) refers to am_hal_iom.o(i.am_hal_iom_initialize) for am_hal_iom_initialize
    smtc_hal_spi.o(i.hal_spi_init) refers to am_hal_iom.o(i.am_hal_iom_power_ctrl) for am_hal_iom_power_ctrl
    smtc_hal_spi.o(i.hal_spi_init) refers to am_hal_iom.o(i.am_hal_iom_configure) for am_hal_iom_configure
    smtc_hal_spi.o(i.hal_spi_init) refers to am_hal_iom.o(i.am_hal_iom_enable) for am_hal_iom_enable
    smtc_hal_spi.o(i.hal_spi_init) refers to am_util_stdio.o(i.am_util_stdio_printf) for am_util_stdio_printf
    smtc_hal_spi.o(i.hal_spi_init) refers to am_hal_gpio.o(i.am_hal_gpio_pinconfig) for am_hal_gpio_pinconfig
    smtc_hal_spi.o(i.hal_spi_init) refers to smtc_hal_spi.o(.data) for iom1_pphandle
    smtc_hal_spi.o(i.hal_spi_init) refers to smtc_hal_spi.o(.constdata) for .constdata
    smtc_hal_gpio.o(i.am_gpio_isr) refers to am_hal_gpio.o(i.am_hal_gpio_interrupt_status_get) for am_hal_gpio_interrupt_status_get
    smtc_hal_gpio.o(i.am_gpio_isr) refers to am_hal_gpio.o(i.am_hal_gpio_interrupt_clear) for am_hal_gpio_interrupt_clear
    smtc_hal_gpio.o(i.am_gpio_isr) refers to am_hal_gpio.o(i.am_hal_gpio_interrupt_service) for am_hal_gpio_interrupt_service
    smtc_hal_gpio.o(i.hal_gpio_clear_pending_irq) refers to am_hal_gpio.o(i.am_hal_gpio_interrupt_status_get) for am_hal_gpio_interrupt_status_get
    smtc_hal_gpio.o(i.hal_gpio_clear_pending_irq) refers to am_hal_gpio.o(i.am_hal_gpio_interrupt_clear) for am_hal_gpio_interrupt_clear
[...]
    ../clib/printf.c                         0x00000000   Number         0  _printf_wctomb.o ABSOLUTE
    ../clib/printf.c                         0x00000000   Number         0  __printf_flags_ss_wp.o ABSOLUTE
    ../clib/printf.c                         0x00000000   Number         0  __printf_ss_wp.o ABSOLUTE
    ../clib/printf.c                         0x00000000   Number         0  __printf_flags_wp.o ABSOLUTE
    ../clib/printf.c                         0x00000000   Number         0  __printf_wp.o ABSOLUTE
    ../clib/printf.c                         0x00000000   Number         0  __printf_flags_ss.o ABSOLUTE
    ../clib/printf.c                         0x00000000   Number         0  __printf_ss.o ABSOLUTE
    ../clib/printf.c                         0x00000000   Number         0  __printf_flags.o ABSOLUTE
    ../clib/printf.c                         0x00000000   Number         0  _printf_hex_int_ll_ptr.o ABSOLUTE
    ../clib/printf.c                         0x00000000   Number         0  _printf_hex_ll_ptr.o ABSOLUTE
    ../clib/printf.c                         0x00000000   Number         0  _printf_oct_ll.o ABSOLUTE
    ../clib/printf.c                         0x00000000   Number         0  _printf_hex_int_ptr.o ABSOLUTE
    ../clib/printf.c                         0x00000000   Number         0  _printf_hex_ptr.o ABSOLUTE
    ../clib/printf.c                         0x00000000   Number         0  _printf_hex_int_ll.o ABSOLUTE
    ../clib/printf.c                         0x00000000   Number         0  _printf_hex_int.o ABSOLUTE
    ../clib/printf.c                         0x00000000   Number         0  _printf_hex_ll.o ABSOLUTE
    ../clib/printf.c                         0x00000000   Number         0  _printf_oct_int_ll.o ABSOLUTE
    ../clib/printf.c                         0x00000000   Number         0  _printf_oct_int.o ABSOLUTE
    ../clib/printf.c                         0x00000000   Number         0  _printf_longlong_dec.o ABSOLUTE
    ../clib/printf_percent.s                 0x00000000   Number         0  _printf_s.o ABSOLUTE
    ../clib/printf_percent.s                 0x00000000   Number         0  _printf_lc.o ABSOLUTE
    ../clib/printf_percent.s                 0x00000000   Number         0  _printf_o.o ABSOLUTE
    ../clib/printf_percent.s                 0x00000000   Number         0  _printf_g.o ABSOLUTE
    ../clib/printf_percent.s                 0x00000000   Number         0  _printf_c.o ABSOLUTE
    ../clib/printf_percent.s                 0x00000000   Number         0  _printf_u.o ABSOLUTE
    ../clib/printf_percent.s                 0x00000000   Number         0  _printf_a.o ABSOLUTE
    ../clib/printf_percent.s                 0x00000000   Number         0  _printf_e.o ABSOLUTE
    ../clib/printf_percent.s                 0x00000000   Number         0  _printf_llo.o ABSOLUTE
    ../clib/printf_percent.s                 0x00000000   Number         0  _printf_percent.o ABSOLUTE
    ../clib/printf_percent.s                 0x00000000   Number         0  _printf_ls.o ABSOLUTE
    ../clib/printf_percent.s                 0x00000000   Number         0  _printf_f.o ABSOLUTE
    ../clib/printf_percent.s                 0x00000000   Number         0  _printf_l.o ABSOLUTE
    ../clib/printf_percent.s                 0x00000000   Number         0  _printf_x.o ABSOLUTE
    ../clib/printf_percent.s                 0x00000000   Number         0  _printf_percent_end.o ABSOLUTE
    ../clib/printf_percent.s                 0x00000000   Number         0  _printf_ll.o ABSOLUTE
    ../clib/printf_percent.s                 0x00000000   Number         0  _printf_llu.o ABSOLUTE
    ../clib/printf_percent.s                 0x00000000   Number         0  _printf_n.o ABSOLUTE
    ../clib/printf_percent.s                 0x00000000   Number         0  _printf_lld.o ABSOLUTE
    ../clib/printf_percent.s                 0x00000000   Number         0  _printf_lli.o ABSOLUTE
    ../clib/printf_percent.s                 0x00000000   Number         0  _printf_d.o ABSOLUTE
    ../clib/printf_percent.s                 0x00000000   Number         0  _printf_llx.o ABSOLUTE
    ../clib/printf_percent.s                 0x00000000   Number         0  _printf_p.o ABSOLUTE
    ../clib/printf_percent.s                 0x00000000   Number         0  _printf_i.o ABSOLUTE
    ../clib/signal.c                         0x00000000   Number         0  defsig_general.o ABSOLUTE
    ../clib/signal.c                         0x00000000   Number         0  defsig_fpe_inner.o ABSOLUTE
    ../clib/signal.c                         0x00000000   Number         0  __raise.o ABSOLUTE
    ../clib/signal.c                         0x00000000   Number         0  defsig_rtmem_inner.o ABSOLUTE
    ../clib/signal.c                         0x00000000   Number         0  defsig_exit.o ABSOLUTE
    ../clib/signal.c                         0x00000000   Number         0  defsig_rtmem_formal.o ABSOLUTE
    ../clib/signal.c                         0x00000000   Number         0  defsig_other.o ABSOLUTE
    ../clib/signal.c                         0x00000000   Number         0  defsig_segv_inner.o ABSOLUTE
    ../clib/signal.c                         0x00000000   Number         0  defsig_cppl_inner.o ABSOLUTE
    ../clib/signal.c                         0x00000000   Number         0  defsig_pvfn_inner.o ABSOLUTE
    ../clib/signal.c                         0x00000000   Number         0  defsig_stak_inner.o ABSOLUTE
    ../clib/signal.c                         0x00000000   Number         0  defsig_rtred_inner.o ABSOLUTE
    ../clib/signal.c                         0x00000000   Number         0  defsig_rtmem_outer.o ABSOLUTE
    ../clib/signal.c                         0x00000000   Number         0  defsig_abrt_inner.o ABSOLUTE
    ../clib/signal.s                         0x00000000   Number         0  defsig.o ABSOLUTE
    ../clib/stdlib.c                         0x00000000   Number         0  exit.o ABSOLUTE
    ../clib/stdlib.c                         0x00000000   Number         0  rand.o ABSOLUTE
    ../clib/stdlib.c                         0x00000000   Number         0  rand.o ABSOLUTE
    ../clib/string.c                         0x00000000   Number         0  strrchr.o ABSOLUTE
    ../fplib/d2f.s                           0x00000000   Number         0  d2f.o ABSOLUTE
    ../fplib/dnaninf.s                       0x00000000   Number         0  dnaninf.o ABSOLUTE
    ../fplib/fpinit.s                        0x00000000   Number         0  fpinit.o ABSOLUTE
    ../fplib/fretinf.s                       0x00000000   Number         0  fretinf.o ABSOLUTE
    ../fplib/istatus.s                       0x00000000   Number         0  istatus.o ABSOLUTE
    ../fplib/printf1.s                       0x00000000   Number         0  printf1.o ABSOLUTE
    ../fplib/printf2.s                       0x00000000   Number         0  printf2.o ABSOLUTE
    ../fplib/printf2a.s                      0x00000000   Number         0  printf2a.o ABSOLUTE
    ../fplib/printf2b.s                      0x00000000   Number         0  printf2b.o ABSOLUTE
    ../fplib/usenofp.s                       0x00000000   Number         0  usenofp.o ABSOLUTE
    ../keil/startup_keil.s                   0x00000000   Number         0  startup_keil.o ABSOLUTE
    ../mathlib/ceilf.c                       0x00000000   Number         0  ceilf.o ABSOLUTE
    ../mathlib/fpclassify.c                  0x00000000   Number         0  fpclassify.o ABSOLUTE
    ..\..\..\..\..\utils\am_util_delay.c     0x00000000   Number         0  am_util_delay.o ABSOLUTE
    ..\..\..\..\..\utils\am_util_faultisr.c  0x00000000   Number         0  am_util_faultisr.o ABSOLUTE
    ..\..\..\..\..\utils\am_util_id.c        0x00000000   Number         0  am_util_id.o ABSOLUTE
    ..\\radio_hal\\sx128x_hal.c              0x00000000   Number         0  sx128x_hal.o ABSOLUTE
    ..\\smtc_modem_hal\\smtc_modem_hal.c     0x00000000   Number         0  smtc_modem_hal.o ABSOLUTE
    ..\\src\\main.c                          0x00000000   Number         0  main.o ABSOLUTE
    ..\\src\\smtc_hal_flash.c                0x00000000   Number         0  smtc_hal_flash.o ABSOLUTE
    ..\\src\\smtc_hal_gpio.c                 0x00000000   Number         0  smtc_hal_gpio.o ABSOLUTE
    ..\\src\\smtc_hal_lp_timer.c             0x00000000   Number         0  smtc_hal_lp_timer.o ABSOLUTE
    ..\\src\\smtc_hal_mcu.c                  0x00000000   Number         0  smtc_hal_mcu.o ABSOLUTE
    ..\\src\\smtc_hal_rtc.c                  0x00000000   Number         0  smtc_hal_rtc.o ABSOLUTE
    ..\\src\\smtc_hal_spi.c                  0x00000000   Number         0  smtc_hal_spi.o ABSOLUTE
    ..\\src\\smtc_hal_trace.c                0x00000000   Number         0  smtc_hal_trace.o ABSOLUTE
    ..\\src\\tx_rx_test.c                    0x00000000   Number         0  tx_rx_test.o ABSOLUTE
    ..\am_hal_cachectrl.c                    0x00000000   Number         0  am_hal_cachectrl.o ABSOLUTE
    ..\am_hal_clkgen.c                       0x00000000   Number         0  am_hal_clkgen.o ABSOLUTE
    ..\am_hal_cmdq.c                         0x00000000   Number         0  am_hal_cmdq.o ABSOLUTE
    ..\am_hal_ctimer.c                       0x00000000   Number         0  am_hal_ctimer.o ABSOLUTE
    ..\am_hal_debug.c                        0x00000000   Number         0  am_hal_debug.o ABSOLUTE
    ..\am_hal_flash.c                        0x00000000   Number         0  am_hal_flash.o ABSOLUTE
    ..\am_hal_global.c                       0x00000000   Number         0  am_hal_global.o ABSOLUTE
    ..\am_hal_gpio.c                         0x00000000   Number         0  am_hal_gpio.o ABSOLUTE
    ..\am_hal_interrupt.c                    0x00000000   Number         0  am_hal_interrupt.o ABSOLUTE
    ..\am_hal_iom.c                          0x00000000   Number         0  am_hal_iom.o ABSOLUTE
    ..\am_hal_mcuctrl.c                      0x00000000   Number         0  am_hal_mcuctrl.o ABSOLUTE
    ..\am_hal_pwrctrl.c                      0x00000000   Number         0  am_hal_pwrctrl.o ABSOLUTE
    ..\am_hal_queue.c                        0x00000000   Number         0  am_hal_queue.o ABSOLUTE
    ..\am_hal_reset.c                        0x00000000   Number         0  am_hal_reset.o ABSOLUTE
    ..\am_hal_uart.c                         0x00000000   Number         0  am_hal_uart.o ABSOLUTE
    ..\radio_hal\ral_sx128x_bsp.c            0x00000000   Number         0  ral_sx128x_bsp.o ABSOLUTE
    ..\radio_hal\sx128x_hal.c                0x00000000   Number         0  sx128x_hal.o ABSOLUTE
    ..\smtc_modem_core\device_management\dm_downlink.c 0x00000000   Number         0  dm_downlink.o ABSOLUTE
    ..\smtc_modem_core\device_management\modem_context.c 0x00000000   Number         0  modem_context.o ABSOLUTE
    ..\smtc_modem_core\lorawan_api\lorawan_api.c 0x00000000   Number         0  lorawan_api.o ABSOLUTE
    ..\smtc_modem_core\lr1mac\src\lr1_stack_mac_layer.c 0x00000000   Number         0  lr1_stack_mac_layer.o ABSOLUTE
    ..\smtc_modem_core\lr1mac\src\lr1mac_class_b\smtc_beacon_sniff.c 0x00000000   Number         0  smtc_beacon_sniff.o ABSOLUTE
    ..\smtc_modem_core\lr1mac\src\lr1mac_class_b\smtc_ping_slot.c 0x00000000   Number         0  smtc_ping_slot.o ABSOLUTE
    ..\smtc_modem_core\lr1mac\src\lr1mac_class_c\lr1mac_class_c.c 0x00000000   Number         0  lr1mac_class_c.o ABSOLUTE
    ..\smtc_modem_core\lr1mac\src\lr1mac_core.c 0x00000000   Number         0  lr1mac_core.o ABSOLUTE
    ..\smtc_modem_core\lr1mac\src\lr1mac_utilities.c 0x00000000   Number         0  lr1mac_utilities.o ABSOLUTE
    ..\smtc_modem_core\lr1mac\src\services\smtc_duty_cycle.c 0x00000000   Number         0  smtc_duty_cycle.o ABSOLUTE
    ..\smtc_modem_core\lr1mac\src\services\smtc_lbt.c 0x00000000   Number         0  smtc_lbt.o ABSOLUTE
    ..\smtc_modem_core\lr1mac\src\smtc_real\src\region_ww2g4.c 0x00000000   Number         0  region_ww2g4.o ABSOLUTE
    ..\smtc_modem_core\lr1mac\src\smtc_real\src\smtc_real.c 0x00000000   Number         0  smtc_real.o ABSOLUTE
    ..\smtc_modem_core\modem_core\smtc_modem.c 0x00000000   Number         0  smtc_modem.o ABSOLUTE
    ..\smtc_modem_core\modem_core\smtc_modem_test.c 0x00000000   Number         0  smtc_modem_test.o ABSOLUTE
    ..\smtc_modem_core\modem_services\fifo_ctrl.c 0x00000000   Number         0  fifo_ctrl.o ABSOLUTE
    ..\smtc_modem_core\modem_services\lorawan_certification.c 0x00000000   Number         0  lorawan_certification.o ABSOLUTE
    ..\smtc_modem_core\modem_services\modem_utilities.c 0x00000000   Number         0  modem_utilities.o ABSOLUTE
    ..\smtc_modem_core\modem_services\smtc_modem_services_hal.c 0x00000000   Number         0  smtc_modem_services_hal.o ABSOLUTE
    ..\smtc_modem_core\modem_supervisor\modem_supervisor.c 0x00000000   Number         0  modem_supervisor.o ABSOLUTE
    ..\smtc_modem_core\radio_drivers\sx128x_driver\src\sx128x.c 0x00000000   Number         0  sx128x.o ABSOLUTE
    ..\smtc_modem_core\radio_planner\src\radio_planner.c 0x00000000   Number         0  radio_planner.o ABSOLUTE
    ..\smtc_modem_core\radio_planner\src\radio_planner_hal.c 0x00000000   Number         0  radio_planner_hal.o ABSOLUTE
    ..\smtc_modem_core\smtc_modem_crypto\smtc_modem_crypto.c 0x00000000   Number         0  smtc_modem_crypto.o ABSOLUTE
    ..\smtc_modem_core\smtc_modem_crypto\soft_secure_element\aes.c 0x00000000   Number         0  aes.o ABSOLUTE
    ..\smtc_modem_core\smtc_modem_crypto\soft_secure_element\cmac.c 0x00000000   Number         0  cmac.o ABSOLUTE
    ..\smtc_modem_core\smtc_modem_crypto\soft_secure_element\soft_se.c 0x00000000   Number         0  soft_se.o ABSOLUTE
    ..\smtc_modem_core\smtc_ral\src\ral_sx128x.c 0x00000000   Number         0  ral_sx128x.o ABSOLUTE
    ..\smtc_modem_core\smtc_ralf\src\ralf_sx128x.c 0x00000000   Number         0  ralf_sx128x.o ABSOLUTE
    ..\smtc_modem_hal\smtc_modem_hal.c       0x00000000   Number         0  smtc_modem_hal.o ABSOLUTE
    ..\src\main.c                            0x00000000   Number         0  main.o ABSOLUTE
    ..\src\smtc_hal_flash.c                  0x00000000   Number         0  smtc_hal_flash.o ABSOLUTE
    ..\src\smtc_hal_gpio.c                   0x00000000   Number         0  smtc_hal_gpio.o ABSOLUTE
    ..\src\smtc_hal_lp_timer.c               0x00000000   Number         0  smtc_hal_lp_timer.o ABSOLUTE
    ..\src\smtc_hal_mcu.c                    0x00000000   Number         0  smtc_hal_mcu.o ABSOLUTE
    ..\src\smtc_hal_rng.c                    0x00000000   Number         0  smtc_hal_rng.o ABSOLUTE
    ..\src\smtc_hal_rtc.c                    0x00000000   Number         0  smtc_hal_rtc.o ABSOLUTE
    ..\src\smtc_hal_spi.c                    0x00000000   Number         0  smtc_hal_spi.o ABSOLUTE
    ..\src\smtc_hal_trace.c                  0x00000000   Number         0  smtc_hal_trace.o ABSOLUTE
    ..\src\tx_rx_test.c                      0x00000000   Number         0  tx_rx_test.o ABSOLUTE
    dc.s                                     0x00000000   Number         0  dc.o ABSOLUTE
    RESET                                    0x0000c000   Section      308  startup_keil.o(RESET)
    $v0                                      0x0000c100   Number         0  startup_keil.o(RESET)
    !!!main                                  0x0000c134   Section        8  __main.o(!!!main)
    !!!scatter                               0x0000c13c   Section       52  __scatter.o(!!!scatter)
    !!handler_copy                           0x0000c170   Section       26  __scatter_copy.o(!!handler_copy)
    !!handler_zi                             0x0000c18c   Section       28  __scatter_zi.o(!!handler_zi)
    .ARM.Collect$$libinit$$00000000          0x0000c1a8   Section        2  libinit.o(.ARM.Collect$$libinit$$00000000)
    .ARM.Collect$$libinit$$00000001          0x0000c1aa   Section        4  libinit2.o(.ARM.Collect$$libinit$$00000001)
    .ARM.Collect$$libinit$$00000004          0x0000c1ae   Section        0  libinit2.o(.ARM.Collect$$libinit$$00000004)
    .ARM.Collect$$libinit$$0000000A          0x0000c1ae   Section        0  libinit2.o(.ARM.Collect$$libinit$$0000000A)
    .ARM.Collect$$libinit$$0000000C          0x0000c1ae   Section        0  libinit2.o(.ARM.Collect$$libinit$$0000000C)
    .ARM.Collect$$libinit$$0000000E          0x0000c1ae   Section        0  libinit2.o(.ARM.Collect$$libinit$$0000000E)
    .ARM.Collect$$libinit$$00000011          0x0000c1ae   Section        0  libinit2.o(.ARM.Collect$$libinit$$00000011)
    .ARM.Collect$$libinit$$00000013          0x0000c1ae   Section        0  libinit2.o(.ARM.Collect$$libinit$$00000013)
    .ARM.Collect$$libinit$$00000015          0x0000c1ae   Section        0  libinit2.o(.ARM.Collect$$libinit$$00000015)
    .ARM.Collect$$libinit$$00000017          0x0000c1ae   Section        0  libinit2.o(.ARM.Collect$$libinit$$00000017)
    .ARM.Collect$$libinit$$00000019          0x0000c1ae   Section        0  libinit2.o(.ARM.Collect$$libinit$$00000019)
    .ARM.Collect$$libinit$$0000001B          0x0000c1ae   Section        0  libinit2.o(.ARM.Collect$$libinit$$0000001B)
    .ARM.Collect$$libinit$$0000001D          0x0000c1ae   Section        0  libinit2.o(.ARM.Collect$$libinit$$0000001D)
    .ARM.Collect$$libinit$$0000001F          0x0000c1ae   Section        0  libinit2.o(.ARM.Collect$$libinit$$0000001F)
    .ARM.Collect$$libinit$$00000021          0x0000c1ae   Section        0  libinit2.o(.ARM.Collect$$libinit$$00000021)
    .ARM.Collect$$libinit$$00000023          0x0000c1ae   Section        0  libinit2.o(.ARM.Collect$$libinit$$00000023)
    .ARM.Collect$$libinit$$00000025          0x0000c1ae   Section        0  libinit2.o(.ARM.Collect$$libinit$$00000025)
    .ARM.Collect$$libinit$$0000002C          0x0000c1ae   Section        0  libinit2.o(.ARM.Collect$$libinit$$0000002C)
    .ARM.Collect$$libinit$$0000002E          0x0000c1ae   Section        0  libinit2.o(.ARM.Collect$$libinit$$0000002E)
    .ARM.Collect$$libinit$$00000030          0x0000c1ae   Section        0  libinit2.o(.ARM.Collect$$libinit$$00000030)
    .ARM.Collect$$libinit$$00000032          0x0000c1ae   Section        0  libinit2.o(.ARM.Collect$$libinit$$00000032)
    .ARM.Collect$$libinit$$00000033          0x0000c1ae   Section        2  libinit2.o(.ARM.Collect$$libinit$$00000033)
    .ARM.Collect$$libshutdown$$00000000      0x0000c1b0   Section        2  libshutdown.o(.ARM.Collect$$libshutdown$$00000000)
    .ARM.Collect$$libshutdown$$00000002      0x0000c1b2   Section        0  libshutdown2.o(.ARM.Collect$$libshutdown$$00000002)
    .ARM.Collect$$libshutdown$$00000004      0x0000c1b2   Section        0  libshutdown2.o(.ARM.Collect$$libshutdown$$00000004)
    .ARM.Collect$$libshutdown$$00000007      0x0000c1b2   Section        0  libshutdown2.o(.ARM.Collect$$libshutdown$$00000007)
    .ARM.Collect$$libshutdown$$0000000A      0x0000c1b2   Section        0  libshutdown2.o(.ARM.Collect$$libshutdown$$0000000A)
    .ARM.Collect$$libshutdown$$0000000C      0x0000c1b2   Section        0  libshutdown2.o(.ARM.Collect$$libshutdown$$0000000C)
    .ARM.Collect$$libshutdown$$0000000F      0x0000c1b2   Section        0  libshutdown2.o(.ARM.Collect$$libshutdown$$0000000F)
    .ARM.Collect$$libshutdown$$00000010      0x0000c1b2   Section        2  libshutdown2.o(.ARM.Collect$$libshutdown$$00000010)
    .ARM.Collect$$rtentry$$00000000          0x0000c1b4   Section        0  __rtentry.o(.ARM.Collect$$rtentry$$00000000)
    .ARM.Collect$$rtentry$$00000002          0x0000c1b4   Section        0  __rtentry2.o(.ARM.Collect$$rtentry$$00000002)
    .ARM.Collect$$rtentry$$00000004          0x0000c1b4   Section        6  __rtentry4.o(.ARM.Collect$$rtentry$$00000004)
    .ARM.Collect$$rtentry$$00000009          0x0000c1ba   Section        0  __rtentry2.o(.ARM.Collect$$rtentry$$00000009)
    .ARM.Collect$$rtentry$$0000000A          0x0000c1ba   Section        4  __rtentry2.o(.ARM.Collect$$rtentry$$0000000A)
    .ARM.Collect$$rtentry$$0000000C          0x0000c1be   Section        0  __rtentry2.o(.ARM.Collect$$rtentry$$0000000C)
    .ARM.Collect$$rtentry$$0000000D          0x0000c1be   Section        8  __rtentry2.o(.ARM.Collect$$rtentry$$0000000D)
    .ARM.Collect$$rtexit$$00000000           0x0000c1c6   Section        2  rtexit.o(.ARM.Collect$$rtexit$$00000000)
    .ARM.Collect$$rtexit$$00000002           0x0000c1c8   Section        0  rtexit2.o(.ARM.Collect$$rtexit$$00000002)
    .ARM.Collect$$rtexit$$00000003           0x0000c1c8   Section        4  rtexit2.o(.ARM.Collect$$rtexit$$00000003)
    .ARM.Collect$$rtexit$$00000004           0x0000c1cc   Section        6  rtexit2.o(.ARM.Collect$$rtexit$$00000004)
    .emb_text                                0x0000c1d4   Section       34  am_util_faultisr.o(.emb_text)
    $v0                                      0x0000c1d4   Number         0  am_util_faultisr.o(.emb_text)
    .emb_text                                0x0000c1f8   Section       22  am_hal_interrupt.o(.emb_text)
    $v0                                      0x0000c1f8   Number         0  am_hal_interrupt.o(.emb_text)
    .text                                    0x0000c210   Section       24  startup_keil.o(.text)
    $v0                                      0x0000c210   Number         0  startup_keil.o(.text)
    .text                                    0x0000c228   Section       38  llshl.o(.text)
    .text                                    0x0000c24e   Section       38  llushr.o(.text)
    .text                                    0x0000c274   Section      100  rt_memcpy_w.o(.text)
    .text                                    0x0000c2d8   Section       78  rt_memclr_w.o(.text)
    .text                                    0x0000c326   Section        0  heapauxi.o(.text)
    .text                                    0x0000c32c   Section       74  sys_stackheap_outer.o(.text)
    .text                                    0x0000c376   Section        0  exit.o(.text)
    .text                                    0x0000c388   Section        8  libspace.o(.text)
    .text                                    0x0000c390   Section        2  use_no_semi.o(.text)
    .text                                    0x0000c392   Section        0  indicate_semi.o(.text)
    .text                                    0x0000c394   Section        0  sys_exit.o(.text)
    i.__NVIC_EnableIRQ                       0x0000c3a0   Section        0  smtc_hal_gpio.o(i.__NVIC_EnableIRQ)
    __NVIC_EnableIRQ                         0x0000c3a1   Thumb Code    34  smtc_hal_gpio.o(i.__NVIC_EnableIRQ)
    i.__NVIC_SetPriority                     0x0000c3c4   Section        0  smtc_hal_gpio.o(i.__NVIC_SetPriority)
    __NVIC_SetPriority                       0x0000c3c5   Thumb Code    32  smtc_hal_gpio.o(i.__NVIC_SetPriority)
    i.am_ctimer_isr                          0x0000c3ec   Section        0  smtc_hal_lp_timer.o(i.am_ctimer_isr)
    i.am_gpio_isr                            0x0000c404   Section        0  smtc_hal_gpio.o(i.am_gpio_isr)
    i.am_hal_cachectrl_config                0x0000c420   Section        0  am_hal_cachectrl.o(i.am_hal_cachectrl_config)
    i.am_hal_cachectrl_enable                0x0000c46c   Section        0  am_hal_cachectrl.o(i.am_hal_cachectrl_enable)
    i.am_hal_clkgen_control                  0x0000c480   Section        0  am_hal_clkgen.o(i.am_hal_clkgen_control)
    i.am_hal_clkgen_status_get               0x0000c57c   Section        0  am_hal_clkgen.o(i.am_hal_clkgen_status_get)
    i.am_hal_cmdq_disable                    0x0000c5b0   Section        0  am_hal_cmdq.o(i.am_hal_cmdq_disable)
    i.am_hal_cmdq_enable                     0x0000c5f0   Section        0  am_hal_cmdq.o(i.am_hal_cmdq_enable)
    i.am_hal_cmdq_init                       0x0000c630   Section        0  am_hal_cmdq.o(i.am_hal_cmdq_init)
    i.am_hal_ctimer_int_clear                0x0000c720   Section        0  am_hal_ctimer.o(i.am_hal_ctimer_int_clear)
    i.am_hal_ctimer_int_service              0x0000c740   Section        0  am_hal_ctimer.o(i.am_hal_ctimer_int_service)
    i.am_hal_ctimer_int_status_get           0x0000c774   Section        0  am_hal_ctimer.o(i.am_hal_ctimer_int_status_get)
    i.am_hal_flash_delay                     0x0000c7a4   Section        0  am_hal_flash.o(i.am_hal_flash_delay)
    i.am_hal_flash_delay_status_check        0x0000c7c8   Section        0  am_hal_flash.o(i.am_hal_flash_delay_status_check)
    i.am_hal_gpio_interrupt_clear            0x0000c824   Section        0  am_hal_gpio.o(i.am_hal_gpio_interrupt_clear)
    i.am_hal_gpio_interrupt_enable           0x0000c858   Section        0  am_hal_gpio.o(i.am_hal_gpio_interrupt_enable)
    i.am_hal_gpio_interrupt_register         0x0000c898   Section        0  am_hal_gpio.o(i.am_hal_gpio_interrupt_register)
    i.am_hal_gpio_interrupt_service          0x0000c8b8   Section        0  am_hal_gpio.o(i.am_hal_gpio_interrupt_service)
    i.am_hal_gpio_interrupt_status_get       0x0000c948   Section        0  am_hal_gpio.o(i.am_hal_gpio_interrupt_status_get)
    i.am_hal_gpio_pinconfig                  0x0000c99c   Section        0  am_hal_gpio.o(i.am_hal_gpio_pinconfig)
    i.am_hal_gpio_state_read                 0x0000cc1c   Section        0  am_hal_gpio.o(i.am_hal_gpio_state_read)
    i.am_hal_gpio_state_write                0x0000cc76   Section        0  am_hal_gpio.o(i.am_hal_gpio_state_write)
    i.am_hal_iom_configure                   0x0000ccf8   Section        0  am_hal_iom.o(i.am_hal_iom_configure)
    i.am_hal_iom_enable                      0x0000cfa0   Section        0  am_hal_iom.o(i.am_hal_iom_enable)
    i.am_hal_iom_initialize                  0x0000d0a0   Section        0  am_hal_iom.o(i.am_hal_iom_initialize)
    i.am_hal_iom_power_ctrl                  0x0000d0f4   Section        0  am_hal_iom.o(i.am_hal_iom_power_ctrl)
    i.am_hal_iom_spi_blocking_fullduplex     0x0000d3fc   Section        0  am_hal_iom.o(i.am_hal_iom_spi_blocking_fullduplex)
    i.am_hal_mcuctrl_info_get                0x0000d6a0   Section        0  am_hal_mcuctrl.o(i.am_hal_mcuctrl_info_get)
    i.am_hal_pwrctrl_periph_disable          0x0000d7d8   Section        0  am_hal_pwrctrl.o(i.am_hal_pwrctrl_periph_disable)
    i.am_hal_pwrctrl_periph_enable           0x0000d894   Section        0  am_hal_pwrctrl.o(i.am_hal_pwrctrl_periph_enable)
    i.am_hal_queue_init                      0x0000d904   Section        0  am_hal_queue.o(i.am_hal_queue_init)
    i.am_hal_queue_item_add                  0x0000d91a   Section        0  am_hal_queue.o(i.am_hal_queue_item_add)
    i.am_hal_queue_item_get                  0x0000d9be   Section        0  am_hal_queue.o(i.am_hal_queue_item_get)
    i.am_hal_uart_configure                  0x0000da58   Section        0  am_hal_uart.o(i.am_hal_uart_configure)
    i.am_hal_uart_control                    0x0000dcc8   Section        0  am_hal_uart.o(i.am_hal_uart_control)
    i.am_hal_uart_initialize                 0x0000dcec   Section        0  am_hal_uart.o(i.am_hal_uart_initialize)
    i.am_hal_uart_interrupt_clear            0x0000dd40   Section        0  am_hal_uart.o(i.am_hal_uart_interrupt_clear)
    i.am_hal_uart_interrupt_service          0x0000dd70   Section        0  am_hal_uart.o(i.am_hal_uart_interrupt_service)
    i.am_hal_uart_interrupt_status_get       0x0000dedc   Section        0  am_hal_uart.o(i.am_hal_uart_interrupt_status_get)
    i.am_hal_uart_power_control              0x0000df18   Section        0  am_hal_uart.o(i.am_hal_uart_power_control)
    i.am_hal_uart_transfer                   0x0000e01c   Section        0  am_hal_uart.o(i.am_hal_uart_transfer)
    i.am_uart_isr                            0x0000e370   Section        0  main.o(i.am_uart_isr)
    i.am_util_delay_us                       0x0000e39c   Section        0  am_util_delay.o(i.am_util_delay_us)
    i.am_util_faultisr_collect_data          0x0000e3c0   Section        0  am_util_faultisr.o(i.am_util_faultisr_collect_data)
    i.am_util_stdio_printf                   0x0000e478   Section        0  am_util_stdio.o(i.am_util_stdio_printf)
    i.am_util_stdio_printf_init              0x0000e4b4   Section        0  am_util_stdio.o(i.am_util_stdio_printf_init)
    i.am_util_stdio_terminal_clear           0x0000e4c0   Section        0  am_util_stdio.o(i.am_util_stdio_terminal_clear)
    i.am_util_stdio_vsprintf                 0x0000e4e0   Section        0  am_util_stdio.o(i.am_util_stdio_vsprintf)
    i.decstr_to_int                          0x0000e894   Section        0  am_util_stdio.o(i.decstr_to_int)
    decstr_to_int                            0x0000e895   Thumb Code    66  am_util_stdio.o(i.decstr_to_int)
    i.divu64_10                              0x0000e8d6   Section        0  am_util_stdio.o(i.divu64_10)
    divu64_10                                0x0000e8d7   Thumb Code   204  am_util_stdio.o(i.divu64_10)
    i.error_handler                          0x0000e9a4   Section        0  main.o(i.error_handler)
    i.ftoa                                   0x0000e9b0   Section        0  am_util_stdio.o(i.ftoa)
    ftoa                                     0x0000e9b1   Thumb Code   370  am_util_stdio.o(i.ftoa)
    i.hal_gpio_get_value                     0x0000eb28   Section        0  smtc_hal_gpio.o(i.hal_gpio_get_value)
    i.hal_gpio_init_in                       0x0000eb3c   Section        0  smtc_hal_gpio.o(i.hal_gpio_init_in)
    i.hal_gpio_init_out                      0x0000ec28   Section        0  smtc_hal_gpio.o(i.hal_gpio_init_out)
    i.hal_gpio_irq_attach                    0x0000ec48   Section        0  smtc_hal_gpio.o(i.hal_gpio_irq_attach)
    i.hal_gpio_set_value                     0x0000ec5c   Section        0  smtc_hal_gpio.o(i.hal_gpio_set_value)
    i.hal_mcu_init                           0x0000ec6c   Section        0  smtc_hal_mcu.o(i.hal_mcu_init)
    i.hal_mcu_wait_us                        0x0000ec98   Section        0  smtc_hal_mcu.o(i.hal_mcu_wait_us)
    i.hal_spi_in_out                         0x0000eca4   Section        0  smtc_hal_spi.o(i.hal_spi_in_out)
    i.hal_spi_init                           0x0000ed00   Section        0  smtc_hal_spi.o(i.hal_spi_init)
    i.init_rak3183_led                       0x0000eda0   Section        0  main.o(i.init_rak3183_led)
    i.internal_iom_reset_on_error            0x0000edb4   Section        0  am_hal_iom.o(i.internal_iom_reset_on_error)
    internal_iom_reset_on_error              0x0000edb5   Thumb Code   318  am_hal_iom.o(i.internal_iom_reset_on_error)
    i.main                                   0x0000eef8   Section        0  main.o(i.main)
    i.ndigits_in_hex                         0x0000f000   Section        0  am_util_stdio.o(i.ndigits_in_hex)
    ndigits_in_hex                           0x0000f001   Thumb Code    52  am_util_stdio.o(i.ndigits_in_hex)
    i.ndigits_in_i64                         0x0000f034   Section        0  am_util_stdio.o(i.ndigits_in_i64)
    ndigits_in_i64                           0x0000f035   Thumb Code    36  am_util_stdio.o(i.ndigits_in_i64)
    i.ndigits_in_u64                         0x0000f058   Section        0  am_util_stdio.o(i.ndigits_in_u64)
    ndigits_in_u64                           0x0000f059   Thumb Code    58  am_util_stdio.o(i.ndigits_in_u64)
    i.padbuffer                              0x0000f092   Section        0  am_util_stdio.o(i.padbuffer)
    padbuffer                                0x0000f093   Thumb Code    34  am_util_stdio.o(i.padbuffer)
    i.read_nonblocking                       0x0000f0b4   Section        0  am_hal_uart.o(i.read_nonblocking)
    read_nonblocking                         0x0000f0b5   Thumb Code   288  am_hal_uart.o(i.read_nonblocking)
    i.simple_strlen                          0x0000f1dc   Section        0  am_util_stdio.o(i.simple_strlen)
    simple_strlen                            0x0000f1dd   Thumb Code    24  am_util_stdio.o(i.simple_strlen)
    i.sx128x_hal_check_device_ready          0x0000f1f4   Section        0  sx128x_hal.o(i.sx128x_hal_check_device_ready)
    sx128x_hal_check_device_ready            0x0000f1f5   Thumb Code    42  sx128x_hal.o(i.sx128x_hal_check_device_ready)
    i.sx128x_hal_read                        0x0000f224   Section        0  sx128x_hal.o(i.sx128x_hal_read)
    i.sx128x_hal_reset                       0x0000f27c   Section        0  sx128x_hal.o(i.sx128x_hal_reset)
    i.sx128x_hal_wait_on_busy                0x0000f2b0   Section        0  sx128x_hal.o(i.sx128x_hal_wait_on_busy)
    sx128x_hal_wait_on_busy                  0x0000f2b1   Thumb Code    16  sx128x_hal.o(i.sx128x_hal_wait_on_busy)
    i.sx128x_hal_wakeup                      0x0000f2c0   Section        0  sx128x_hal.o(i.sx128x_hal_wakeup)
    i.sx128x_hal_write                       0x0000f2cc   Section        0  sx128x_hal.o(i.sx128x_hal_write)
    i.sx128x_read_register                   0x0000f338   Section        0  sx128x.o(i.sx128x_read_register)
    i.sx128x_write_register                  0x0000f36c   Section        0  sx128x.o(i.sx128x_write_register)
    i.test_radio                             0x0000f3a0   Section        0  tx_rx_test.o(i.test_radio)
    i.uart_print                             0x0000f434   Section        0  main.o(i.uart_print)
    i.uint64_to_hexstr                       0x0000f488   Section        0  am_util_stdio.o(i.uint64_to_hexstr)
    uint64_to_hexstr                         0x0000f489   Thumb Code   138  am_util_stdio.o(i.uint64_to_hexstr)
    i.uint64_to_str                          0x0000f512   Section        0  am_util_stdio.o(i.uint64_to_str)
    uint64_to_str                            0x0000f513   Thumb Code   112  am_util_stdio.o(i.uint64_to_str)
    i.validate_transaction                   0x0000f584   Section        0  am_hal_iom.o(i.validate_transaction)
    i.write_nonblocking                      0x0000f604   Section        0  am_hal_uart.o(i.write_nonblocking)
    write_nonblocking                        0x0000f605   Thumb Code   268  am_hal_uart.o(i.write_nonblocking)
    x$fpl$d2f                                0x0000f714   Section       98  d2f.o(x$fpl$d2f)
    $v0                                      0x0000f714   Number         0  d2f.o(x$fpl$d2f)
    x$fpl$dnaninf                            0x0000f776   Section      156  dnaninf.o(x$fpl$dnaninf)
    $v0                                      0x0000f776   Number         0  dnaninf.o(x$fpl$dnaninf)
    x$fpl$fpinit                             0x0000f812   Section       10  fpinit.o(x$fpl$fpinit)
    $v0                                      0x0000f812   Number         0  fpinit.o(x$fpl$fpinit)
    x$fpl$fretinf                            0x0000f81c   Section       10  fretinf.o(x$fpl$fretinf)
    $v0                                      0x0000f81c   Number         0  fretinf.o(x$fpl$fretinf)
    x$fpl$usenofp                            0x0000f826   Section        0  usenofp.o(x$fpl$usenofp)
    .constdata                               0x0000f828   Section       40  main.o(.constdata)
    .constdata                               0x0000f850   Section       52  smtc_hal_spi.o(.constdata)
    .constdata                               0x0000f884   Section        4  smtc_hal_gpio.o(.constdata)
    .constdata                               0x0000f888   Section        3  am_hal_cachectrl.o(.constdata)
    .constdata                               0x0000f88c   Section      354  am_hal_gpio.o(.constdata)
    g_ui8Inpen                               0x0000f890   Data          50  am_hal_gpio.o(.constdata)
    g_ui8Bit76Capabilities                   0x0000f8c2   Data          50  am_hal_gpio.o(.constdata)
    g_ui8nCEpins                             0x0000f8f4   Data          50  am_hal_gpio.o(.constdata)
    g_ui8NCEtable                            0x0000f926   Data         200  am_hal_gpio.o(.constdata)
    .constdata                               0x0000f9f0   Section        4  am_hal_gpio.o(.constdata)
    .constdata                               0x0000f9f4   Section      128  am_hal_mcuctrl.o(.constdata)
    .constdata                               0x0000fa74   Section      320  am_hal_cmdq.o(.constdata)
    gAmHalCmdQReg                            0x0000fa74   Data         320  am_hal_cmdq.o(.constdata)
    .constdata                               0x0000fbb4   Section      612  am_hal_pwrctrl.o(.constdata)
    .data                                    0x10000000   Section       10  main.o(.data)
    .data                                    0x1000000c   Section       24  smtc_hal_spi.o(.data)
    .data                                    0x10000024   Section        5  am_util_stdio.o(.data)
    g_bTxtXlate                              0x10000028   Data           1  am_util_stdio.o(.data)
    .data                                    0x10000029   Section        1  sx128x_hal.o(.data)
    radio_mode                               0x10000029   Data           1  sx128x_hal.o(.data)
    .data                                    0x1000002c   Section        4  am_hal_global.o(.data)
    .data                                    0x10000030   Section        4  am_hal_reset.o(.data)
    STACK                                    0x10000038   Section     4096  startup_keil.o(STACK)
    StackMem                                 0x10000038   Data           0  startup_keil.o(STACK)
    .bss                                     0x10001038   Section      256  main.o(.bss)
    .bss                                     0x10001138   Section     1024  am_util_stdio.o(.bss)
    g_prfbuf                                 0x10001138   Data        1024  am_util_stdio.o(.bss)
    .bss                                     0x10001538   Section      128  am_hal_ctimer.o(.bss)
    g_am_hal_ctimer_ppfnHandlers             0x10001538   Data         128  am_hal_ctimer.o(.bss)
    .bss                                     0x100015b8   Section      400  am_hal_gpio.o(.bss)
    gpio_ppfnHandlers                        0x100015b8   Data         200  am_hal_gpio.o(.bss)
    gpio_pHandlerCtxt                        0x10001680   Data         200  am_hal_gpio.o(.bss)
    .bss                                     0x10001748   Section    13272  am_hal_iom.o(.bss)
    .bss                                     0x10004b20   Section      208  am_hal_uart.o(.bss)
    g_am_hal_uart_states                     0x10004b20   Data         208  am_hal_uart.o(.bss)
    .bss                                     0x10004bf0   Section      352  am_hal_cmdq.o(.bss)
    gAmHalCmdq                               0x10004bf0   Data         352  am_hal_cmdq.o(.bss)
    .bss                                     0x10004d50   Section       96  libspace.o(.bss)
    HEAP                                     0x10004db0   Section        0  startup_keil.o(HEAP)
    HeapMem                                  0x10004db0   Data           0  startup_keil.o(HEAP)

    Global Symbols

    Symbol Name                              Value     Ov Type        Size  Object(Section)

    BuildAttributes$$THM_ISAv4$E$P$D$K$B$S$7EM$VFPi3$EXTD16$VFPS$VFMA$PE$A:L22UL41UL21$X:L11$S22US41US21$IEEE1$IW$USESV6$~STKCKD$USESV7$~SHL$OTIME$ROPI$IEEEJ$EBA8$UX$STANDARDLIB$REQ8$PRES8$EABIv2 0x00000000   Number         0  anon$$obj.o ABSOLUTE
    __ARM_use_no_argv                        0x00000000   Number         0  main.o ABSOLUTE
    _printf_flags                            0x00000000   Number         0  printf_stubs.o ABSOLUTE
    _printf_return_value                     0x00000000   Number         0  printf_stubs.o ABSOLUTE
    _printf_sizespec                         0x00000000   Number         0  printf_stubs.o ABSOLUTE
    _printf_widthprec                        0x00000000   Number         0  printf_stubs.o ABSOLUTE
    __ARM_exceptions_init                     - Undefined Weak Reference
    __alloca_initialize                       - Undefined Weak Reference
    __arm_preinit_                            - Undefined Weak Reference
    __cpp_initialize__aeabi_                  - Undefined Weak Reference
    __cxa_finalize                            - Undefined Weak Reference
    __sigvec_lookup                           - Undefined Weak Reference
    _atexit_init                              - Undefined Weak Reference
    _call_atexit_fns                          - Undefined Weak Reference
    _clock_init                               - Undefined Weak Reference
    _fp_trap_init                             - Undefined Weak Reference
    _fp_trap_shutdown                         - Undefined Weak Reference
    _get_lc_collate                           - Undefined Weak Reference
    _get_lc_monetary                          - Undefined Weak Reference
    _get_lc_time                              - Undefined Weak Reference
    _getenv_init                              - Undefined Weak Reference
    _handle_redirection                       - Undefined Weak Reference
    _init_alloc                               - Undefined Weak Reference
    _init_user_alloc                          - Undefined Weak Reference
    _initio                                   - Undefined Weak Reference
    _printf_mbtowc                            - Undefined Weak Reference
    _printf_wc                                - Undefined Weak Reference
    _signal_finish                            - Undefined Weak Reference
    _signal_init                              - Undefined Weak Reference
    _terminate_alloc                          - Undefined Weak Reference
    _terminate_user_alloc                     - Undefined Weak Reference
    _terminateio                              - Undefined Weak Reference
    __Vectors                                0x0000c000   Data           0  startup_keil.o(RESET)
    __Patchable                              0x0000c0c0   Data           0  startup_keil.o(RESET)
    Reset_Handler                            0x0000c101   Thumb Code    28  startup_keil.o(RESET)
    NMI_Handler                              0x0000c11f   Thumb Code     2  startup_keil.o(RESET)
    MemManage_Handler                        0x0000c121   Thumb Code     2  startup_keil.o(RESET)
    BusFault_Handler                         0x0000c123   Thumb Code     2  startup_keil.o(RESET)
    UsageFault_Handler                       0x0000c125   Thumb Code     2  startup_keil.o(RESET)
    SVC_Handler                              0x0000c127   Thumb Code     2  startup_keil.o(RESET)
    DebugMon_Handler                         0x0000c129   Thumb Code     2  startup_keil.o(RESET)
    PendSV_Handler                           0x0000c12b   Thumb Code     2  startup_keil.o(RESET)
    SysTick_Handler                          0x0000c12d   Thumb Code     2  startup_keil.o(RESET)
    am_adc_isr                               0x0000c12f   Thumb Code     0  startup_keil.o(RESET)
    am_ble_isr                               0x0000c12f   Thumb Code     0  startup_keil.o(RESET)
    am_brownout_isr                          0x0000c12f   Thumb Code     0  startup_keil.o(RESET)
    am_clkgen_isr                            0x0000c12f   Thumb Code     0  startup_keil.o(RESET)
    am_iomaster0_isr                         0x0000c12f   Thumb Code     0  startup_keil.o(RESET)
    am_iomaster1_isr                         0x0000c12f   Thumb Code     0  startup_keil.o(RESET)
    am_iomaster2_isr                         0x0000c12f   Thumb Code     0  startup_keil.o(RESET)
    am_iomaster3_isr                         0x0000c12f   Thumb Code     0  startup_keil.o(RESET)
    am_iomaster4_isr                         0x0000c12f   Thumb Code     0  startup_keil.o(RESET)
    am_iomaster5_isr                         0x0000c12f   Thumb Code     0  startup_keil.o(RESET)
    am_ioslave_acc_isr                       0x0000c12f   Thumb Code     0  startup_keil.o(RESET)
    am_ioslave_ios_isr                       0x0000c12f   Thumb Code     0  startup_keil.o(RESET)
    am_mspi0_isr                             0x0000c12f   Thumb Code     0  startup_keil.o(RESET)
    am_pdm0_isr                              0x0000c12f   Thumb Code     0  startup_keil.o(RESET)
    am_rtc_isr                               0x0000c12f   Thumb Code     0  startup_keil.o(RESET)
    am_scard_isr                             0x0000c12f   Thumb Code     0  startup_keil.o(RESET)
    am_software0_isr                         0x0000c12f   Thumb Code     0  startup_keil.o(RESET)
    am_stimer_cmpr0_isr                      0x0000c12f   Thumb Code     0  startup_keil.o(RESET)
    am_stimer_cmpr1_isr                      0x0000c12f   Thumb Code     0  startup_keil.o(RESET)
    am_stimer_cmpr2_isr                      0x0000c12f   Thumb Code     0  startup_keil.o(RESET)
    am_stimer_cmpr3_isr                      0x0000c12f   Thumb Code     0  startup_keil.o(RESET)
    am_stimer_cmpr4_isr                      0x0000c12f   Thumb Code     0  startup_keil.o(RESET)
    am_stimer_cmpr5_isr                      0x0000c12f   Thumb Code     0  startup_keil.o(RESET)
    am_stimer_cmpr6_isr                      0x0000c12f   Thumb Code     0  startup_keil.o(RESET)
    am_stimer_cmpr7_isr                      0x0000c12f   Thumb Code     0  startup_keil.o(RESET)
    am_stimer_isr                            0x0000c12f   Thumb Code     0  startup_keil.o(RESET)
    am_uart0_isr                             0x0000c12f   Thumb Code     0  startup_keil.o(RESET)
    am_uart1_isr                             0x0000c12f   Thumb Code     0  startup_keil.o(RESET)
    am_vcomp_isr                             0x0000c12f   Thumb Code     0  startup_keil.o(RESET)
    am_watchdog_isr                          0x0000c12f   Thumb Code     0  startup_keil.o(RESET)
    __main                                   0x0000c135   Thumb Code     8  __main.o(!!!main)
    __scatterload                            0x0000c13d   Thumb Code     0  __scatter.o(!!!scatter)
    __scatterload_rt2                        0x0000c13d   Thumb Code    44  __scatter.o(!!!scatter)
    __scatterload_rt2_thumb_only             0x0000c13d   Thumb Code     0  __scatter.o(!!!scatter)
    __scatterload_null                       0x0000c14b   Thumb Code     0  __scatter.o(!!!scatter)
    __scatterload_copy                       0x0000c171   Thumb Code    26  __scatter_copy.o(!!handler_copy)
    __scatterload_zeroinit                   0x0000c18d   Thumb Code    28  __scatter_zi.o(!!handler_zi)
    __rt_lib_init                            0x0000c1a9   Thumb Code     0  libinit.o(.ARM.Collect$$libinit$$00000000)
    __rt_lib_init_fp_1                       0x0000c1ab   Thumb Code     0  libinit2.o(.ARM.Collect$$libinit$$00000001)
    __rt_lib_init_alloca_1                   0x0000c1af   Thumb Code     0  libinit2.o(.ARM.Collect$$libinit$$0000002E)
    __rt_lib_init_argv_1                     0x0000c1af   Thumb Code     0  libinit2.o(.ARM.Collect$$libinit$$0000002C)
    __rt_lib_init_atexit_1                   0x0000c1af   Thumb Code     0  libinit2.o(.ARM.Collect$$libinit$$0000001B)
    __rt_lib_init_clock_1                    0x0000c1af   Thumb Code     0  libinit2.o(.ARM.Collect$$libinit$$00000021)
    __rt_lib_init_cpp_1                      0x0000c1af   Thumb Code     0  libinit2.o(.ARM.Collect$$libinit$$00000032)
    __rt_lib_init_exceptions_1               0x0000c1af   Thumb Code     0  libinit2.o(.ARM.Collect$$libinit$$00000030)
    __rt_lib_init_fp_trap_1                  0x0000c1af   Thumb Code     0  libinit2.o(.ARM.Collect$$libinit$$0000001F)
    __rt_lib_init_getenv_1                   0x0000c1af   Thumb Code     0  libinit2.o(.ARM.Collect$$libinit$$00000023)
    __rt_lib_init_heap_1                     0x0000c1af   Thumb Code     0  libinit2.o(.ARM.Collect$$libinit$$0000000A)
    __rt_lib_init_lc_collate_1               0x0000c1af   Thumb Code     0  libinit2.o(.ARM.Collect$$libinit$$00000011)
    __rt_lib_init_lc_ctype_1                 0x0000c1af   Thumb Code     0  libinit2.o(.ARM.Collect$$libinit$$00000013)
    __rt_lib_init_lc_monetary_1              0x0000c1af   Thumb Code     0  libinit2.o(.ARM.Collect$$libinit$$00000015)
    __rt_lib_init_lc_numeric_1               0x0000c1af   Thumb Code     0  libinit2.o(.ARM.Collect$$libinit$$00000017)
    __rt_lib_init_lc_time_1                  0x0000c1af   Thumb Code     0  libinit2.o(.ARM.Collect$$libinit$$00000019)
    __rt_lib_init_preinit_1                  0x0000c1af   Thumb Code     0  libinit2.o(.ARM.Collect$$libinit$$00000004)
    __rt_lib_init_rand_1                     0x0000c1af   Thumb Code     0  libinit2.o(.ARM.Collect$$libinit$$0000000E)
    __rt_lib_init_return                     0x0000c1af   Thumb Code     0  libinit2.o(.ARM.Collect$$libinit$$00000033)
    __rt_lib_init_signal_1                   0x0000c1af   Thumb Code     0  libinit2.o(.ARM.Collect$$libinit$$0000001D)
    __rt_lib_init_stdio_1                    0x0000c1af   Thumb Code     0  libinit2.o(.ARM.Collect$$libinit$$00000025)
    __rt_lib_init_user_alloc_1               0x0000c1af   Thumb Code     0  libinit2.o(.ARM.Collect$$libinit$$0000000C)
    __rt_lib_shutdown                        0x0000c1b1   Thumb Code     0  libshutdown.o(.ARM.Collect$$libshutdown$$00000000)
    __rt_lib_shutdown_cpp_1                  0x0000c1b3   Thumb Code     0  libshutdown2.o(.ARM.Collect$$libshutdown$$00000002)
    __rt_lib_shutdown_fp_trap_1              0x0000c1b3   Thumb Code     0  libshutdown2.o(.ARM.Collect$$libshutdown$$00000007)
    __rt_lib_shutdown_heap_1                 0x0000c1b3   Thumb Code     0  libshutdown2.o(.ARM.Collect$$libshutdown$$0000000F)
    __rt_lib_shutdown_return                 0x0000c1b3   Thumb Code     0  libshutdown2.o(.ARM.Collect$$libshutdown$$00000010)
    __rt_lib_shutdown_signal_1               0x0000c1b3   Thumb Code     0  libshutdown2.o(.ARM.Collect$$libshutdown$$0000000A)
    __rt_lib_shutdown_stdio_1                0x0000c1b3   Thumb Code     0  libshutdown2.o(.ARM.Collect$$libshutdown$$00000004)
    __rt_lib_shutdown_user_alloc_1           0x0000c1b3   Thumb Code     0  libshutdown2.o(.ARM.Collect$$libshutdown$$0000000C)
    __rt_entry                               0x0000c1b5   Thumb Code     0  __rtentry.o(.ARM.Collect$$rtentry$$00000000)
    __rt_entry_presh_1                       0x0000c1b5   Thumb Code     0  __rtentry2.o(.ARM.Collect$$rtentry$$00000002)
    __rt_entry_sh                            0x0000c1b5   Thumb Code     0  __rtentry4.o(.ARM.Collect$$rtentry$$00000004)
    __rt_entry_li                            0x0000c1bb   Thumb Code     0  __rtentry2.o(.ARM.Collect$$rtentry$$0000000A)
    __rt_entry_postsh_1                      0x0000c1bb   Thumb Code     0  __rtentry2.o(.ARM.Collect$$rtentry$$00000009)
    __rt_entry_main                          0x0000c1bf   Thumb Code     0  __rtentry2.o(.ARM.Collect$$rtentry$$0000000D)
    __rt_entry_postli_1                      0x0000c1bf   Thumb Code     0  __rtentry2.o(.ARM.Collect$$rtentry$$0000000C)
    __rt_exit                                0x0000c1c7   Thumb Code     0  rtexit.o(.ARM.Collect$$rtexit$$00000000)
    __rt_exit_ls                             0x0000c1c9   Thumb Code     0  rtexit2.o(.ARM.Collect$$rtexit$$00000003)
    __rt_exit_prels_1                        0x0000c1c9   Thumb Code     0  rtexit2.o(.ARM.Collect$$rtexit$$00000002)
    __rt_exit_exit                           0x0000c1cd   Thumb Code     0  rtexit2.o(.ARM.Collect$$rtexit$$00000004)
    HardFault_Handler                        0x0000c1d5   Thumb Code    26  am_util_faultisr.o(.emb_text)
    getStackedReg                            0x0000c1ef   Thumb Code     8  am_util_faultisr.o(.emb_text)
    am_hal_interrupt_master_enable           0x0000c1f9   Thumb Code     8  am_hal_interrupt.o(.emb_text)
    am_hal_interrupt_master_disable          0x0000c201   Thumb Code     8  am_hal_interrupt.o(.emb_text)
    am_hal_interrupt_master_set              0x0000c209   Thumb Code     6  am_hal_interrupt.o(.emb_text)
    __user_initial_stackheap                 0x0000c211   Thumb Code    10  startup_keil.o(.text)
    __aeabi_llsl                             0x0000c229   Thumb Code     0  llshl.o(.text)
    _ll_shift_l                              0x0000c229   Thumb Code    38  llshl.o(.text)
    __aeabi_llsr                             0x0000c24f   Thumb Code     0  llushr.o(.text)
    _ll_ushift_r                             0x0000c24f   Thumb Code    38  llushr.o(.text)
    __aeabi_memcpy4                          0x0000c275   Thumb Code     0  rt_memcpy_w.o(.text)
    __aeabi_memcpy8                          0x0000c275   Thumb Code     0  rt_memcpy_w.o(.text)
    __rt_memcpy_w                            0x0000c275   Thumb Code   100  rt_memcpy_w.o(.text)
    _memcpy_lastbytes_aligned                0x0000c2bd   Thumb Code     0  rt_memcpy_w.o(.text)
    __aeabi_memclr4                          0x0000c2d9   Thumb Code     0  rt_memclr_w.o(.text)
    __aeabi_memclr8                          0x0000c2d9   Thumb Code     0  rt_memclr_w.o(.text)
    __rt_memclr_w                            0x0000c2d9   Thumb Code    78  rt_memclr_w.o(.text)
    _memset_w                                0x0000c2dd   Thumb Code     0  rt_memclr_w.o(.text)
    __use_two_region_memory                  0x0000c327   Thumb Code     2  heapauxi.o(.text)
    __rt_heap_escrow$2region                 0x0000c329   Thumb Code     2  heapauxi.o(.text)
    __rt_heap_expand$2region                 0x0000c32b   Thumb Code     2  heapauxi.o(.text)
    __user_setup_stackheap                   0x0000c32d   Thumb Code    74  sys_stackheap_outer.o(.text)
    exit                                     0x0000c377   Thumb Code    18  exit.o(.text)
    __user_libspace                          0x0000c389   Thumb Code     8  libspace.o(.text)
    __user_perproc_libspace                  0x0000c389   Thumb Code     0  libspace.o(.text)
    __user_perthread_libspace                0x0000c389   Thumb Code     0  libspace.o(.text)
    __I$use$semihosting                      0x0000c391   Thumb Code     0  use_no_semi.o(.text)
    __use_no_semihosting_swi                 0x0000c391   Thumb Code     2  use_no_semi.o(.text)
    __semihosting_library_function           0x0000c393   Thumb Code     0  indicate_semi.o(.text)
    _sys_exit                                0x0000c395   Thumb Code     8  sys_exit.o(.text)
    am_ctimer_isr                            0x0000c3ed   Thumb Code    24  smtc_hal_lp_timer.o(i.am_ctimer_isr)
    am_gpio_isr                              0x0000c405   Thumb Code    28  smtc_hal_gpio.o(i.am_gpio_isr)
    am_hal_cachectrl_config                  0x0000c421   Thumb Code    70  am_hal_cachectrl.o(i.am_hal_cachectrl_config)
    am_hal_cachectrl_enable                  0x0000c46d   Thumb Code    14  am_hal_cachectrl.o(i.am_hal_cachectrl_enable)
    am_hal_clkgen_control                    0x0000c481   Thumb Code   236  am_hal_clkgen.o(i.am_hal_clkgen_control)
    am_hal_clkgen_status_get                 0x0000c57d   Thumb Code    44  am_hal_clkgen.o(i.am_hal_clkgen_status_get)
    am_hal_cmdq_disable                      0x0000c5b1   Thumb Code    60  am_hal_cmdq.o(i.am_hal_cmdq_disable)
    am_hal_cmdq_enable                       0x0000c5f1   Thumb Code    60  am_hal_cmdq.o(i.am_hal_cmdq_enable)
    am_hal_cmdq_init                         0x0000c631   Thumb Code   226  am_hal_cmdq.o(i.am_hal_cmdq_init)
    am_hal_ctimer_int_clear                  0x0000c721   Thumb Code    26  am_hal_ctimer.o(i.am_hal_ctimer_int_clear)
    am_hal_ctimer_int_service                0x0000c741   Thumb Code    46  am_hal_ctimer.o(i.am_hal_ctimer_int_service)
    am_hal_ctimer_int_status_get             0x0000c775   Thumb Code    44  am_hal_ctimer.o(i.am_hal_ctimer_int_status_get)
    am_hal_flash_delay                       0x0000c7a5   Thumb Code    30  am_hal_flash.o(i.am_hal_flash_delay)
    am_hal_flash_delay_status_check          0x0000c7c9   Thumb Code    86  am_hal_flash.o(i.am_hal_flash_delay_status_check)
    am_hal_gpio_interrupt_clear              0x0000c825   Thumb Code    46  am_hal_gpio.o(i.am_hal_gpio_interrupt_clear)
    am_hal_gpio_interrupt_enable             0x0000c859   Thumb Code    58  am_hal_gpio.o(i.am_hal_gpio_interrupt_enable)
    am_hal_gpio_interrupt_register           0x0000c899   Thumb Code    26  am_hal_gpio.o(i.am_hal_gpio_interrupt_register)
    am_hal_gpio_interrupt_service            0x0000c8b9   Thumb Code   140  am_hal_gpio.o(i.am_hal_gpio_interrupt_service)
    am_hal_gpio_interrupt_status_get         0x0000c949   Thumb Code    80  am_hal_gpio.o(i.am_hal_gpio_interrupt_status_get)
    am_hal_gpio_pinconfig                    0x0000c99d   Thumb Code   586  am_hal_gpio.o(i.am_hal_gpio_pinconfig)
    am_hal_gpio_state_read                   0x0000cc1d   Thumb Code    90  am_hal_gpio.o(i.am_hal_gpio_state_read)
    am_hal_gpio_state_write                  0x0000cc77   Thumb Code   128  am_hal_gpio.o(i.am_hal_gpio_state_write)
    am_hal_iom_configure                     0x0000ccf9   Thumb Code   630  am_hal_iom.o(i.am_hal_iom_configure)
    am_hal_iom_enable                        0x0000cfa1   Thumb Code   248  am_hal_iom.o(i.am_hal_iom_enable)
    am_hal_iom_initialize                    0x0000d0a1   Thumb Code    76  am_hal_iom.o(i.am_hal_iom_initialize)
    am_hal_iom_power_ctrl                    0x0000d0f5   Thumb Code   768  am_hal_iom.o(i.am_hal_iom_power_ctrl)
    am_hal_iom_spi_blocking_fullduplex       0x0000d3fd   Thumb Code   652  am_hal_iom.o(i.am_hal_iom_spi_blocking_fullduplex)
    am_hal_mcuctrl_info_get                  0x0000d6a1   Thumb Code   278  am_hal_mcuctrl.o(i.am_hal_mcuctrl_info_get)
    am_hal_pwrctrl_periph_disable            0x0000d7d9   Thumb Code   180  am_hal_pwrctrl.o(i.am_hal_pwrctrl_periph_disable)
    am_hal_pwrctrl_periph_enable             0x0000d895   Thumb Code   104  am_hal_pwrctrl.o(i.am_hal_pwrctrl_periph_enable)
    am_hal_queue_init                        0x0000d905   Thumb Code    22  am_hal_queue.o(i.am_hal_queue_init)
    am_hal_queue_item_add                    0x0000d91b   Thumb Code   164  am_hal_queue.o(i.am_hal_queue_item_add)
    am_hal_queue_item_get                    0x0000d9bf   Thumb Code   152  am_hal_queue.o(i.am_hal_queue_item_get)
    am_hal_uart_configure                    0x0000da59   Thumb Code   588  am_hal_uart.o(i.am_hal_uart_configure)
    am_hal_uart_control                      0x0000dcc9   Thumb Code    34  am_hal_uart.o(i.am_hal_uart_control)
    am_hal_uart_initialize                   0x0000dced   Thumb Code    76  am_hal_uart.o(i.am_hal_uart_initialize)
    am_hal_uart_interrupt_clear              0x0000dd41   Thumb Code    44  am_hal_uart.o(i.am_hal_uart_interrupt_clear)
    am_hal_uart_interrupt_service            0x0000dd71   Thumb Code   356  am_hal_uart.o(i.am_hal_uart_interrupt_service)
    am_hal_uart_interrupt_status_get         0x0000dedd   Thumb Code    56  am_hal_uart.o(i.am_hal_uart_interrupt_status_get)
    am_hal_uart_power_control                0x0000df19   Thumb Code   256  am_hal_uart.o(i.am_hal_uart_power_control)
    am_hal_uart_transfer                     0x0000e01d   Thumb Code   844  am_hal_uart.o(i.am_hal_uart_transfer)
    am_uart_isr                              0x0000e371   Thumb Code    38  main.o(i.am_uart_isr)
    am_util_delay_us                         0x0000e39d   Thumb Code    30  am_util_delay.o(i.am_util_delay_us)
    am_util_faultisr_collect_data            0x0000e3c1   Thumb Code   180  am_util_faultisr.o(i.am_util_faultisr_collect_data)
    am_util_stdio_printf                     0x0000e479   Thumb Code    50  am_util_stdio.o(i.am_util_stdio_printf)
    am_util_stdio_printf_init                0x0000e4b5   Thumb Code     6  am_util_stdio.o(i.am_util_stdio_printf_init)
    am_util_stdio_terminal_clear             0x0000e4c1   Thumb Code    10  am_util_stdio.o(i.am_util_stdio_terminal_clear)
    am_util_stdio_vsprintf                   0x0000e4e1   Thumb Code   932  am_util_stdio.o(i.am_util_stdio_vsprintf)
    error_handler                            0x0000e9a5   Thumb Code     8  main.o(i.error_handler)
    hal_gpio_get_value                       0x0000eb29   Thumb Code    18  smtc_hal_gpio.o(i.hal_gpio_get_value)
    hal_gpio_init_in                         0x0000eb3d   Thumb Code   230  smtc_hal_gpio.o(i.hal_gpio_init_in)
    hal_gpio_init_out                        0x0000ec29   Thumb Code    26  smtc_hal_gpio.o(i.hal_gpio_init_out)
    hal_gpio_irq_attach                      0x0000ec49   Thumb Code    20  smtc_hal_gpio.o(i.hal_gpio_irq_attach)
    hal_gpio_set_value                       0x0000ec5d   Thumb Code    16  smtc_hal_gpio.o(i.hal_gpio_set_value)
    hal_mcu_init                             0x0000ec6d   Thumb Code    44  smtc_hal_mcu.o(i.hal_mcu_init)
    hal_mcu_wait_us                          0x0000ec99   Thumb Code    12  smtc_hal_mcu.o(i.hal_mcu_wait_us)
    hal_spi_in_out                           0x0000eca5   Thumb Code    58  smtc_hal_spi.o(i.hal_spi_in_out)
    hal_spi_init                             0x0000ed01   Thumb Code   114  smtc_hal_spi.o(i.hal_spi_init)
    init_rak3183_led                         0x0000eda1   Thumb Code    20  main.o(i.init_rak3183_led)
    main                                     0x0000eef9   Thumb Code   230  main.o(i.main)
    sx128x_hal_read                          0x0000f225   Thumb Code    86  sx128x_hal.o(i.sx128x_hal_read)
    sx128x_hal_reset                         0x0000f27d   Thumb Code    46  sx128x_hal.o(i.sx128x_hal_reset)
    sx128x_hal_wakeup                        0x0000f2c1   Thumb Code    12  sx128x_hal.o(i.sx128x_hal_wakeup)
    sx128x_hal_write                         0x0000f2cd   Thumb Code   102  sx128x_hal.o(i.sx128x_hal_write)
    sx128x_read_register                     0x0000f339   Thumb Code    48  sx128x.o(i.sx128x_read_register)
    sx128x_write_register                    0x0000f36d   Thumb Code    48  sx128x.o(i.sx128x_write_register)
    test_radio                               0x0000f3a1   Thumb Code   116  tx_rx_test.o(i.test_radio)
    uart_print                               0x0000f435   Thumb Code    80  main.o(i.uart_print)
    validate_transaction                     0x0000f585   Thumb Code   122  am_hal_iom.o(i.validate_transaction)
    __aeabi_d2f                              0x0000f715   Thumb Code     0  d2f.o(x$fpl$d2f)
    _d2f                                     0x0000f715   Thumb Code    98  d2f.o(x$fpl$d2f)
    __fpl_dnaninf                            0x0000f777   Thumb Code   156  dnaninf.o(x$fpl$dnaninf)
    _fp_init                                 0x0000f813   Thumb Code    10  fpinit.o(x$fpl$fpinit)
    __fplib_config_fpu_vfp                   0x0000f81b   Thumb Code     0  fpinit.o(x$fpl$fpinit)
    __fplib_config_pureend_doubles           0x0000f81b   Thumb Code     0  fpinit.o(x$fpl$fpinit)
    __fpl_fretinf                            0x0000f81d   Thumb Code    10  fretinf.o(x$fpl$fretinf)
    __I$use$fp                               0x0000f826   Number         0  usenofp.o(x$fpl$usenofp)
    g_sUartConfig                            0x0000f828   Data          40  main.o(.constdata)
    am_hal_cachectrl_defaults                0x0000f888   Data           3  am_hal_cachectrl.o(.constdata)
    g_AM_HAL_GPIO_DISABLE                    0x0000f88c   Data           4  am_hal_gpio.o(.constdata)
    g_AM_HAL_GPIO_OUTPUT                     0x0000f9f0   Data           4  am_hal_gpio.o(.constdata)
    g_am_hal_mcuctrl_flash_size              0x0000f9f4   Data          64  am_hal_mcuctrl.o(.constdata)
    g_am_hal_mcuctrl_sram_size               0x0000fa34   Data          64  am_hal_mcuctrl.o(.constdata)
    am_hal_pwrctrl_peripheral_control        0x0000fbb4   Data         180  am_hal_pwrctrl.o(.constdata)
    am_hal_pwrctrl_memory_control            0x0000fc68   Data         432  am_hal_pwrctrl.o(.constdata)
    Region$$Table$$Base                      0x0000fe18   Number         0  anon$$obj.o(Region$$Table)
    Region$$Table$$Limit                     0x0000fe38   Number         0  anon$$obj.o(Region$$Table)
    phUART                                   0x10000000   Data           4  main.o(.data)
    ui32LastError                            0x10000004   Data           4  main.o(.data)
    g_pui8RxBuffer                           0x10000008   Data           2  main.o(.data)
    iom1_pphandle                            0x1000000c   Data           4  smtc_hal_spi.o(.data)
    IOM0Config                               0x10000010   Data          20  smtc_hal_spi.o(.data)
    g_pfnCharPrint                           0x10000024   Data           4  am_util_stdio.o(.data)
    g_ui32HALflags                           0x1000002c   Data           4  am_hal_global.o(.data)
    gAmHalResetStatus                        0x10000030   Data           4  am_hal_reset.o(.data)
    g_pui8TxBuffer                           0x10001038   Data         256  main.o(.bss)
    g_IOMhandles                             0x10001748   Data       13272  am_hal_iom.o(.bss)
    __libspace_start                         0x10004d50   Data          96  libspace.o(.bss)
    __temporary_stack_top$libspace           0x10004db0   Data           0  libspace.o(.bss)



==============================================================================

Memory Map of the image

  Image Entry point : 0x0000c135

  Load Region LR_1 (Base: 0x0000c000, Size: 0x00003e6c, Max: 0xffffffff, ABSOLUTE)

    Execution Region FLASH (Exec base: 0x0000c000, Load base: 0x0000c000, Size: 0x00003e38, Max: 0x000f4000, ABSOLUTE)

    Exec Addr    Load Addr    Size         Type   Attr      Idx    E Section Name        Object

    0x0000c000   0x0000c000   0x00000134   Code   RO         1065    RESET               startup_keil.o
    0x0000c134   0x0000c134   0x00000008   Code   RO         8419  * !!!main             c_w.l(__main.o)
    0x0000c13c   0x0000c13c   0x00000034   Code   RO         8750    !!!scatter          c_w.l(__scatter.o)
    0x0000c170   0x0000c170   0x0000001a   Code   RO         8752    !!handler_copy      c_w.l(__scatter_copy.o)
    0x0000c18a   0x0000c18a   0x00000002   PAD
    0x0000c18c   0x0000c18c   0x0000001c   Code   RO         8754    !!handler_zi        c_w.l(__scatter_zi.o)
    0x0000c1a8   0x0000c1a8   0x00000002   Code   RO         8666    .ARM.Collect$$libinit$$00000000  c_w.l(libinit.o)
    0x0000c1aa   0x0000c1aa   0x00000004   Code   RO         8521    .ARM.Collect$$libinit$$00000001  c_w.l(libinit2.o)
    0x0000c1ae   0x0000c1ae   0x00000000   Code   RO         8524    .ARM.Collect$$libinit$$00000004  c_w.l(libinit2.o)
    0x0000c1ae   0x0000c1ae   0x00000000   Code   RO         8527    .ARM.Collect$$libinit$$0000000A  c_w.l(libinit2.o)
    0x0000c1ae   0x0000c1ae   0x00000000   Code   RO         8529    .ARM.Collect$$libinit$$0000000C  c_w.l(libinit2.o)
    0x0000c1ae   0x0000c1ae   0x00000000   Code   RO         8531    .ARM.Collect$$libinit$$0000000E  c_w.l(libinit2.o)
    0x0000c1ae   0x0000c1ae   0x00000000   Code   RO         8534    .ARM.Collect$$libinit$$00000011  c_w.l(libinit2.o)
    0x0000c1ae   0x0000c1ae   0x00000000   Code   RO         8536    .ARM.Collect$$libinit$$00000013  c_w.l(libinit2.o)
    0x0000c1ae   0x0000c1ae   0x00000000   Code   RO         8538    .ARM.Collect$$libinit$$00000015  c_w.l(libinit2.o)
    0x0000c1ae   0x0000c1ae   0x00000000   Code   RO         8540    .ARM.Collect$$libinit$$00000017  c_w.l(libinit2.o)
    0x0000c1ae   0x0000c1ae   0x00000000   Code   RO         8542    .ARM.Collect$$libinit$$00000019  c_w.l(libinit2.o)
    0x0000c1ae   0x0000c1ae   0x00000000   Code   RO         8544    .ARM.Collect$$libinit$$0000001B  c_w.l(libinit2.o)
    0x0000c1ae   0x0000c1ae   0x00000000   Code   RO         8546    .ARM.Collect$$libinit$$0000001D  c_w.l(libinit2.o)
    0x0000c1ae   0x0000c1ae   0x00000000   Code   RO         8548    .ARM.Collect$$libinit$$0000001F  c_w.l(libinit2.o)
    0x0000c1ae   0x0000c1ae   0x00000000   Code   RO         8550    .ARM.Collect$$libinit$$00000021  c_w.l(libinit2.o)
    0x0000c1ae   0x0000c1ae   0x00000000   Code   RO         8552    .ARM.Collect$$libinit$$00000023  c_w.l(libinit2.o)
    0x0000c1ae   0x0000c1ae   0x00000000   Code   RO         8554    .ARM.Collect$$libinit$$00000025  c_w.l(libinit2.o)
    0x0000c1ae   0x0000c1ae   0x00000000   Code   RO         8558    .ARM.Collect$$libinit$$0000002C  c_w.l(libinit2.o)
    0x0000c1ae   0x0000c1ae   0x00000000   Code   RO         8560    .ARM.Collect$$libinit$$0000002E  c_w.l(libinit2.o)
    0x0000c1ae   0x0000c1ae   0x00000000   Code   RO         8562    .ARM.Collect$$libinit$$00000030  c_w.l(libinit2.o)
    0x0000c1ae   0x0000c1ae   0x00000000   Code   RO         8564    .ARM.Collect$$libinit$$00000032  c_w.l(libinit2.o)
    0x0000c1ae   0x0000c1ae   0x00000002   Code   RO         8565    .ARM.Collect$$libinit$$00000033  c_w.l(libinit2.o)
    0x0000c1b0   0x0000c1b0   0x00000002   Code   RO         8711    .ARM.Collect$$libshutdown$$00000000  c_w.l(libshutdown.o)
    0x0000c1b2   0x0000c1b2   0x00000000   Code   RO         8717    .ARM.Collect$$libshutdown$$00000002  c_w.l(libshutdown2.o)
    0x0000c1b2   0x0000c1b2   0x00000000   Code   RO         8719    .ARM.Collect$$libshutdown$$00000004  c_w.l(libshutdown2.o)
    0x0000c1b2   0x0000c1b2   0x00000000   Code   RO         8722    .ARM.Collect$$libshutdown$$00000007  c_w.l(libshutdown2.o)
    0x0000c1b2   0x0000c1b2   0x00000000   Code   RO         8725    .ARM.Collect$$libshutdown$$0000000A  c_w.l(libshutdown2.o)
    0x0000c1b2   0x0000c1b2   0x00000000   Code   RO         8727    .ARM.Collect$$libshutdown$$0000000C  c_w.l(libshutdown2.o)
    0x0000c1b2   0x0000c1b2   0x00000000   Code   RO         8730    .ARM.Collect$$libshutdown$$0000000F  c_w.l(libshutdown2.o)
    0x0000c1b2   0x0000c1b2   0x00000002   Code   RO         8731    .ARM.Collect$$libshutdown$$00000010  c_w.l(libshutdown2.o)
    0x0000c1b4   0x0000c1b4   0x00000000   Code   RO         8429    .ARM.Collect$$rtentry$$00000000  c_w.l(__rtentry.o)
    0x0000c1b4   0x0000c1b4   0x00000000   Code   RO         8580    .ARM.Collect$$rtentry$$00000002  c_w.l(__rtentry2.o)
    0x0000c1b4   0x0000c1b4   0x00000006   Code   RO         8592    .ARM.Collect$$rtentry$$00000004  c_w.l(__rtentry4.o)
    0x0000c1ba   0x0000c1ba   0x00000000   Code   RO         8582    .ARM.Collect$$rtentry$$00000009  c_w.l(__rtentry2.o)
    0x0000c1ba   0x0000c1ba   0x00000004   Code   RO         8583    .ARM.Collect$$rtentry$$0000000A  c_w.l(__rtentry2.o)
    0x0000c1be   0x0000c1be   0x00000000   Code   RO         8585    .ARM.Collect$$rtentry$$0000000C  c_w.l(__rtentry2.o)
    0x0000c1be   0x0000c1be   0x00000008   Code   RO         8586    .ARM.Collect$$rtentry$$0000000D  c_w.l(__rtentry2.o)
    0x0000c1c6   0x0000c1c6   0x00000002   Code   RO         8676    .ARM.Collect$$rtexit$$00000000  c_w.l(rtexit.o)
    0x0000c1c8   0x0000c1c8   0x00000000   Code   RO         8691    .ARM.Collect$$rtexit$$00000002  c_w.l(rtexit2.o)
    0x0000c1c8   0x0000c1c8   0x00000004   Code   RO         8692    .ARM.Collect$$rtexit$$00000003  c_w.l(rtexit2.o)
    0x0000c1cc   0x0000c1cc   0x00000006   Code   RO         8693    .ARM.Collect$$rtexit$$00000004  c_w.l(rtexit2.o)
    0x0000c1d2   0x0000c1d2   0x00000002   PAD
    0x0000c1d4   0x0000c1d4   0x00000022   Code   RO          882    .emb_text           am_util_faultisr.o
    0x0000c1f6   0x0000c1f6   0x00000002   PAD
    0x0000c1f8   0x0000c1f8   0x00000016   Code   RO         8169    .emb_text           libam_hal.lib(am_hal_interrupt.o)
    0x0000c20e   0x0000c20e   0x00000002   PAD
    0x0000c210   0x0000c210   0x00000018   Code   RO         1066    .text               startup_keil.o
    0x0000c228   0x0000c228   0x00000026   Code   RO         8392    .text               c_w.l(llshl.o)
    0x0000c24e   0x0000c24e   0x00000026   Code   RO         8394    .text               c_w.l(llushr.o)
    0x0000c274   0x0000c274   0x00000064   Code   RO         8407    .text               c_w.l(rt_memcpy_w.o)
    0x0000c2d8   0x0000c2d8   0x0000004e   Code   RO         8413    .text               c_w.l(rt_memclr_w.o)
    0x0000c326   0x0000c326   0x00000006   Code   RO         8417    .text               c_w.l(heapauxi.o)
    0x0000c32c   0x0000c32c   0x0000004a   Code   RO         8616    .text               c_w.l(sys_stackheap_outer.o)
    0x0000c376   0x0000c376   0x00000012   Code   RO         8655    .text               c_w.l(exit.o)
    0x0000c388   0x0000c388   0x00000008   Code   RO         8673    .text               c_w.l(libspace.o)
    0x0000c390   0x0000c390   0x00000002   Code   RO         8687    .text               c_w.l(use_no_semi.o)
    0x0000c392   0x0000c392   0x00000000   Code   RO         8689    .text               c_w.l(indicate_semi.o)
    0x0000c392   0x0000c392   0x00000002   PAD
    0x0000c394   0x0000c394   0x0000000c   Code   RO         8703    .text               c_w.l(sys_exit.o)
    0x0000c3a0   0x0000c3a0   0x00000022   Code   RO          341    i.__NVIC_EnableIRQ  smtc_hal_gpio.o
    0x0000c3c2   0x0000c3c2   0x00000002   PAD
    0x0000c3c4   0x0000c3c4   0x00000028   Code   RO          342    i.__NVIC_SetPriority  smtc_hal_gpio.o
    0x0000c3ec   0x0000c3ec   0x00000018   Code   RO          456    i.am_ctimer_isr     smtc_hal_lp_timer.o
    0x0000c404   0x0000c404   0x0000001c   Code   RO          343    i.am_gpio_isr       smtc_hal_gpio.o
    0x0000c420   0x0000c420   0x0000004c   Code   RO         7952    i.am_hal_cachectrl_config  libam_hal.lib(am_hal_cachectrl.o)
    0x0000c46c   0x0000c46c   0x00000014   Code   RO         7955    i.am_hal_cachectrl_enable  libam_hal.lib(am_hal_cachectrl.o)
    0x0000c480   0x0000c480   0x000000fc   Code   RO         7970    i.am_hal_clkgen_control  libam_hal.lib(am_hal_clkgen.o)
    0x0000c57c   0x0000c57c   0x00000034   Code   RO         7976    i.am_hal_clkgen_status_get  libam_hal.lib(am_hal_clkgen.o)
    0x0000c5b0   0x0000c5b0   0x00000040   Code   RO         8297    i.am_hal_cmdq_disable  libam_hal.lib(am_hal_cmdq.o)
    0x0000c5f0   0x0000c5f0   0x00000040   Code   RO         8298    i.am_hal_cmdq_enable  libam_hal.lib(am_hal_cmdq.o)
    0x0000c630   0x0000c630   0x000000f0   Code   RO         8301    i.am_hal_cmdq_init  libam_hal.lib(am_hal_cmdq.o)
    0x0000c720   0x0000c720   0x00000020   Code   RO         8002    i.am_hal_ctimer_int_clear  libam_hal.lib(am_hal_ctimer.o)
    0x0000c740   0x0000c740   0x00000034   Code   RO         8007    i.am_hal_ctimer_int_service  libam_hal.lib(am_hal_ctimer.o)
    0x0000c774   0x0000c774   0x00000030   Code   RO         8009    i.am_hal_ctimer_int_status_get  libam_hal.lib(am_hal_ctimer.o)
    0x0000c7a4   0x0000c7a4   0x00000024   Code   RO         8054    i.am_hal_flash_delay  libam_hal.lib(am_hal_flash.o)
    0x0000c7c8   0x0000c7c8   0x0000005c   Code   RO         8056    i.am_hal_flash_delay_status_check  libam_hal.lib(am_hal_flash.o)
    0x0000c824   0x0000c824   0x00000034   Code   RO         8124    i.am_hal_gpio_interrupt_clear  libam_hal.lib(am_hal_gpio.o)
    0x0000c858   0x0000c858   0x00000040   Code   RO         8126    i.am_hal_gpio_interrupt_enable  libam_hal.lib(am_hal_gpio.o)
    0x0000c898   0x0000c898   0x00000020   Code   RO         8127    i.am_hal_gpio_interrupt_register  libam_hal.lib(am_hal_gpio.o)
    0x0000c8b8   0x0000c8b8   0x00000090   Code   RO         8129    i.am_hal_gpio_interrupt_service  libam_hal.lib(am_hal_gpio.o)
    0x0000c948   0x0000c948   0x00000054   Code   RO         8130    i.am_hal_gpio_interrupt_status_get  libam_hal.lib(am_hal_gpio.o)
    0x0000c99c   0x0000c99c   0x00000280   Code   RO         8133    i.am_hal_gpio_pinconfig  libam_hal.lib(am_hal_gpio.o)
    0x0000cc1c   0x0000cc1c   0x0000005a   Code   RO         8134    i.am_hal_gpio_state_read  libam_hal.lib(am_hal_gpio.o)
    0x0000cc76   0x0000cc76   0x00000080   Code   RO         8135    i.am_hal_gpio_state_write  libam_hal.lib(am_hal_gpio.o)
    0x0000ccf6   0x0000ccf6   0x00000002   PAD
    0x0000ccf8   0x0000ccf8   0x000002a8   Code   RO         8183    i.am_hal_iom_configure  libam_hal.lib(am_hal_iom.o)
    0x0000cfa0   0x0000cfa0   0x00000100   Code   RO         8186    i.am_hal_iom_enable  libam_hal.lib(am_hal_iom.o)
    0x0000d0a0   0x0000d0a0   0x00000054   Code   RO         8188    i.am_hal_iom_initialize  libam_hal.lib(am_hal_iom.o)
    0x0000d0f4   0x0000d0f4   0x00000308   Code   RO         8195    i.am_hal_iom_power_ctrl  libam_hal.lib(am_hal_iom.o)
    0x0000d3fc   0x0000d3fc   0x000002a4   Code   RO         8196    i.am_hal_iom_spi_blocking_fullduplex  libam_hal.lib(am_hal_iom.o)
    0x0000d6a0   0x0000d6a0   0x00000138   Code   RO         8241    i.am_hal_mcuctrl_info_get  libam_hal.lib(am_hal_mcuctrl.o)
    0x0000d7d8   0x0000d7d8   0x000000bc   Code   RO         8341    i.am_hal_pwrctrl_periph_disable  libam_hal.lib(am_hal_pwrctrl.o)
    0x0000d894   0x0000d894   0x00000070   Code   RO         8342    i.am_hal_pwrctrl_periph_enable  libam_hal.lib(am_hal_pwrctrl.o)
    0x0000d904   0x0000d904   0x00000016   Code   RO         8360    i.am_hal_queue_init  libam_hal.lib(am_hal_queue.o)
    0x0000d91a   0x0000d91a   0x000000a4   Code   RO         8361    i.am_hal_queue_item_add  libam_hal.lib(am_hal_queue.o)
    0x0000d9be   0x0000d9be   0x00000098   Code   RO         8362    i.am_hal_queue_item_get  libam_hal.lib(am_hal_queue.o)
    0x0000da56   0x0000da56   0x00000002   PAD
    0x0000da58   0x0000da58   0x00000270   Code   RO         8253    i.am_hal_uart_configure  libam_hal.lib(am_hal_uart.o)
    0x0000dcc8   0x0000dcc8   0x00000022   Code   RO         8254    i.am_hal_uart_control  libam_hal.lib(am_hal_uart.o)
    0x0000dcea   0x0000dcea   0x00000002   PAD
    0x0000dcec   0x0000dcec   0x00000054   Code   RO         8259    i.am_hal_uart_initialize  libam_hal.lib(am_hal_uart.o)
    0x0000dd40   0x0000dd40   0x00000030   Code   RO         8260    i.am_hal_uart_interrupt_clear  libam_hal.lib(am_hal_uart.o)
    0x0000dd70   0x0000dd70   0x0000016c   Code   RO         8264    i.am_hal_uart_interrupt_service  libam_hal.lib(am_hal_uart.o)
    0x0000dedc   0x0000dedc   0x0000003c   Code   RO         8265    i.am_hal_uart_interrupt_status_get  libam_hal.lib(am_hal_uart.o)
    0x0000df18   0x0000df18   0x00000104   Code   RO         8266    i.am_hal_uart_power_control  libam_hal.lib(am_hal_uart.o)
    0x0000e01c   0x0000e01c   0x00000354   Code   RO         8267    i.am_hal_uart_transfer  libam_hal.lib(am_hal_uart.o)
    0x0000e370   0x0000e370   0x0000002c   Code   RO            4    i.am_uart_isr       main.o
    0x0000e39c   0x0000e39c   0x00000024   Code   RO          845    i.am_util_delay_us  am_util_delay.o
    0x0000e3c0   0x0000e3c0   0x000000b8   Code   RO          883    i.am_util_faultisr_collect_data  am_util_faultisr.o
    0x0000e478   0x0000e478   0x0000003c   Code   RO          943    i.am_util_stdio_printf  am_util_stdio.o
    0x0000e4b4   0x0000e4b4   0x0000000c   Code   RO          944    i.am_util_stdio_printf_init  am_util_stdio.o
    0x0000e4c0   0x0000e4c0   0x00000020   Code   RO          948    i.am_util_stdio_terminal_clear  am_util_stdio.o
    0x0000e4e0   0x0000e4e0   0x000003b4   Code   RO          952    i.am_util_stdio_vsprintf  am_util_stdio.o
    0x0000e894   0x0000e894   0x00000042   Code   RO          953    i.decstr_to_int     am_util_stdio.o
    0x0000e8d6   0x0000e8d6   0x000000cc   Code   RO          954    i.divu64_10         am_util_stdio.o
    0x0000e9a2   0x0000e9a2   0x00000002   PAD
    0x0000e9a4   0x0000e9a4   0x0000000c   Code   RO            5    i.error_handler     main.o
    0x0000e9b0   0x0000e9b0   0x00000178   Code   RO          955    i.ftoa              am_util_stdio.o
    0x0000eb28   0x0000eb28   0x00000012   Code   RO          345    i.hal_gpio_get_value  smtc_hal_gpio.o
    0x0000eb3a   0x0000eb3a   0x00000002   PAD
    0x0000eb3c   0x0000eb3c   0x000000ec   Code   RO          346    i.hal_gpio_init_in  smtc_hal_gpio.o
    0x0000ec28   0x0000ec28   0x00000020   Code   RO          347    i.hal_gpio_init_out  smtc_hal_gpio.o
    0x0000ec48   0x0000ec48   0x00000014   Code   RO          348    i.hal_gpio_irq_attach  smtc_hal_gpio.o
    0x0000ec5c   0x0000ec5c   0x00000010   Code   RO          352    i.hal_gpio_set_value  smtc_hal_gpio.o
    0x0000ec6c   0x0000ec6c   0x0000002c   Code   RO          697    i.hal_mcu_init      smtc_hal_mcu.o
    0x0000ec98   0x0000ec98   0x0000000c   Code   RO          700    i.hal_mcu_wait_us   smtc_hal_mcu.o
    0x0000eca4   0x0000eca4   0x0000005c   Code   RO          289    i.hal_spi_in_out    smtc_hal_spi.o
    0x0000ed00   0x0000ed00   0x000000a0   Code   RO          290    i.hal_spi_init      smtc_hal_spi.o
    0x0000eda0   0x0000eda0   0x00000014   Code   RO            6    i.init_rak3183_led  main.o
    0x0000edb4   0x0000edb4   0x00000144   Code   RO         8200    i.internal_iom_reset_on_error  libam_hal.lib(am_hal_iom.o)
    0x0000eef8   0x0000eef8   0x00000108   Code   RO            7    i.main              main.o
    0x0000f000   0x0000f000   0x00000034   Code   RO          956    i.ndigits_in_hex    am_util_stdio.o
    0x0000f034   0x0000f034   0x00000024   Code   RO          957    i.ndigits_in_i64    am_util_stdio.o
    0x0000f058   0x0000f058   0x0000003a   Code   RO          958    i.ndigits_in_u64    am_util_stdio.o
    0x0000f092   0x0000f092   0x00000022   Code   RO          959    i.padbuffer         am_util_stdio.o
    0x0000f0b4   0x0000f0b4   0x00000128   Code   RO         8269    i.read_nonblocking  libam_hal.lib(am_hal_uart.o)
    0x0000f1dc   0x0000f1dc   0x00000018   Code   RO          960    i.simple_strlen     am_util_stdio.o
    0x0000f1f4   0x0000f1f4   0x00000030   Code   RO         1103    i.sx128x_hal_check_device_ready  sx128x_hal.o
    0x0000f224   0x0000f224   0x00000056   Code   RO         1104    i.sx128x_hal_read   sx128x_hal.o
    0x0000f27a   0x0000f27a   0x00000002   PAD
    0x0000f27c   0x0000f27c   0x00000034   Code   RO         1105    i.sx128x_hal_reset  sx128x_hal.o
    0x0000f2b0   0x0000f2b0   0x00000010   Code   RO         1106    i.sx128x_hal_wait_on_busy  sx128x_hal.o
    0x0000f2c0   0x0000f2c0   0x0000000c   Code   RO         1107    i.sx128x_hal_wakeup  sx128x_hal.o
    0x0000f2cc   0x0000f2cc   0x0000006c   Code   RO         1108    i.sx128x_hal_write  sx128x_hal.o
    0x0000f338   0x0000f338   0x00000034   Code   RO         2316    i.sx128x_read_register  sx128x.o
    0x0000f36c   0x0000f36c   0x00000034   Code   RO         2366    i.sx128x_write_register  sx128x.o
    0x0000f3a0   0x0000f3a0   0x00000094   Code   RO          786    i.test_radio        tx_rx_test.o
    0x0000f434   0x0000f434   0x00000054   Code   RO            8    i.uart_print        main.o
    0x0000f488   0x0000f488   0x0000008a   Code   RO          961    i.uint64_to_hexstr  am_util_stdio.o
    0x0000f512   0x0000f512   0x00000070   Code   RO          962    i.uint64_to_str     am_util_stdio.o
    0x0000f582   0x0000f582   0x00000002   PAD
    0x0000f584   0x0000f584   0x00000080   Code   RO         8204    i.validate_transaction  libam_hal.lib(am_hal_iom.o)
    0x0000f604   0x0000f604   0x00000110   Code   RO         8270    i.write_nonblocking  libam_hal.lib(am_hal_uart.o)
    0x0000f714   0x0000f714   0x00000062   Code   RO         8421    x$fpl$d2f           fz_wm.l(d2f.o)
    0x0000f776   0x0000f776   0x0000009c   Code   RO         8566    x$fpl$dnaninf       fz_wm.l(dnaninf.o)
    0x0000f812   0x0000f812   0x0000000a   Code   RO         8614    x$fpl$fpinit        fz_wm.l(fpinit.o)
    0x0000f81c   0x0000f81c   0x0000000a   Code   RO         8568    x$fpl$fretinf       fz_wm.l(fretinf.o)
    0x0000f826   0x0000f826   0x00000000   Code   RO         8578    x$fpl$usenofp       fz_wm.l(usenofp.o)
    0x0000f826   0x0000f826   0x00000002   PAD
    0x0000f828   0x0000f828   0x00000028   Data   RO           10    .constdata          main.o
    0x0000f850   0x0000f850   0x00000034   Data   RO          291    .constdata          smtc_hal_spi.o
    0x0000f884   0x0000f884   0x00000004   Data   RO          353    .constdata          smtc_hal_gpio.o
    0x0000f888   0x0000f888   0x00000003   Data   RO         7957    .constdata          libam_hal.lib(am_hal_cachectrl.o)
    0x0000f88b   0x0000f88b   0x00000001   PAD
    0x0000f88c   0x0000f88c   0x00000162   Data   RO         8137    .constdata          libam_hal.lib(am_hal_gpio.o)
    0x0000f9ee   0x0000f9ee   0x00000002   PAD
    0x0000f9f0   0x0000f9f0   0x00000004   Data   RO         8145    .constdata          libam_hal.lib(am_hal_gpio.o)
    0x0000f9f4   0x0000f9f4   0x00000080   Data   RO         8243    .constdata          libam_hal.lib(am_hal_mcuctrl.o)
    0x0000fa74   0x0000fa74   0x00000140   Data   RO         8309    .constdata          libam_hal.lib(am_hal_cmdq.o)
    0x0000fbb4   0x0000fbb4   0x00000264   Data   RO         8344    .constdata          libam_hal.lib(am_hal_pwrctrl.o)
    0x0000fe18   0x0000fe18   0x00000020   Data   RO         8748    Region$$Table       anon$$obj.o


    Execution Region SRAM (Exec base: 0x10000000, Load base: 0x0000fe38, Size: 0x00004db0, Max: 0x00060000, ABSOLUTE)

    Exec Addr    Load Addr    Size         Type   Attr      Idx    E Section Name        Object

    0x10000000   0x0000fe38   0x0000000a   Data   RW           11    .data               main.o
    0x1000000a   0x0000fe42   0x00000002   PAD
    0x1000000c   0x0000fe44   0x00000018   Data   RW          292    .data               smtc_hal_spi.o
    0x10000024   0x0000fe5c   0x00000005   Data   RW          964    .data               am_util_stdio.o
    0x10000029   0x0000fe61   0x00000001   Data   RW         1109    .data               sx128x_hal.o
    0x1000002a   0x0000fe62   0x00000002   PAD
    0x1000002c   0x0000fe64   0x00000004   Data   RW         7944    .data               libam_hal.lib(am_hal_global.o)
    0x10000030   0x0000fe68   0x00000004   Data   RW         8379    .data               libam_hal.lib(am_hal_reset.o)
    0x10000034   0x0000fe6c   0x00000004   PAD
    0x10000038        -       0x00001000   Zero   RW         1063    STACK               startup_keil.o
    0x10001038        -       0x00000100   Zero   RW            9    .bss                main.o
    0x10001138        -       0x00000400   Zero   RW          963    .bss                am_util_stdio.o
    0x10001538        -       0x00000080   Zero   RW         8015    .bss                libam_hal.lib(am_hal_ctimer.o)
    0x100015b8        -       0x00000190   Zero   RW         8136    .bss                libam_hal.lib(am_hal_gpio.o)
    0x10001748        -       0x000033d8   Zero   RW         8205    .bss                libam_hal.lib(am_hal_iom.o)
    0x10004b20        -       0x000000d0   Zero   RW         8271    .bss                libam_hal.lib(am_hal_uart.o)
    0x10004bf0        -       0x00000160   Zero   RW         8308    .bss                libam_hal.lib(am_hal_cmdq.o)
    0x10004d50        -       0x00000060   Zero   RW         8674    .bss                c_w.l(libspace.o)
    0x10004db0        -       0x00000000   Zero   RW         1064    HEAP                startup_keil.o


==============================================================================

Image component sizes


      Code (inc. data)   RO Data    RW Data    ZI Data      Debug   Object Name

        36          6          0          0          0        719   am_util_delay.o
       218          4          0          0          0       2168   am_util_faultisr.o
      2152         60          0          5       1024      13528   am_util_stdio.o
       424         48         40         10        256     507431   main.o
         0          0          0          0          0      12088   ral_sx128x_bsp.o
       424         20          4          0          0      13177   smtc_hal_gpio.o
        24          0          0          0          0        580   smtc_hal_lp_timer.o
        56          0          0          0          0       2021   smtc_hal_mcu.o
       252         80         52         24          0       8751   smtc_hal_spi.o
       332        274          0          0       4096       1332   startup_keil.o
       104          8          0          0          0       6079   sx128x.o
       322         18          0          1          0       5864   sx128x_hal.o
       148         32          0          0          0        613   tx_rx_test.o

    ----------------------------------------------------------------------
      4504        550        128         44       5376     574351   Object Totals
         0          0         32          0          0          0   (incl. Generated)
        12          0          0          4          0          0   (incl. Padding)

    ----------------------------------------------------------------------

      Code (inc. data)   RO Data    RW Data    ZI Data      Debug   Library Member Name

         8          0          0          0          0         68   __main.o
         0          0          0          0          0          0   __rtentry.o
        12          0          0          0          0          0   __rtentry2.o
         6          0          0          0          0          0   __rtentry4.o
        52          8          0          0          0          0   __scatter.o
        26          0          0          0          0          0   __scatter_copy.o
        28          0          0          0          0          0   __scatter_zi.o
        18          0          0          0          0         80   exit.o
         6          0          0          0          0        152   heapauxi.o
         0          0          0          0          0          0   indicate_semi.o
         2          0          0          0          0          0   libinit.o
         6          0          0          0          0          0   libinit2.o
         2          0          0          0          0          0   libshutdown.o
         2          0          0          0          0          0   libshutdown2.o
         8          4          0          0         96         68   libspace.o
        38          0          0          0          0         68   llshl.o
        38          0          0          0          0         68   llushr.o
        78          0          0          0          0         80   rt_memclr_w.o
       100          0          0          0          0         80   rt_memcpy_w.o
         2          0          0          0          0          0   rtexit.o
        10          0          0          0          0          0   rtexit2.o
        12          4          0          0          0         68   sys_exit.o
        74          0          0          0          0         80   sys_stackheap_outer.o
         2          0          0          0          0         68   use_no_semi.o
        98          4          0          0          0        140   d2f.o
       156          4          0          0          0        140   dnaninf.o
        10          0          0          0          0        116   fpinit.o
        10          0          0          0          0        116   fretinf.o
         0          0          0          0          0          0   usenofp.o
        96         12          3          0          0        244   am_hal_cachectrl.o
       304         34          0          0          0        240   am_hal_clkgen.o
       368         22        320          0        352        372   am_hal_cmdq.o
       132         16          0          0        128        388   am_hal_ctimer.o
       128         12          0          0          0        252   am_hal_flash.o
         0          0          0          4          0          0   am_hal_global.o
      1234         86        358          0        400       1072   am_hal_gpio.o
        22          0          0          0          0        148   am_hal_interrupt.o
      2924        110          0          0      13272       1000   am_hal_iom.o
       312         34        128          0          0        116   am_hal_mcuctrl.o
       300         16        612          0          0        272   am_hal_pwrctrl.o
       338          0          0          0          0        380   am_hal_queue.o
         0          0          0          4          0          0   am_hal_reset.o
      2894         84          0          0        208       1392   am_hal_uart.o

    ----------------------------------------------------------------------
      9872        450       1424          8      14460       7268   Library Totals
        16          0          3          0          4          0   (incl. Padding)

    ----------------------------------------------------------------------

      Code (inc. data)   RO Data    RW Data    ZI Data      Debug   Library Name

       530         16          0          0         96        880   c_w.l
       274          8          0          0          0        512   fz_wm.l
      9052        426       1421          8      14360       5876   libam_hal.lib

    ----------------------------------------------------------------------
      9872        450       1424          8      14460       7268   Library Totals

    ----------------------------------------------------------------------

==============================================================================


      Code (inc. data)   RO Data    RW Data    ZI Data      Debug   

     14376       1000       1552         52      19836     572655   Grand Totals
     14376       1000       1552         52      19836     572655   ELF Image Totals
     14376       1000       1552         52          0          0   ROM Totals

==============================================================================

    Total RO  Size (Code + RO Data)                15928 (  15.55kB)
    Total RW  Size (RW Data + ZI Data)             19888 (  19.42kB)
    Total ROM Size (Code + RO Data + RW Data)      15980 (  15.61kB)

==============================================================================

