Component: ARM Compiler 5.06 update 6 (build 750) Tool: armlink [4d35ed]

==============================================================================

Section Cross References

    main.o(i.am_uart_isr) refers to am_hal_uart.o(i.am_hal_uart_interrupt_status_get) for am_hal_uart_interrupt_status_get
    main.o(i.am_uart_isr) refers to am_hal_uart.o(i.am_hal_uart_interrupt_clear) for am_hal_uart_interrupt_clear
    main.o(i.am_uart_isr) refers to am_hal_uart.o(i.am_hal_uart_interrupt_service) for am_hal_uart_interrupt_service
    main.o(i.am_uart_isr) refers to main.o(.data) for phUART
    main.o(i.error_handler) refers to main.o(.data) for ui32LastError
    main.o(i.init_rak3183_led) refers to smtc_hal_gpio.o(i.hal_gpio_init_out) for hal_gpio_init_out
    main.o(i.main) refers to am_hal_clkgen.o(i.am_hal_clkgen_control) for am_hal_clkgen_control
    main.o(i.main) refers to am_hal_cachectrl.o(i.am_hal_cachectrl_config) for am_hal_cachectrl_config
    main.o(i.main) refers to am_hal_cachectrl.o(i.am_hal_cachectrl_enable) for am_hal_cachectrl_enable
    main.o(i.main) refers to am_hal_uart.o(i.am_hal_uart_initialize) for am_hal_uart_initialize
    main.o(i.main) refers to main.o(i.error_handler) for error_handler
    main.o(i.main) refers to am_hal_uart.o(i.am_hal_uart_power_control) for am_hal_uart_power_control
    main.o(i.main) refers to am_hal_uart.o(i.am_hal_uart_control) for am_hal_uart_control
    main.o(i.main) refers to am_hal_uart.o(i.am_hal_uart_configure) for am_hal_uart_configure
    main.o(i.main) refers to am_hal_gpio.o(i.am_hal_gpio_pinconfig) for am_hal_gpio_pinconfig
    main.o(i.main) refers to am_hal_interrupt.o(.emb_text) for am_hal_interrupt_master_enable
    main.o(i.main) refers to am_util_stdio.o(i.am_util_stdio_printf_init) for am_util_stdio_printf_init
    main.o(i.main) refers to am_util_stdio.o(i.am_util_stdio_terminal_clear) for am_util_stdio_terminal_clear
    main.o(i.main) refers to am_util_stdio.o(i.am_util_stdio_printf) for am_util_stdio_printf
    main.o(i.main) refers to main.o(i.init_rak3183_led) for init_rak3183_led
    main.o(i.main) refers to tx_rx_test.o(i.test_radio) for test_radio
    main.o(i.main) refers to smtc_modem.o(i.smtc_modem_run_engine) for smtc_modem_run_engine
    main.o(i.main) refers to am_hal_cachectrl.o(.constdata) for am_hal_cachectrl_defaults
    main.o(i.main) refers to main.o(.data) for phUART
    main.o(i.main) refers to main.o(.constdata) for g_sUartConfig
    main.o(i.main) refers to main.o(i.uart_print) for uart_print
    main.o(i.uart_print) refers to rt_memcpy_w.o(.text) for __aeabi_memcpy4
    main.o(i.uart_print) refers to am_hal_uart.o(i.am_hal_uart_transfer) for am_hal_uart_transfer
    main.o(i.uart_print) refers to main.o(i.error_handler) for error_handler
    main.o(i.uart_print) refers to main.o(.constdata) for .constdata
    main.o(i.uart_print) refers to main.o(.data) for phUART
    main.o(.constdata) refers to main.o(.bss) for g_pui8TxBuffer
    main.o(.constdata) refers to main.o(.data) for g_pui8RxBuffer
    smtc_hal_spi.o(i.hal_spi_in_out) refers to smtc_hal_mcu.o(i.hal_mcu_disable_irq) for hal_mcu_disable_irq
    smtc_hal_spi.o(i.hal_spi_in_out) refers to rt_memcpy_w.o(.text) for __aeabi_memcpy4
    smtc_hal_spi.o(i.hal_spi_in_out) refers to am_hal_iom.o(i.am_hal_iom_spi_blocking_fullduplex) for am_hal_iom_spi_blocking_fullduplex
    smtc_hal_spi.o(i.hal_spi_in_out) refers to am_util_stdio.o(i.am_util_stdio_printf) for am_util_stdio_printf
    smtc_hal_spi.o(i.hal_spi_in_out) refers to smtc_hal_mcu.o(i.hal_mcu_enable_irq) for hal_mcu_enable_irq
    smtc_hal_spi.o(i.hal_spi_in_out) refers to smtc_hal_spi.o(.constdata) for .constdata
    smtc_hal_spi.o(i.hal_spi_in_out) refers to smtc_hal_spi.o(.data) for iom1_pphandle
    smtc_hal_spi.o(i.hal_spi_init) refers to am_hal_iom.o(i.am_hal_iom_initialize) for am_hal_iom_initialize
    smtc_hal_spi.o(i.hal_spi_init) refers to am_hal_iom.o(i.am_hal_iom_power_ctrl) for am_hal_iom_power_ctrl
    smtc_hal_spi.o(i.hal_spi_init) refers to am_hal_iom.o(i.am_hal_iom_configure) for am_hal_iom_configure
    smtc_hal_spi.o(i.hal_spi_init) refers to am_hal_iom.o(i.am_hal_iom_enable) for am_hal_iom_enable
    smtc_hal_spi.o(i.hal_spi_init) refers to am_util_stdio.o(i.am_util_stdio_printf) for am_util_stdio_printf
    smtc_hal_spi.o(i.hal_spi_init) refers to am_hal_gpio.o(i.am_hal_gpio_pinconfig) for am_hal_gpio_pinconfig
    smtc_hal_spi.o(i.hal_spi_init) refers to smtc_hal_spi.o(.data) for iom1_pphandle
    smtc_hal_spi.o(i.hal_spi_init) refers to smtc_hal_spi.o(.constdata) for .constdata
    smtc_hal_gpio.o(i.am_gpio_isr) refers to am_hal_gpio.o(i.am_hal_gpio_interrupt_status_get) for am_hal_gpio_interrupt_status_get
    smtc_hal_gpio.o(i.am_gpio_isr) refers to am_hal_gpio.o(i.am_hal_gpio_interrupt_clear) for am_hal_gpio_interrupt_clear
    smtc_hal_gpio.o(i.am_gpio_isr) refers to am_hal_gpio.o(i.am_hal_gpio_interrupt_service) for am_hal_gpio_interrupt_service
[...]
    0x00016374   0x00016374   0x00000026   Code   RO         5696    i.lr1_mac_core_get_link_check_ans  lr1mac_core.o
    0x0001639a   0x0001639a   0x00000014   Code   RO         5697    i.lr1_mac_core_get_ping_slot_info_req_status  lr1mac_core.o
    0x000163ae   0x000163ae   0x00000008   Code   RO         5699    i.lr1_mac_joined_status_get  lr1mac_core.o
    0x000163b6   0x000163b6   0x00000002   PAD
    0x000163b8   0x000163b8   0x00000040   Code   RO         5572    i.lr1_stack_mac_cmd_ans_cut  lr1mac_utilities.o
    0x000163f8   0x000163f8   0x000001c4   Code   RO         5189    i.lr1_stack_mac_cmd_parse  lr1_stack_mac_layer.o
    0x000165bc   0x000165bc   0x000000dc   Code   RO         5190    i.lr1_stack_mac_downlink_check_under_it  lr1_stack_mac_layer.o
    0x00016698   0x00016698   0x00000096   Code   RO         5191    i.lr1_stack_mac_init  lr1_stack_mac_layer.o
    0x0001672e   0x0001672e   0x00000002   PAD
    0x00016730   0x00016730   0x000002b8   Code   RO         5192    i.lr1_stack_mac_join_accept  lr1_stack_mac_layer.o
    0x000169e8   0x000169e8   0x00000208   Code   RO         5193    i.lr1_stack_mac_join_request_build  lr1_stack_mac_layer.o
    0x00016bf0   0x00016bf0   0x00000008   Code   RO         5194    i.lr1_stack_mac_radio_abort_lbt  lr1_stack_mac_layer.o
    0x00016bf8   0x00016bf8   0x00000024   Code   RO         5195    i.lr1_stack_mac_radio_busy_lbt  lr1_stack_mac_layer.o
    0x00016c1c   0x00016c1c   0x00000280   Code   RO         5196    i.lr1_stack_mac_rp_callback  lr1_stack_mac_layer.o
    0x00016e9c   0x00016e9c   0x00000470   Code   RO         5197    i.lr1_stack_mac_rx_frame_decode  lr1_stack_mac_layer.o
    0x0001730c   0x0001730c   0x000000a4   Code   RO         5198    i.lr1_stack_mac_rx_gfsk_launch_callback_for_rp  lr1_stack_mac_layer.o
    0x000173b0   0x000173b0   0x0000008c   Code   RO         5199    i.lr1_stack_mac_rx_lora_launch_callback_for_rp  lr1_stack_mac_layer.o
    0x0001743c   0x0001743c   0x00000418   Code   RO         5200    i.lr1_stack_mac_rx_radio_start  lr1_stack_mac_layer.o
    0x00017854   0x00017854   0x0000021c   Code   RO         5201    i.lr1_stack_mac_rx_timer_configure  lr1_stack_mac_layer.o
    0x00017a70   0x00017a70   0x00000068   Code   RO         5202    i.lr1_stack_mac_session_init  lr1_stack_mac_layer.o
    0x00017ad8   0x00017ad8   0x00000058   Code   RO         5203    i.lr1_stack_mac_tx_frame_build  lr1_stack_mac_layer.o
    0x00017b30   0x00017b30   0x00000188   Code   RO         5204    i.lr1_stack_mac_tx_frame_encrypt  lr1_stack_mac_layer.o
    0x00017cb8   0x00017cb8   0x000000b8   Code   RO         5205    i.lr1_stack_mac_tx_gfsk_launch_callback_for_rp  lr1_stack_mac_layer.o
    0x00017d70   0x00017d70   0x00000098   Code   RO         5206    i.lr1_stack_mac_tx_lora_launch_callback_for_rp  lr1_stack_mac_layer.o
    0x00017e08   0x00017e08   0x00000140   Code   RO         5207    i.lr1_stack_mac_tx_lr_fhss_launch_callback_for_rp  lr1_stack_mac_layer.o
    0x00017f48   0x00017f48   0x0000002a   Code   RO         5208    i.lr1_stack_mac_tx_radio_free_lbt  lr1_stack_mac_layer.o
    0x00017f72   0x00017f72   0x00000002   PAD
    0x00017f74   0x00017f74   0x000003f8   Code   RO         5209    i.lr1_stack_mac_tx_radio_start  lr1_stack_mac_layer.o
    0x0001836c   0x0001836c   0x00000358   Code   RO         5210    i.lr1_stack_mac_update  lr1_stack_mac_layer.o
    0x000186c4   0x000186c4   0x00000066   Code   RO         5211    i.lr1_stack_mac_update_tx_done  lr1_stack_mac_layer.o
    0x0001872a   0x0001872a   0x00000048   Code   RO         5214    i.lr1_stack_network_next_free_duty_cycle_ms_get  lr1_stack_mac_layer.o
    0x00018772   0x00018772   0x00000002   PAD
    0x00018774   0x00018774   0x00000214   Code   RO         5216    i.lr1_stack_toa_get  lr1_stack_mac_layer.o
    0x00018988   0x00018988   0x00000012   Code   RO         6733    i.lr1mac_class_c_enabled  lr1mac_class_c.o
    0x0001899a   0x0001899a   0x00000002   PAD
    0x0001899c   0x0001899c   0x00000098   Code   RO         6734    i.lr1mac_class_c_init  lr1mac_class_c.o
    0x00018a34   0x00018a34   0x000003f4   Code   RO         6735    i.lr1mac_class_c_launch  lr1mac_class_c.o
    0x00018e28   0x00018e28   0x00000138   Code   RO         6736    i.lr1mac_class_c_mac_downlink_check_under_it  lr1mac_class_c.o
    0x00018f60   0x00018f60   0x000002a8   Code   RO         6737    i.lr1mac_class_c_mac_rp_callback  lr1mac_class_c.o
    0x00019208   0x00019208   0x00000334   Code   RO         6738    i.lr1mac_class_c_mac_rx_frame_decode  lr1mac_class_c.o
    0x0001953c   0x0001953c   0x00000026   Code   RO         6739    i.lr1mac_class_c_rp_callback  lr1mac_class_c.o
    0x00019562   0x00019562   0x00000010   Code   RO         6740    i.lr1mac_class_c_start  lr1mac_class_c.o
    0x00019572   0x00019572   0x00000020   Code   RO         6741    i.lr1mac_class_c_stop  lr1mac_class_c.o
    0x00019592   0x00019592   0x0000002a   Code   RO         5700    i.lr1mac_core_abort  lr1mac_core.o
    0x000195bc   0x000195bc   0x00000018   Code   RO         5701    i.lr1mac_core_available_link_adr_get  lr1mac_core.o
    0x000195d4   0x000195d4   0x00000008   Code   RO         5702    i.lr1mac_core_certification_get  lr1mac_core.o
    0x000195dc   0x000195dc   0x00000012   Code   RO         5703    i.lr1mac_core_certification_set  lr1mac_core.o
    0x000195ee   0x000195ee   0x0000003c   Code   RO         5704    i.lr1mac_core_context_load  lr1mac_core.o
    0x0001962a   0x0001962a   0x0000006a   Code   RO         5705    i.lr1mac_core_context_save  lr1mac_core.o
    0x00019694   0x00019694   0x0000004a   Code   RO         5706    i.lr1mac_core_convert_rtc_to_gps_epoch_time  lr1mac_core.o
    0x000196de   0x000196de   0x00000008   Code   RO         5708    i.lr1mac_core_devnonce_get  lr1mac_core.o
    0x000196e6   0x000196e6   0x0000001c   Code   RO         5709    i.lr1mac_core_dr_custom_set  lr1mac_core.o
    0x00019702   0x00019702   0x00000008   Code   RO         5710    i.lr1mac_core_dr_strategy_get  lr1mac_core.o
    0x0001970a   0x0001970a   0x00000056   Code   RO         5711    i.lr1mac_core_dr_strategy_set  lr1mac_core.o
    0x00019760   0x00019760   0x00000008   Code   RO         5714    i.lr1mac_core_get_activation_mode  lr1mac_core.o
    0x00019768   0x00019768   0x00000010   Code   RO         5716    i.lr1mac_core_get_class_b_status  lr1mac_core.o
    0x00019778   0x00019778   0x00000008   Code   RO         5719    i.lr1mac_core_get_current_no_rx_packet_in_mobile_mode  lr1mac_core.o
    0x00019780   0x00019780   0x00000014   Code   RO         5720    i.lr1mac_core_get_lorawan_version  lr1mac_core.o
    0x00019794   0x00019794   0x00000008   Code   RO         5723    i.lr1mac_core_get_region  lr1mac_core.o
    0x0001979c   0x0001979c   0x00000008   Code   RO         5724    i.lr1mac_core_get_status_push_network_downlink_to_user  lr1mac_core.o
    0x000197a4   0x000197a4   0x00000224   Code   RO         5727    i.lr1mac_core_init  lr1mac_core.o
    0x000199c8   0x000199c8   0x00000026   Code   RO         5728    i.lr1mac_core_is_time_valid  lr1mac_core.o
    0x000199ee   0x000199ee   0x00000002   PAD
    0x000199f0   0x000199f0   0x0000013c   Code   RO         5729    i.lr1mac_core_join  lr1mac_core.o
    0x00019b2c   0x00019b2c   0x0000001e   Code   RO         5730    i.lr1mac_core_join_status_clear  lr1mac_core.o
    0x00019b4a   0x00019b4a   0x00000008   Code   RO         5731    i.lr1mac_core_last_rssi_get  lr1mac_core.o
    0x00019b52   0x00019b52   0x00000008   Code   RO         5732    i.lr1mac_core_last_snr_get  lr1mac_core.o
    0x00019b5a   0x00019b5a   0x00000008   Code   RO         5733    i.lr1mac_core_nb_reset_get  lr1mac_core.o
    0x00019b62   0x00019b62   0x00000064   Code   RO         5735    i.lr1mac_core_next_free_duty_cycle_ms_get  lr1mac_core.o
    0x00019bc6   0x00019bc6   0x00000008   Code   RO         5737    i.lr1mac_core_next_join_time_second_get  lr1mac_core.o
    0x00019bce   0x00019bce   0x0000001c   Code   RO         5738    i.lr1mac_core_next_max_payload_length_get  lr1mac_core.o
    0x00019bea   0x00019bea   0x00000002   PAD
    0x00019bec   0x00019bec   0x00000208   Code   RO         5740    i.lr1mac_core_payload_send  lr1mac_core.o
    0x00019df4   0x00019df4   0x00000768   Code   RO         5742    i.lr1mac_core_process  lr1mac_core.o
    0x0001a55c   0x0001a55c   0x00000008   Code   RO         5743    i.lr1mac_core_reset_no_rx_packet_in_mobile_mode_cnt  lr1mac_core.o
    0x0001a564   0x0001a564   0x00000008   Code   RO         5744    i.lr1mac_core_rp_get  lr1mac_core.o
    0x0001a56c   0x0001a56c   0x00000008   Code   RO         5745    i.lr1mac_core_rx_ack_bit_get  lr1mac_core.o
    0x0001a574   0x0001a574   0x000000fc   Code   RO         5748    i.lr1mac_core_send_stack_cid_req  lr1mac_core.o
    0x0001a670   0x0001a670   0x00000006   Code   RO         5749    i.lr1mac_core_set_activation_mode  lr1mac_core.o
    0x0001a676   0x0001a676   0x0000002a   Code   RO         5753    i.lr1mac_core_set_ping_slot_periodicity  lr1mac_core.o
    0x0001a6a0   0x0001a6a0   0x00000032   Code   RO         5754    i.lr1mac_core_set_region  lr1mac_core.o
    0x0001a6d2   0x0001a6d2   0x00000006   Code   RO         5755    i.lr1mac_core_set_status_push_network_downlink_to_user  lr1mac_core.o
    0x0001a6d8   0x0001a6d8   0x00000008   Code   RO         5756    i.lr1mac_core_state_get  lr1mac_core.o
    0x0001a6e0   0x0001a6e0   0x00000068   Code   RO         5573    i.lr1mac_fcnt_dwn_accept  lr1mac_utilities.o
    0x0001a748   0x0001a748   0x00000164   Code   RO         5757    i.lr1mac_mac_update  lr1mac_core.o
    0x0001a8ac   0x0001a8ac   0x000000ec   Code   RO         5574    i.lr1mac_rx_fhdr_extract  lr1mac_utilities.o
    0x0001a998   0x0001a998   0x00000084   Code   RO         5575    i.lr1mac_rx_mhdr_extract  lr1mac_utilities.o
    0x0001aa1c   0x0001aa1c   0x00000050   Code   RO         5217    i.lr1mac_rx_payload_max_size_check  lr1_stack_mac_layer.o
    0x0001aa6c   0x0001aa6c   0x00000058   Code   RO         5576    i.lr1mac_rx_payload_min_size_check  lr1mac_utilities.o
    0x0001aac4   0x0001aac4   0x0000003c   Code   RO         5577    i.lr1mac_utilities_crc  lr1mac_utilities.o
    0x0001ab00   0x0001ab00   0x00000014   Code   RO         5218    i.mac_header_set    lr1_stack_mac_layer.o
    0x0001ab14   0x0001ab14   0x00000134   Code   RO            7    i.main              main.o
    0x0001ac48   0x0001ac48   0x00000018   Code   RO         5579    i.memcpy1           lr1mac_utilities.o
    0x0001ac60   0x0001ac60   0x0000001c   Code   RO         5580    i.memcpy1_r         lr1mac_utilities.o
    0x0001ac7c   0x0001ac7c   0x00000014   Code   RO         5581    i.memset1           lr1mac_utilities.o
    0x0001ac90   0x0001ac90   0x00000284   Code   RO         4839    i.mix_sub_columns   aes.o
    0x0001af14   0x0001af14   0x00000008   Code   RO         3063    i.modem_available_new_link_adr_request  modem_context.o
    0x0001af1c   0x0001af1c   0x00000002   Code   RO         3065    i.modem_context_empty_callback  modem_context.o
    0x0001af1e   0x0001af1e   0x00000002   PAD
    0x0001af20   0x0001af20   0x00000088   Code   RO         3066    i.modem_context_factory_reset  modem_context.o
    0x0001afa8   0x0001afa8   0x0000000c   Code   RO         3068    i.modem_context_get_modem_rp  modem_context.o
    0x0001afb4   0x0001afb4   0x0000000c   Code   RO         3072    i.modem_context_get_tx_power_offset_db  modem_context.o
    0x0001afc0   0x0001afc0   0x00000160   Code   RO         3073    i.modem_context_init  modem_context.o
    0x0001b120   0x0001b120   0x0000000c   Code   RO         3074    i.modem_context_reset_dm_tag_number  modem_context.o
    0x0001b12c   0x0001b12c   0x00000014   Code   RO         3077    i.modem_context_set_appkey  modem_context.o
    0x0001b140   0x0001b140   0x0000000c   Code   RO         3078    i.modem_context_set_modem_radio_ctx  modem_context.o
    0x0001b14c   0x0001b14c   0x0000000c   Code   RO         3079    i.modem_context_set_modem_rp  modem_context.o
    0x0001b158   0x0001b158   0x00000018   Code   RO         3086    i.modem_event_init  modem_context.o
    0x0001b170   0x0001b170   0x0000000c   Code   RO         3087    i.modem_get_adr_mobile_timeout_config  modem_context.o
    0x0001b17c   0x0001b17c   0x0000000c   Code   RO         3088    i.modem_get_dm_info_bitfield_periodic  modem_context.o
    0x0001b188   0x0001b188   0x0000000c   Code   RO         3089    i.modem_get_duty_cycle_disabled_by_host  modem_context.o
    0x0001b194   0x0001b194   0x00000024   Code   RO         3090    i.modem_get_extended_callback  modem_context.o
    0x0001b1b8   0x0001b1b8   0x0000000c   Code   RO         3092    i.modem_get_test_mode_status  modem_context.o
    0x0001b1c4   0x0001b1c4   0x0000000c   Code   RO         3093    i.modem_get_user_alarm  modem_context.o
    0x0001b1d0   0x0001b1d0   0x00000024   Code   RO         3094    i.modem_leave       modem_context.o
    0x0001b1f4   0x0001b1f4   0x00000090   Code   RO         3095    i.modem_load_context  modem_context.o
    0x0001b284   0x0001b284   0x00000014   Code   RO         3097    i.modem_set_dm_info_bitfield_periodic  modem_context.o
    0x0001b298   0x0001b298   0x0000000c   Code   RO         3098    i.modem_set_duty_cycle_disabled_by_host  modem_context.o
    0x0001b2a4   0x0001b2a4   0x0000000c   Code   RO         3101    i.modem_set_test_mode_status  modem_context.o
    0x0001b2b0   0x0001b2b0   0x0000000c   Code   RO         3102    i.modem_set_user_alarm  modem_context.o
    0x0001b2bc   0x0001b2bc   0x000000d0   Code   RO         5032    i.modem_supervisor_add_task  modem_supervisor.o
    0x0001b38c   0x0001b38c   0x00000034   Code   RO         3105    i.modem_supervisor_add_task_crash_log  modem_context.o
    0x0001b3c0   0x0001b3c0   0x00000032   Code   RO         3106    i.modem_supervisor_add_task_device_time_req  modem_context.o
    0x0001b3f2   0x0001b3f2   0x00000032   Code   RO         3107    i.modem_supervisor_add_task_dm_status  modem_context.o
    0x0001b424   0x0001b424   0x00000030   Code   RO         3108    i.modem_supervisor_add_task_dm_status_now  modem_context.o
    0x0001b454   0x0001b454   0x000000a8   Code   RO         3110    i.modem_supervisor_add_task_join  modem_context.o
    0x0001b4fc   0x0001b4fc   0x00000032   Code   RO         3111    i.modem_supervisor_add_task_link_check_req  modem_context.o
    0x0001b52e   0x0001b52e   0x00000002   PAD
    0x0001b530   0x0001b530   0x00000028   Code   RO         3112    i.modem_supervisor_add_task_modem_mute  modem_context.o
    0x0001b558   0x0001b558   0x00000032   Code   RO         3113    i.modem_supervisor_add_task_ping_slot_info_req  modem_context.o
    0x0001b58a   0x0001b58a   0x00000038   Code   RO         3114    i.modem_supervisor_add_task_retrieve_dl  modem_context.o
    0x0001b5c2   0x0001b5c2   0x00000002   PAD
    0x0001b5c4   0x0001b5c4   0x00000180   Code   RO         5033    i.modem_supervisor_engine  modem_supervisor.o
    0x0001b744   0x0001b744   0x000000c8   Code   RO         5035    i.modem_supervisor_init  modem_supervisor.o
    0x0001b80c   0x0001b80c   0x00000030   Code   RO         5036    i.modem_supervisor_init_task  modem_supervisor.o
    0x0001b83c   0x0001b83c   0x000006e4   Code   RO         5037    i.modem_supervisor_launch_task  modem_supervisor.o
    0x0001bf20   0x0001bf20   0x00000078   Code   RO         5038    i.modem_supervisor_remove_task  modem_supervisor.o
    0x0001bf98   0x0001bf98   0x000000fc   Code   RO         5039    i.modem_supervisor_scheduler  modem_supervisor.o
    0x0001c094   0x0001c094   0x0000006c   Code   RO         5040    i.modem_supervisor_update_downlink_frame  modem_supervisor.o
    0x0001c100   0x0001c100   0x00000190   Code   RO         5041    i.modem_supervisor_update_task  modem_supervisor.o
    0x0001c290   0x0001c290   0x00000034   Code   RO          995    i.ndigits_in_hex    am_util_stdio.o
    0x0001c2c4   0x0001c2c4   0x00000024   Code   RO          996    i.ndigits_in_i64    am_util_stdio.o
    0x0001c2e8   0x0001c2e8   0x0000003a   Code   RO          997    i.ndigits_in_u64    am_util_stdio.o
    0x0001c322   0x0001c322   0x00000002   PAD
    0x0001c324   0x0001c324   0x00000300   Code   RO         5219    i.new_channel_parser  lr1_stack_mac_layer.o
    0x0001c624   0x0001c624   0x00000022   Code   RO          998    i.padbuffer         am_util_stdio.o
    0x0001c646   0x0001c646   0x00000002   PAD
    0x0001c648   0x0001c648   0x000001f0   Code   RO         5220    i.ping_slot_channel_req_parser  lr1_stack_mac_layer.o
    0x0001c838   0x0001c838   0x00000044   Code   RO         5221    i.ping_slot_info_ans_parser  lr1_stack_mac_layer.o
    0x0001c87c   0x0001c87c   0x000000b0   Code   RO         6912    i.ping_slot_mac_rx_lora_launch_callback_for_rp  smtc_ping_slot.o
    0x0001c92c   0x0001c92c   0x00000042   Code   RO         7200    i.prepare_b0        smtc_modem_crypto.o
    0x0001c96e   0x0001c96e   0x0000007a   Code   RO         5222    i.ral_compute_lora_ldro  lr1_stack_mac_layer.o
    0x0001c9e8   0x0001c9e8   0x0000007a   Code   RO         6742    i.ral_compute_lora_ldro  lr1mac_class_c.o
    0x0001ca62   0x0001ca62   0x0000007a   Code   RO         6913    i.ral_compute_lora_ldro  smtc_ping_slot.o
    0x0001cadc   0x0001cadc   0x0000007a   Code   RO         7040    i.ral_compute_lora_ldro  smtc_beacon_sniff.o
    0x0001cb56   0x0001cb56   0x00000014   Code   RO         5223    i.ral_get_gfsk_time_on_air_in_ms  lr1_stack_mac_layer.o
    0x0001cb6a   0x0001cb6a   0x00000014   Code   RO         5224    i.ral_get_lora_time_on_air_in_ms  lr1_stack_mac_layer.o
    0x0001cb7e   0x0001cb7e   0x0000001e   Code   RO         7299    i.ral_get_tx_consumption_in_ua  radio_planner.o
    0x0001cb9c   0x0001cb9c   0x0000000c   Code   RO         4649    i.ral_init          smtc_modem_test.o
    0x0001cba8   0x0001cba8   0x0000001e   Code   RO         5225    i.ral_lr_fhss_get_time_on_air_in_ms  lr1_stack_mac_layer.o
    0x0001cbc6   0x0001cbc6   0x00000010   Code   RO         5226    i.ral_set_dio_irq_params  lr1_stack_mac_layer.o
    0x0001cbd6   0x0001cbd6   0x00000014   Code   RO         5227    i.ral_set_pkt_payload  lr1_stack_mac_layer.o
    0x0001cbea   0x0001cbea   0x00000010   Code   RO         2266    i.ral_set_pkt_type  ralf_sx128x.o
    0x0001cbfa   0x0001cbfa   0x00000010   Code   RO         2267    i.ral_set_rf_freq   ralf_sx128x.o
    0x0001cc0a   0x0001cc0a   0x00000010   Code   RO         5228    i.ral_set_rx        lr1_stack_mac_layer.o
    0x0001cc1a   0x0001cc1a   0x00000010   Code   RO         7300    i.ral_set_sleep     radio_planner.o
    0x0001cc2a   0x0001cc2a   0x0000000c   Code   RO         5229    i.ral_set_tx        lr1_stack_mac_layer.o
    0x0001cc36   0x0001cc36   0x00000014   Code   RO         2268    i.ral_set_tx_cfg    ralf_sx128x.o
    0x0001cc4a   0x0001cc4a   0x00000006   Code   RO         1112    i.ral_sx128x_bsp_get_reg_mode  ral_sx128x_bsp.o
    0x0001cc50   0x0001cc50   0x00000048   Code   RO         1113    i.ral_sx128x_bsp_get_tx_cfg  ral_sx128x_bsp.o
    0x0001cc98   0x0001cc98   0x00000006   Code   RO         7541    i.ral_sx128x_cal_img  ral_sx128x.o
    0x0001cc9e   0x0001cc9e   0x00000006   Code   RO         7542    i.ral_sx128x_cfg_rx_boosted  ral_sx128x.o
    0x0001cca4   0x0001cca4   0x00000018   Code   RO         7543    i.ral_sx128x_clear_irq_status  ral_sx128x.o
    0x0001ccbc   0x0001ccbc   0x00000064   Code   RO         7544    i.ral_sx128x_convert_flrc_mod_params_from_ral  ral_sx128x.o
    0x0001cd20   0x0001cd20   0x000000a4   Code   RO         7545    i.ral_sx128x_convert_flrc_pkt_params_from_ral  ral_sx128x.o
    0x0001cdc4   0x0001cdc4   0x00000086   Code   RO         7546    i.ral_sx128x_convert_gfsk_mod_params_from_ral  ral_sx128x.o
    0x0001ce4a   0x0001ce4a   0x000000b8   Code   RO         7547    i.ral_sx128x_convert_gfsk_pkt_params_from_ral  ral_sx128x.o
    0x0001cf02   0x0001cf02   0x0000007e   Code   RO         7548    i.ral_sx128x_convert_irq_flags_from_ral  ral_sx128x.o
    0x0001cf80   0x0001cf80   0x00000088   Code   RO         7549    i.ral_sx128x_convert_irq_flags_to_ral  ral_sx128x.o
    0x0001d008   0x0001d008   0x00000036   Code   RO         7550    i.ral_sx128x_convert_lora_bw_from_radio  ral_sx128x.o
    0x0001d03e   0x0001d03e   0x00000046   Code   RO         7551    i.ral_sx128x_convert_lora_cr_to_ral  ral_sx128x.o
    0x0001d084   0x0001d084   0x00000064   Code   RO         7552    i.ral_sx128x_convert_lora_mod_params_from_ral  ral_sx128x.o
    0x0001d0e8   0x0001d0e8   0x00000054   Code   RO         7553    i.ral_sx128x_convert_lora_pbl_len_from_ral  ral_sx128x.o
    0x0001d13c   0x0001d13c   0x00000040   Code   RO         7554    i.ral_sx128x_convert_lora_pkt_params_from_ral  ral_sx128x.o
    0x0001d17c   0x0001d17c   0x0000002c   Code   RO         7555    i.ral_sx128x_get_and_clear_irq_status  ral_sx128x.o
    0x0001d1a8   0x0001d1a8   0x0000001c   Code   RO         7556    i.ral_sx128x_get_flrc_rx_pkt_status  ral_sx128x.o
    0x0001d1c4   0x0001d1c4   0x00000020   Code   RO         7557    i.ral_sx128x_get_flrc_time_on_air_in_ms  ral_sx128x.o
    0x0001d1e4   0x0001d1e4   0x0000000a   Code   RO         7558    i.ral_sx128x_get_gfsk_rx_consumption_in_ua  ral_sx128x.o
    0x0001d1ee   0x0001d1ee   0x0000007e   Code   RO         7559    i.ral_sx128x_get_gfsk_rx_pkt_status  ral_sx128x.o
    0x0001d26c   0x0001d26c   0x00000020   Code   RO         7560    i.ral_sx128x_get_gfsk_time_on_air_in_ms  ral_sx128x.o
    0x0001d28c   0x0001d28c   0x0000002a   Code   RO         7561    i.ral_sx128x_get_irq_status  ral_sx128x.o
    0x0001d2b6   0x0001d2b6   0x000000de   Code   RO         7562    i.ral_sx128x_get_lora_rx_consumption_in_ua  ral_sx128x.o
    0x0001d394   0x0001d394   0x00000040   Code   RO         7563    i.ral_sx128x_get_lora_rx_pkt_cr_crc  ral_sx128x.o
    0x0001d3d4   0x0001d3d4   0x0000002e   Code   RO         7564    i.ral_sx128x_get_lora_rx_pkt_status  ral_sx128x.o
    0x0001d402   0x0001d402   0x00000020   Code   RO         7565    i.ral_sx128x_get_lora_time_on_air_in_ms  ral_sx128x.o
    0x0001d422   0x0001d422   0x00000092   Code   RO         7566    i.ral_sx128x_get_pkt_payload  ral_sx128x.o
    0x0001d4b4   0x0001d4b4   0x00000040   Code   RO         7567    i.ral_sx128x_get_pkt_type  ral_sx128x.o
    0x0001d4f4   0x0001d4f4   0x00000006   Code   RO         7568    i.ral_sx128x_get_random_numbers  ral_sx128x.o
    0x0001d4fa   0x0001d4fa   0x00000010   Code   RO         7569    i.ral_sx128x_get_rssi_inst  ral_sx128x.o
    0x0001d50a   0x0001d50a   0x00000002   PAD
    0x0001d50c   0x0001d50c   0x0000007c   Code   RO         7570    i.ral_sx128x_get_tx_consumption_in_ua  ral_sx128x.o
    0x0001d588   0x0001d588   0x00000030   Code   RO         7571    i.ral_sx128x_handles_part  ral_sx128x.o
    0x0001d5b8   0x0001d5b8   0x00000018   Code   RO         7572    i.ral_sx128x_init   ral_sx128x.o
    0x0001d5d0   0x0001d5d0   0x0000000c   Code   RO         7573    i.ral_sx128x_lr_fhss_build_frame  ral_sx128x.o
    0x0001d5dc   0x0001d5dc   0x00000006   Code   RO         7574    i.ral_sx128x_lr_fhss_get_hop_sequence_count  ral_sx128x.o
    0x0001d5e2   0x0001d5e2   0x00000008   Code   RO         7575    i.ral_sx128x_lr_fhss_get_time_on_air_in_ms  ral_sx128x.o
    0x0001d5ea   0x0001d5ea   0x00000006   Code   RO         7576    i.ral_sx128x_lr_fhss_handle_hop  ral_sx128x.o
    0x0001d5f0   0x0001d5f0   0x00000006   Code   RO         7577    i.ral_sx128x_lr_fhss_handle_tx_done  ral_sx128x.o
    0x0001d5f6   0x0001d5f6   0x00000006   Code   RO         7578    i.ral_sx128x_lr_fhss_init  ral_sx128x.o
    0x0001d5fc   0x0001d5fc   0x0000000c   Code   RO         7579    i.ral_sx128x_reset  ral_sx128x.o
    0x0001d608   0x0001d608   0x00000022   Code   RO         7580    i.ral_sx128x_set_dio_irq_params  ral_sx128x.o
    0x0001d62a   0x0001d62a   0x00000010   Code   RO         7581    i.ral_sx128x_set_flrc_crc_params  ral_sx128x.o
    0x0001d63a   0x0001d63a   0x00000026   Code   RO         7582    i.ral_sx128x_set_flrc_mod_params  ral_sx128x.o
    0x0001d660   0x0001d660   0x00000028   Code   RO         7583    i.ral_sx128x_set_flrc_pkt_params  ral_sx128x.o
    0x0001d688   0x0001d688   0x0000001c   Code   RO         7584    i.ral_sx128x_set_flrc_sync_word  ral_sx128x.o
    0x0001d6a4   0x0001d6a4   0x00000006   Code   RO         7585    i.ral_sx128x_set_fs  ral_sx128x.o
    0x0001d6aa   0x0001d6aa   0x00000032   Code   RO         7586    i.ral_sx128x_set_gfsk_crc_params  ral_sx128x.o
    0x0001d6dc   0x0001d6dc   0x00000026   Code   RO         7587    i.ral_sx128x_set_gfsk_mod_params  ral_sx128x.o
    0x0001d702   0x0001d702   0x00000028   Code   RO         7588    i.ral_sx128x_set_gfsk_pkt_params  ral_sx128x.o
    0x0001d72a   0x0001d72a   0x00000016   Code   RO         7589    i.ral_sx128x_set_gfsk_sync_word  ral_sx128x.o
    0x0001d740   0x0001d740   0x00000018   Code   RO         7590    i.ral_sx128x_set_gfsk_whitening_seed  ral_sx128x.o
    0x0001d758   0x0001d758   0x0000000c   Code   RO         7591    i.ral_sx128x_set_lora_cad  ral_sx128x.o
    0x0001d764   0x0001d764   0x00000006   Code   RO         7592    i.ral_sx128x_set_lora_cad_params  ral_sx128x.o
    0x0001d76a   0x0001d76a   0x00000022   Code   RO         7593    i.ral_sx128x_set_lora_mod_params  ral_sx128x.o
    0x0001d78c   0x0001d78c   0x00000028   Code   RO         7594    i.ral_sx128x_set_lora_pkt_params  ral_sx128x.o
    0x0001d7b4   0x0001d7b4   0x00000006   Code   RO         7595    i.ral_sx128x_set_lora_symb_nb_timeout  ral_sx128x.o
    0x0001d7ba   0x0001d7ba   0x00000010   Code   RO         7596    i.ral_sx128x_set_lora_sync_word  ral_sx128x.o
    0x0001d7ca   0x0001d7ca   0x00000032   Code   RO         7597    i.ral_sx128x_set_pkt_payload  ral_sx128x.o
    0x0001d7fc   0x0001d7fc   0x0000002e   Code   RO         7598    i.ral_sx128x_set_pkt_type  ral_sx128x.o
    0x0001d82a   0x0001d82a   0x00000010   Code   RO         7599    i.ral_sx128x_set_rf_freq  ral_sx128x.o
    0x0001d83a   0x0001d83a   0x00000046   Code   RO         7600    i.ral_sx128x_set_rx  ral_sx128x.o
    0x0001d880   0x0001d880   0x00000034   Code   RO         7601    i.ral_sx128x_set_rx_duty_cycle  ral_sx128x.o
    0x0001d8b4   0x0001d8b4   0x0000002e   Code   RO         7602    i.ral_sx128x_set_rx_tx_fallback_mode  ral_sx128x.o
    0x0001d8e2   0x0001d8e2   0x00000026   Code   RO         7603    i.ral_sx128x_set_sleep  ral_sx128x.o
    0x0001d908   0x0001d908   0x00000026   Code   RO         7604    i.ral_sx128x_set_standby  ral_sx128x.o
    0x0001d92e   0x0001d92e   0x00000010   Code   RO         7605    i.ral_sx128x_set_tx  ral_sx128x.o
    0x0001d93e   0x0001d93e   0x00000028   Code   RO         7606    i.ral_sx128x_set_tx_cfg  ral_sx128x.o
    0x0001d966   0x0001d966   0x0000000c   Code   RO         7607    i.ral_sx128x_set_tx_cw  ral_sx128x.o
    0x0001d972   0x0001d972   0x0000000c   Code   RO         7608    i.ral_sx128x_set_tx_infinite_preamble  ral_sx128x.o
    0x0001d97e   0x0001d97e   0x00000006   Code   RO         7609    i.ral_sx128x_stop_timer_on_preamble  ral_sx128x.o
    0x0001d984   0x0001d984   0x0000000c   Code   RO         7610    i.ral_sx128x_wakeup  ral_sx128x.o
    0x0001d990   0x0001d990   0x00000012   Code   RO         5230    i.ralf_setup_gfsk   lr1_stack_mac_layer.o
    0x0001d9a2   0x0001d9a2   0x00000012   Code   RO         5231    i.ralf_setup_lora   lr1_stack_mac_layer.o
    0x0001d9b4   0x0001d9b4   0x00000094   Code   RO         2269    i.ralf_sx128x_setup_flrc  ralf_sx128x.o
    0x0001da48   0x0001da48   0x000000ca   Code   RO         2270    i.ralf_sx128x_setup_gfsk  ralf_sx128x.o
    0x0001db12   0x0001db12   0x0000007a   Code   RO         2271    i.ralf_sx128x_setup_lora  ralf_sx128x.o
    0x0001db8c   0x0001db8c   0x00000128   Code   RO         8300    i.read_nonblocking  libam_hal.lib(am_hal_uart.o)
    0x0001dcb4   0x0001dcb4   0x0000010c   Code   RO         2901    i.region_ww2g4_build_channel_mask  region_ww2g4.o
    0x0001ddc0   0x0001ddc0   0x000001a4   Code   RO         2902    i.region_ww2g4_config  region_ww2g4.o
    0x0001df64   0x0001df64   0x0000000c   Code   RO         2904    i.region_ww2g4_get_join_next_channel  region_ww2g4.o
    0x0001df70   0x0001df70   0x00000088   Code   RO         2905    i.region_ww2g4_get_modulation_type_from_datarate  region_ww2g4.o
    0x0001dff8   0x0001dff8   0x00000120   Code   RO         2906    i.region_ww2g4_get_next_channel  region_ww2g4.o
    0x0001e118   0x0001e118   0x0000008c   Code   RO         2907    i.region_ww2g4_init  region_ww2g4.o
    0x0001e1a4   0x0001e1a4   0x0000009c   Code   RO         2908    i.region_ww2g4_lora_dr_to_sf_bw  region_ww2g4.o
    0x0001e240   0x0001e240   0x00000064   Code   RO         2909    i.region_ww2g4_set_channel_mask  region_ww2g4.o
    0x0001e2a4   0x0001e2a4   0x00000070   Code   RO         2910    i.region_ww2g4_set_rx_config  region_ww2g4.o
    0x0001e314   0x0001e314   0x00000190   Code   RO         7301    i.rp_consumption_statistics_updated  radio_planner.o
    0x0001e4a4   0x0001e4a4   0x000000a0   Code   RO         7302    i.rp_get_and_clear_raw_radio_irq  radio_planner.o
    0x0001e544   0x0001e544   0x000000e8   Code   RO         7303    i.rp_get_pkt_payload  radio_planner.o
    0x0001e62c   0x0001e62c   0x000000a4   Code   RO         7305    i.rp_get_status     radio_planner.o
    0x0001e6d0   0x0001e6d0   0x00000008   Code   RO         7493    i.rp_hal_critical_section_begin  radio_planner_hal.o
    0x0001e6d8   0x0001e6d8   0x00000008   Code   RO         7494    i.rp_hal_critical_section_end  radio_planner_hal.o
    0x0001e6e0   0x0001e6e0   0x00000008   Code   RO         7495    i.rp_hal_get_radio_irq_timestamp_in_100us  radio_planner_hal.o
    0x0001e6e8   0x0001e6e8   0x00000008   Code   RO         7496    i.rp_hal_get_time_in_ms  radio_planner_hal.o
    0x0001e6f0   0x0001e6f0   0x00000008   Code   RO         7497    i.rp_hal_irq_clear_pending  radio_planner_hal.o
    0x0001e6f8   0x0001e6f8   0x00000014   Code   RO         7498    i.rp_hal_timer_start  radio_planner_hal.o
    0x0001e70c   0x0001e70c   0x00000008   Code   RO         7499    i.rp_hal_timer_stop  radio_planner_hal.o
    0x0001e714   0x0001e714   0x000000dc   Code   RO         7306    i.rp_hook_callback  radio_planner.o
    0x0001e7f0   0x0001e7f0   0x000000a0   Code   RO         7307    i.rp_hook_get_id    radio_planner.o
    0x0001e890   0x0001e890   0x000000f0   Code   RO         7308    i.rp_hook_init      radio_planner.o
    0x0001e980   0x0001e980   0x000000b2   Code   RO         7309    i.rp_init           radio_planner.o
    0x0001ea32   0x0001ea32   0x00000002   PAD
    0x0001ea34   0x0001ea34   0x00000280   Code   RO         7310    i.rp_irq_get_status  radio_planner.o
    0x0001ecb4   0x0001ecb4   0x00000164   Code   RO         7311    i.rp_radio_irq      radio_planner.o
    0x0001ee18   0x0001ee18   0x0000000c   Code   RO         7312    i.rp_radio_irq_callback  radio_planner.o
    0x0001ee24   0x0001ee24   0x000000a0   Code   RO         7313    i.rp_release_hook   radio_planner.o
    0x0001eec4   0x0001eec4   0x0000001c   Code   RO         7314    i.rp_set_alarm      radio_planner.o
    0x0001eee0   0x0001eee0   0x00000006   Code   RO         5232    i.rp_stats_set_rx_timestamp  lr1_stack_mac_layer.o
    0x0001eee6   0x0001eee6   0x00000006   Code   RO         5233    i.rp_stats_set_tx_timestamp  lr1_stack_mac_layer.o
    0x0001eeec   0x0001eeec   0x0000008c   Code   RO         7315    i.rp_stats_sniff_update  radio_planner.o
    0x0001ef78   0x0001ef78   0x00000126   Code   RO         7316    i.rp_stats_update   radio_planner.o
    0x0001f09e   0x0001f09e   0x00000008   Code   RO         5758    i.rp_status_get     lr1mac_core.o
    0x0001f0a6   0x0001f0a6   0x00000002   PAD
    0x0001f0a8   0x0001f0a8   0x000000e8   Code   RO         7317    i.rp_task_abort     radio_planner.o
    0x0001f190   0x0001f190   0x00000288   Code   RO         7318    i.rp_task_arbiter   radio_planner.o
    0x0001f418   0x0001f418   0x00000052   Code   RO         7319    i.rp_task_call_aborted  radio_planner.o
    0x0001f46a   0x0001f46a   0x00000042   Code   RO         7320    i.rp_task_compute_ranking  radio_planner.o
    0x0001f4ac   0x0001f4ac   0x00000270   Code   RO         7321    i.rp_task_enqueue   radio_planner.o
    0x0001f71c   0x0001f71c   0x00000020   Code   RO         7322    i.rp_task_find_highest_priority  radio_planner.o
    0x0001f73c   0x0001f73c   0x00000016   Code   RO         7323    i.rp_task_free      radio_planner.o
    0x0001f752   0x0001f752   0x0000010e   Code   RO         7324    i.rp_task_get_next  radio_planner.o
    0x0001f860   0x0001f860   0x0000003e   Code   RO         7325    i.rp_task_launch_current  radio_planner.o
    0x0001f89e   0x0001f89e   0x0000003a   Code   RO         7326    i.rp_task_print     radio_planner.o
    0x0001f8d8   0x0001f8d8   0x0000016a   Code   RO         7327    i.rp_task_select_next  radio_planner.o
    0x0001fa42   0x0001fa42   0x00000002   PAD
    0x0001fa44   0x0001fa44   0x00000148   Code   RO         7328    i.rp_task_update_time  radio_planner.o
    0x0001fb8c   0x0001fb8c   0x00000014   Code   RO         7329    i.rp_timer_irq      radio_planner.o
    0x0001fba0   0x0001fba0   0x0000000c   Code   RO         7330    i.rp_timer_irq_callback  radio_planner.o
    0x0001fbac   0x0001fbac   0x0000023c   Code   RO         5234    i.rx_param_setup_parser  lr1_stack_mac_layer.o
    0x0001fde8   0x0001fde8   0x000000c0   Code   RO         5235    i.rx_timing_setup_parser  lr1_stack_mac_layer.o
    0x0001fea8   0x0001fea8   0x00000054   Code   RO         5759    i.save_devnonce_rst  lr1mac_core.o
    0x0001fefc   0x0001fefc   0x0000004c   Code   RO         5042    i.send_task_update  modem_supervisor.o
    0x0001ff48   0x0001ff48   0x00000118   Code   RO         3116    i.set_dm_info       modem_context.o
    0x00020060   0x00020060   0x00000018   Code   RO         3117    i.set_dm_retrieve_pending_dl  modem_context.o
    0x00020078   0x00020078   0x00000300   Code   RO         3118    i.set_modem_adr_profile  modem_context.o
    0x00020378   0x00020378   0x00000018   Code   RO         3121    i.set_modem_dm_interval  modem_context.o
    0x00020390   0x00020390   0x00000170   Code   RO         3123    i.set_modem_downlink_frame  modem_context.o
    0x00020500   0x00020500   0x00000018   Code   RO         3124    i.set_modem_event_count_and_status  modem_context.o
    0x00020518   0x00020518   0x00000014   Code   RO         3125    i.set_modem_region  modem_context.o
    0x0002052c   0x0002052c   0x0000001c   Code   RO         3127    i.set_modem_start_time_s  modem_context.o
    0x00020548   0x00020548   0x00000020   Code   RO         3129    i.set_modem_status_joining  modem_context.o
    0x00020568   0x00020568   0x00000020   Code   RO         3130    i.set_modem_status_modem_joined  modem_context.o
    0x00020588   0x00020588   0x00000020   Code   RO         3131    i.set_modem_status_modem_mute  modem_context.o
    0x000205a8   0x000205a8   0x00000020   Code   RO         3134    i.set_modem_status_reset_after_crash  modem_context.o
    0x000205c8   0x000205c8   0x0000004c   Code   RO         7611    i.shift_and_count_trailing_zeros  ral_sx128x.o
    0x00020614   0x00020614   0x00000070   Code   RO         4840    i.shift_sub_rows    aes.o
    0x00020684   0x00020684   0x00000018   Code   RO          999    i.simple_strlen     am_util_stdio.o
    0x0002069c   0x0002069c   0x00000012   Code   RO         7041    i.smtc_beacon_class_b_enable_service  smtc_beacon_sniff.o
    0x000206ae   0x000206ae   0x00000014   Code   RO         7042    i.smtc_beacon_sniff_get_metadata  smtc_beacon_sniff.o
    0x000206c2   0x000206c2   0x00000002   PAD
    0x000206c4   0x000206c4   0x00000064   Code   RO         7043    i.smtc_beacon_sniff_init  smtc_beacon_sniff.o
    0x00020728   0x00020728   0x0000010c   Code   RO         7044    i.smtc_beacon_sniff_launch_callback_for_rp  smtc_beacon_sniff.o
    0x00020834   0x00020834   0x00000178   Code   RO         7045    i.smtc_beacon_sniff_rp_callback  smtc_beacon_sniff.o
    0x000209ac   0x000209ac   0x000001dc   Code   RO         7046    i.smtc_beacon_sniff_start  smtc_beacon_sniff.o
    0x00020b88   0x00020b88   0x00000020   Code   RO         7047    i.smtc_beacon_sniff_stop  smtc_beacon_sniff.o
    0x00020ba8   0x00020ba8   0x00000060   Code   RO         7048    i.smtc_decode_beacon_epoch_time  smtc_beacon_sniff.o
    0x00020c08   0x00020c08   0x00000080   Code   RO         7049    i.smtc_decode_beacon_gw_specific  smtc_beacon_sniff.o
    0x00020c88   0x00020c88   0x0000000a   Code   RO         7050    i.smtc_decode_beacon_param  smtc_beacon_sniff.o
    0x00020c92   0x00020c92   0x00000002   PAD
    0x00020c94   0x00020c94   0x00000040   Code   RO         6635    i.smtc_duty_cycle_band_get_available_toa_ms  smtc_duty_cycle.o
    0x00020cd4   0x00020cd4   0x00000028   Code   RO         6636    i.smtc_duty_cycle_compute_index  smtc_duty_cycle.o
    0x00020cfc   0x00020cfc   0x00000010   Code   RO         6639    i.smtc_duty_cycle_enable_set  smtc_duty_cycle.o
    0x00020d0c   0x00020d0c   0x00000038   Code   RO         6640    i.smtc_duty_cycle_get_band  smtc_duty_cycle.o
    0x00020d44   0x00020d44   0x0000002a   Code   RO         6641    i.smtc_duty_cycle_get_band_consumed_time_ms  smtc_duty_cycle.o
    0x00020d6e   0x00020d6e   0x00000002   PAD
    0x00020d70   0x00020d70   0x00000258   Code   RO         6642    i.smtc_duty_cycle_get_next_free_time_ms  smtc_duty_cycle.o
    0x00020fc8   0x00020fc8   0x00000010   Code   RO         6643    i.smtc_duty_cycle_init  smtc_duty_cycle.o
    0x00020fd8   0x00020fd8   0x00000028   Code   RO         6644    i.smtc_duty_cycle_is_band_free  smtc_duty_cycle.o
    0x00021000   0x00021000   0x0000002e   Code   RO         6647    i.smtc_duty_cycle_put_band_in_array  smtc_duty_cycle.o
    0x0002102e   0x0002102e   0x00000002   PAD
    0x00021030   0x00021030   0x0000010c   Code   RO         6648    i.smtc_duty_cycle_sum  smtc_duty_cycle.o
    0x0002113c   0x0002113c   0x00000018   Code   RO         6649    i.smtc_duty_cycle_time_diff  smtc_duty_cycle.o
    0x00021154   0x00021154   0x000000d4   Code   RO         6650    i.smtc_duty_cycle_update  smtc_duty_cycle.o
    0x00021228   0x00021228   0x00000008   Code   RO         6833    i.smtc_lbt_get_state  smtc_lbt.o
    0x00021230   0x00021230   0x000000f0   Code   RO         6834    i.smtc_lbt_init     smtc_lbt.o
    0x00021320   0x00021320   0x000001bc   Code   RO         6835    i.smtc_lbt_launch_callback_for_rp  smtc_lbt.o
    0x000214dc   0x000214dc   0x00000244   Code   RO         6836    i.smtc_lbt_listen_channel  smtc_lbt.o
    0x00021720   0x00021720   0x00000074   Code   RO         6837    i.smtc_lbt_rp_callback  smtc_lbt.o
    0x00021794   0x00021794   0x00000014   Code   RO         6838    i.smtc_lbt_set_parameters  smtc_lbt.o
    0x000217a8   0x000217a8   0x00000006   Code   RO         6839    i.smtc_lbt_set_state  smtc_lbt.o
    0x000217ae   0x000217ae   0x00000002   PAD
    0x000217b0   0x000217b0   0x000000b8   Code   RO         3895    i.smtc_modem_adr_set_profile  smtc_modem.o
    0x00021868   0x00021868   0x0000002a   Code   RO         3898    i.smtc_modem_alarm_start_timer  smtc_modem.o
    0x00021892   0x00021892   0x00000034   Code   RO         7201    i.smtc_modem_crypto_compute_and_add_mic  smtc_modem_crypto.o
    0x000218c6   0x000218c6   0x00000020   Code   RO         7202    i.smtc_modem_crypto_compute_join_mic  smtc_modem_crypto.o
    0x000218e6   0x000218e6   0x0000003a   Code   RO         7204    i.smtc_modem_crypto_derive_skeys  smtc_modem_crypto.o
    0x00021920   0x00021920   0x00000068   Code   RO         7205    i.smtc_modem_crypto_get_class_b_rand  smtc_modem_crypto.o
    0x00021988   0x00021988   0x00000028   Code   RO         7206    i.smtc_modem_crypto_payload_decrypt  smtc_modem_crypto.o
    0x000219b0   0x000219b0   0x000000dc   Code   RO         7207    i.smtc_modem_crypto_payload_encrypt  smtc_modem_crypto.o
    0x00021a8c   0x00021a8c   0x0000002e   Code   RO         7208    i.smtc_modem_crypto_process_join_accept  smtc_modem_crypto.o
    0x00021aba   0x00021aba   0x00000030   Code   RO         7210    i.smtc_modem_crypto_set_key  smtc_modem_crypto.o
    0x00021aea   0x00021aea   0x0000007c   Code   RO         7211    i.smtc_modem_crypto_verify_mic  smtc_modem_crypto.o
    0x00021b66   0x00021b66   0x00000002   PAD
    0x00021b68   0x00021b68   0x0000009c   Code   RO         3914    i.smtc_modem_dm_set_info_interval  smtc_modem.o
    0x00021c04   0x00021c04   0x0000024c   Code   RO         3930    i.smtc_modem_get_event  smtc_modem.o
    0x00021e50   0x00021e50   0x0000003e   Code   RO         3932    i.smtc_modem_get_lorawan_version  smtc_modem.o
    0x00021e8e   0x00021e8e   0x0000002c   Code   RO         3933    i.smtc_modem_get_modem_version  smtc_modem.o
    0x00021eba   0x00021eba   0x0000003e   Code   RO         3940    i.smtc_modem_get_regional_params_version  smtc_modem.o
    0x00021ef8   0x00021ef8   0x0000002a   Code   RO         3944    i.smtc_modem_get_tx_power_offset_db  smtc_modem.o
    0x00021f22   0x00021f22   0x00000002   PAD
    0x00021f24   0x00021f24   0x00000044   Code   RO         1217    i.smtc_modem_hal_assert_fail  smtc_modem_hal.o
    0x00021f68   0x00021f68   0x000000bc   Code   RO         1218    i.smtc_modem_hal_context_restore  smtc_modem_hal.o
    0x00022024   0x00022024   0x000000e4   Code   RO         1219    i.smtc_modem_hal_context_store  smtc_modem_hal.o
    0x00022108   0x00022108   0x0000000c   Code   RO         1220    i.smtc_modem_hal_disable_modem_irq  smtc_modem_hal.o
    0x00022114   0x00022114   0x0000000c   Code   RO         1221    i.smtc_modem_hal_enable_modem_irq  smtc_modem_hal.o
    0x00022120   0x00022120   0x00000004   Code   RO         1222    i.smtc_modem_hal_get_battery_level  smtc_modem_hal.o
    0x00022124   0x00022124   0x00000004   Code   RO         1223    i.smtc_modem_hal_get_board_delay_ms  smtc_modem_hal.o
    0x00022128   0x00022128   0x0000000c   Code   RO         1225    i.smtc_modem_hal_get_crashlog_status  smtc_modem_hal.o
    0x00022134   0x00022134   0x00000008   Code   RO         1226    i.smtc_modem_hal_get_radio_irq_timestamp_in_100us  smtc_modem_hal.o
    0x0002213c   0x0002213c   0x00000004   Code   RO         1227    i.smtc_modem_hal_get_radio_tcxo_startup_delay_ms  smtc_modem_hal.o
    0x00022140   0x00022140   0x00000010   Code   RO         1229    i.smtc_modem_hal_get_random_nb_in_range  smtc_modem_hal.o
    0x00022150   0x00022150   0x00000002   Code   RO         1231    i.smtc_modem_hal_get_temperature  smtc_modem_hal.o
    0x00022152   0x00022152   0x00000008   Code   RO         1233    i.smtc_modem_hal_get_time_in_100us  smtc_modem_hal.o
    0x0002215a   0x0002215a   0x00000008   Code   RO         1234    i.smtc_modem_hal_get_time_in_ms  smtc_modem_hal.o
    0x00022162   0x00022162   0x00000008   Code   RO         1235    i.smtc_modem_hal_get_time_in_s  smtc_modem_hal.o
    0x0002216a   0x0002216a   0x0000000c   Code   RO         1236    i.smtc_modem_hal_get_voltage  smtc_modem_hal.o
    0x00022176   0x00022176   0x00000002   PAD
    0x00022178   0x00022178   0x0000001c   Code   RO         1237    i.smtc_modem_hal_irq_config_radio_irq  smtc_modem_hal.o
    0x00022194   0x00022194   0x0000001a   Code   RO         1238    i.smtc_modem_hal_print_trace  smtc_modem_hal.o
    0x000221ae   0x000221ae   0x0000000a   Code   RO         1239    i.smtc_modem_hal_radio_irq_clear_pending  smtc_modem_hal.o
    0x000221b8   0x000221b8   0x00000008   Code   RO         1241    i.smtc_modem_hal_reset_mcu  smtc_modem_hal.o
    0x000221c0   0x000221c0   0x00000014   Code   RO         1242    i.smtc_modem_hal_restore_crashlog  smtc_modem_hal.o
    0x000221d4   0x000221d4   0x0000000c   Code   RO         1243    i.smtc_modem_hal_set_crashlog_status  smtc_modem_hal.o
    0x000221e0   0x000221e0   0x0000000c   Code   RO         1244    i.smtc_modem_hal_start_radio_tcxo  smtc_modem_hal.o
    0x000221ec   0x000221ec   0x00000016   Code   RO         1245    i.smtc_modem_hal_start_timer  smtc_modem_hal.o
    0x00022202   0x00022202   0x00000002   Code   RO         1246    i.smtc_modem_hal_stop_radio_tcxo  smtc_modem_hal.o
    0x00022204   0x00022204   0x00000008   Code   RO         1247    i.smtc_modem_hal_stop_timer  smtc_modem_hal.o
    0x0002220c   0x0002220c   0x00000014   Code   RO         1248    i.smtc_modem_hal_store_crashlog  smtc_modem_hal.o
    0x00022220   0x00022220   0x000000e0   Code   RO         3946    i.smtc_modem_init   smtc_modem.o
    0x00022300   0x00022300   0x00000158   Code   RO         3947    i.smtc_modem_join_network  smtc_modem.o
    0x00022458   0x00022458   0x0000001a   Code   RO         3952    i.smtc_modem_leave_network  smtc_modem.o
    0x00022472   0x00022472   0x00000044   Code   RO         3969    i.smtc_modem_request_uplink  smtc_modem.o
    0x000224b6   0x000224b6   0x0000002a   Code   RO         3975    i.smtc_modem_run_engine  smtc_modem.o
    0x000224e0   0x000224e0   0x00000110   Code   RO         3977    i.smtc_modem_send_tx  smtc_modem.o
    0x000225f0   0x000225f0   0x0000002c   Code   RO         3979    i.smtc_modem_set_certification_mode  smtc_modem.o
    0x0002261c   0x0002261c   0x0000008c   Code   RO         3982    i.smtc_modem_set_deveui  smtc_modem.o
    0x000226a8   0x000226a8   0x0000008c   Code   RO         3984    i.smtc_modem_set_joineui  smtc_modem.o
    0x00022734   0x00022734   0x0000008c   Code   RO         3987    i.smtc_modem_set_nwkkey  smtc_modem.o
    0x000227c0   0x000227c0   0x000000c8   Code   RO         3988    i.smtc_modem_set_region  smtc_modem.o
    0x00022888   0x00022888   0x0000002e   Code   RO         4652    i.smtc_modem_test_duty_cycle_app_activate  smtc_modem_test.o
    0x000228b6   0x000228b6   0x00000002   PAD
    0x000228b8   0x000228b8   0x0000007c   Code   RO         4655    i.smtc_modem_test_nop  smtc_modem_test.o
    0x00022934   0x00022934   0x000000b0   Code   RO         4656    i.smtc_modem_test_radio_reset  smtc_modem_test.o
    0x000229e4   0x000229e4   0x0000010c   Code   RO         4659    i.smtc_modem_test_start  smtc_modem_test.o
    0x00022af0   0x00022af0   0x00000090   Code   RO         4660    i.smtc_modem_test_stop  smtc_modem_test.o
    0x00022b80   0x00022b80   0x0000019c   Code   RO         4662    i.smtc_modem_test_tx_cw  smtc_modem_test.o
    0x00022d1c   0x00022d1c   0x00000188   Code   RO         6914    i.smtc_ping_slot_compute_downlink_toa  smtc_ping_slot.o
    0x00022ea4   0x00022ea4   0x000000bc   Code   RO         6915    i.smtc_ping_slot_compute_first_slot  smtc_ping_slot.o
    0x00022f60   0x00022f60   0x000000a8   Code   RO         6916    i.smtc_ping_slot_compute_next_ping_offset_time  smtc_ping_slot.o
    0x00023008   0x00023008   0x00000028   Code   RO         6917    i.smtc_ping_slot_get_duration_timeout_ms  smtc_ping_slot.o
    0x00023030   0x00023030   0x000000a8   Code   RO         6918    i.smtc_ping_slot_init  smtc_ping_slot.o
    0x000230d8   0x000230d8   0x000000f6   Code   RO         6919    i.smtc_ping_slot_init_after_beacon  smtc_ping_slot.o
    0x000231ce   0x000231ce   0x00000002   PAD
    0x000231d0   0x000231d0   0x000000d8   Code   RO         6920    i.smtc_ping_slot_mac_downlink_check  smtc_ping_slot.o
    0x000232a8   0x000232a8   0x000002b4   Code   RO         6921    i.smtc_ping_slot_mac_rp_callback  smtc_ping_slot.o
    0x0002355c   0x0002355c   0x00000418   Code   RO         6922    i.smtc_ping_slot_mac_rx_frame_decode  smtc_ping_slot.o
    0x00023974   0x00023974   0x00000062   Code   RO         6923    i.smtc_ping_slot_rp_callback  smtc_ping_slot.o
    0x000239d6   0x000239d6   0x000002ae   Code   RO         6924    i.smtc_ping_slot_search_closest_ping_offset_time  smtc_ping_slot.o
    0x00023c84   0x00023c84   0x00000604   Code   RO         6925    i.smtc_ping_slot_start  smtc_ping_slot.o
    0x00024288   0x00024288   0x00000022   Code   RO         6926    i.smtc_ping_slot_stop  smtc_ping_slot.o
    0x000242aa   0x000242aa   0x00000002   PAD
    0x000242ac   0x000242ac   0x0000009c   Code   RO         6129    i.smtc_real_build_channel_mask  smtc_real.o
    0x00024348   0x00024348   0x0000000a   Code   RO         6130    i.smtc_real_cf_list_type_supported  smtc_real.o
    0x00024352   0x00024352   0x00000002   PAD
    0x00024354   0x00024354   0x00000098   Code   RO         6131    i.smtc_real_clamp_output_power_eirp_vs_freq_and_dr  smtc_real.o
    0x000243ec   0x000243ec   0x00000118   Code   RO         6132    i.smtc_real_config  smtc_real.o
    0x00024504   0x00024504   0x0000001c   Code   RO         6133    i.smtc_real_decode_freq_from_buf  smtc_real.o
    0x00024520   0x00024520   0x00000058   Code   RO         6134    i.smtc_real_decrement_dr  smtc_real.o
    0x00024578   0x00024578   0x000000dc   Code   RO         6135    i.smtc_real_decrement_dr_simulation  smtc_real.o
    0x00024654   0x00024654   0x000000d0   Code   RO         6136    i.smtc_real_enable_all_channels_with_valid_freq  smtc_real.o
    0x00024724   0x00024724   0x00000088   Code   RO         6137    i.smtc_real_fsk_dr_to_bitrate  smtc_real.o
    0x000247ac   0x000247ac   0x00000008   Code   RO         6138    i.smtc_real_get_adr_ack_delay  smtc_real.o
    0x000247b4   0x000247b4   0x00000008   Code   RO         6139    i.smtc_real_get_adr_ack_limit  smtc_real.o
    0x000247bc   0x000247bc   0x0000000a   Code   RO         6140    i.smtc_real_get_beacon_dr  smtc_real.o
    0x000247c6   0x000247c6   0x00000002   PAD
    0x000247c8   0x000247c8   0x00000094   Code   RO         6141    i.smtc_real_get_beacon_frequency  smtc_real.o
    0x0002485c   0x0002485c   0x0000000a   Code   RO         6142    i.smtc_real_get_coding_rate  smtc_real.o
    0x00024866   0x00024866   0x00000054   Code   RO         6143    i.smtc_real_get_current_enabled_frequency_list  smtc_real.o
    0x000248ba   0x000248ba   0x00000008   Code   RO         6144    i.smtc_real_get_default_max_eirp  smtc_real.o
    0x000248c2   0x000248c2   0x0000000a   Code   RO         6145    i.smtc_real_get_frequency_factor  smtc_real.o
    0x000248cc   0x000248cc   0x00000080   Code   RO         6146    i.smtc_real_get_gfsk_sync_word  smtc_real.o
    0x0002494c   0x0002494c   0x00000094   Code   RO         6147    i.smtc_real_get_join_next_channel  smtc_real.o
    0x000249e0   0x000249e0   0x00000090   Code   RO         6148    i.smtc_real_get_lbt_bw_hz  smtc_real.o
    0x00024a70   0x00024a70   0x00000090   Code   RO         6149    i.smtc_real_get_lbt_duration_ms  smtc_real.o
    0x00024b00   0x00024b00   0x00000090   Code   RO         6150    i.smtc_real_get_lbt_threshold_dbm  smtc_real.o
    0x00024b90   0x00024b90   0x00000080   Code   RO         6151    i.smtc_real_get_lr_fhss_sync_word  smtc_real.o
    0x00024c10   0x00024c10   0x000000a4   Code   RO         6152    i.smtc_real_get_max_payload_size  smtc_real.o
    0x00024cb4   0x00024cb4   0x0000008e   Code   RO         6154    i.smtc_real_get_min_tx_channel_dr  smtc_real.o
    0x00024d42   0x00024d42   0x00000002   PAD
    0x00024d44   0x00024d44   0x00000094   Code   RO         6155    i.smtc_real_get_modulation_type_from_datarate  smtc_real.o
    0x00024dd8   0x00024dd8   0x00000094   Code   RO         6156    i.smtc_real_get_next_channel  smtc_real.o
    0x00024e6c   0x00024e6c   0x0000014e   Code   RO         6157    i.smtc_real_get_next_dr  smtc_real.o
    0x00024fba   0x00024fba   0x00000002   PAD
    0x00024fbc   0x00024fbc   0x00000090   Code   RO         6158    i.smtc_real_get_number_of_chmask_in_cflist  smtc_real.o
    0x0002504c   0x0002504c   0x00000094   Code   RO         6161    i.smtc_real_get_ping_slot_frequency  smtc_real.o
    0x000250e0   0x000250e0   0x0000001e   Code   RO         6162    i.smtc_real_get_preamble_len  smtc_real.o
    0x000250fe   0x000250fe   0x00000002   PAD
    0x00025100   0x00025100   0x00000010   Code   RO         6165    i.smtc_real_get_regional_parameters_version  smtc_real.o
    0x00025110   0x00025110   0x000000d8   Code   RO         6166    i.smtc_real_get_rx1_channel_frequency  smtc_real.o
    0x000251e8   0x000251e8   0x00000008   Code   RO         6167    i.smtc_real_get_rx1_join_delay  smtc_real.o
    0x000251f0   0x000251f0   0x0000000a   Code   RO         6168    i.smtc_real_get_rx2_join_dr  smtc_real.o
    0x000251fa   0x000251fa   0x00000060   Code   RO         6169    i.smtc_real_get_rx_start_time_offset_ms  smtc_real.o
    0x0002525a   0x0002525a   0x00000002   PAD
    0x0002525c   0x0002525c   0x00000188   Code   RO         6170    i.smtc_real_get_rx_window_parameters  smtc_real.o
    0x000253e4   0x000253e4   0x00000104   Code   RO         6171    i.smtc_real_get_symbol_duration_us  smtc_real.o
    0x000254e8   0x000254e8   0x0000000a   Code   RO         6172    i.smtc_real_get_sync_word  smtc_real.o
    0x000254f2   0x000254f2   0x00000002   PAD
    0x000254f4   0x000254f4   0x000000d8   Code   RO         6173    i.smtc_real_get_tx_channel_frequency  smtc_real.o
    0x000255cc   0x000255cc   0x000000e8   Code   RO         6174    i.smtc_real_init    smtc_real.o
    0x000256b4   0x000256b4   0x0000008c   Code   RO         6175    i.smtc_real_init_after_join_snapshot_channel_mask  smtc_real.o
    0x00025740   0x00025740   0x00000014   Code   RO         6176    i.smtc_real_init_channel_mask  smtc_real.o
    0x00025754   0x00025754   0x0000008c   Code   RO         6177    i.smtc_real_init_join_snapshot_channel_mask  smtc_real.o
    0x000257e0   0x000257e0   0x0000008c   Code   RO         6178    i.smtc_real_init_session  smtc_real.o
    0x0002586c   0x0002586c   0x000000f4   Code   RO         6179    i.smtc_real_is_channel_index_valid  smtc_real.o
    0x00025960   0x00025960   0x00000124   Code   RO         6180    i.smtc_real_is_channel_mask_for_mobile_mode  smtc_real.o
    0x00025a84   0x00025a84   0x0000000a   Code   RO         6181    i.smtc_real_is_dtc_supported  smtc_real.o
    0x00025a8e   0x00025a8e   0x00000002   PAD
    0x00025a90   0x00025a90   0x00000064   Code   RO         6182    i.smtc_real_is_frequency_valid  smtc_real.o
    0x00025af4   0x00025af4   0x0000000a   Code   RO         6184    i.smtc_real_is_new_channel_req_supported  smtc_real.o
    0x00025afe   0x00025afe   0x00000002   PAD
    0x00025b00   0x00025b00   0x000000a4   Code   RO         6185    i.smtc_real_is_nwk_received_tx_frequency_valid  smtc_real.o
    0x00025ba4   0x00025ba4   0x00000118   Code   RO         6186    i.smtc_real_is_payload_size_valid  smtc_real.o
    0x00025cbc   0x00025cbc   0x0000005c   Code   RO         6187    i.smtc_real_is_rx1_dr_offset_valid  smtc_real.o
    0x00025d18   0x00025d18   0x00000078   Code   RO         6188    i.smtc_real_is_rx_dr_valid  smtc_real.o
    0x00025d90   0x00025d90   0x00000068   Code   RO         6189    i.smtc_real_is_supported_region  smtc_real.o
    0x00025df8   0x00025df8   0x0000015c   Code   RO         6190    i.smtc_real_is_tx_dr_acceptable  smtc_real.o
    0x00025f54   0x00025f54   0x00000078   Code   RO         6191    i.smtc_real_is_tx_dr_valid  smtc_real.o
    0x00025fcc   0x00025fcc   0x0000000a   Code   RO         6192    i.smtc_real_is_tx_param_setup_req_supported  smtc_real.o
    0x00025fd6   0x00025fd6   0x00000002   PAD
    0x00025fd8   0x00025fd8   0x00000060   Code   RO         6193    i.smtc_real_is_tx_power_valid  smtc_real.o
    0x00026038   0x00026038   0x000000a0   Code   RO         6194    i.smtc_real_lora_dr_to_sf_bw  smtc_real.o
    0x000260d8   0x000260d8   0x0000008c   Code   RO         6195    i.smtc_real_lr_fhss_dr_to_cr_bw  smtc_real.o
    0x00026164   0x00026164   0x00000084   Code   RO         6196    i.smtc_real_lr_fhss_get_grid  smtc_real.o
    0x000261e8   0x000261e8   0x0000008c   Code   RO         6197    i.smtc_real_lr_fhss_get_header_count  smtc_real.o
    0x00026274   0x00026274   0x00000036   Code   RO         6198    i.smtc_real_mask_tx_dr_channel  smtc_real.o
    0x000262aa   0x000262aa   0x00000036   Code   RO         6199    i.smtc_real_mask_tx_dr_channel_up_dwell_time_check  smtc_real.o
    0x000262e0   0x000262e0   0x0000010c   Code   RO         6200    i.smtc_real_set_channel_dr  smtc_real.o
    0x000263ec   0x000263ec   0x000000dc   Code   RO         6201    i.smtc_real_set_channel_enabled  smtc_real.o
    0x000264c8   0x000264c8   0x00000090   Code   RO         6202    i.smtc_real_set_channel_mask  smtc_real.o
    0x00026558   0x00026558   0x00000128   Code   RO         6203    i.smtc_real_set_dr_distribution  smtc_real.o
    0x00026680   0x00026680   0x0000006c   Code   RO         6204    i.smtc_real_set_power  smtc_real.o
    0x000266ec   0x000266ec   0x000000dc   Code   RO         6205    i.smtc_real_set_rx1_frequency_channel  smtc_real.o
    0x000267c8   0x000267c8   0x00000094   Code   RO         6206    i.smtc_real_set_rx_config  smtc_real.o
    0x0002685c   0x0002685c   0x000000d4   Code   RO         6208    i.smtc_real_set_tx_frequency_channel  smtc_real.o
    0x00026930   0x00026930   0x00000378   Code   RO         6209    i.smtc_real_update_cflist  smtc_real.o
    0x00026ca8   0x00026ca8   0x00000078   Code   RO         3771    i.smtc_secure_element_aes_encrypt  soft_se.o
    0x00026d20   0x00026d20   0x0000002c   Code   RO         3772    i.smtc_secure_element_compute_aes_cmac  soft_se.o
    0x00026d4c   0x00026d4c   0x00000054   Code   RO         3773    i.smtc_secure_element_derive_and_store_key  soft_se.o
    0x00026da0   0x00026da0   0x0000001c   Code   RO         3774    i.smtc_secure_element_get_deveui  soft_se.o
    0x00026dbc   0x00026dbc   0x0000001c   Code   RO         3775    i.smtc_secure_element_get_joineui  soft_se.o
    0x00026dd8   0x00026dd8   0x00000048   Code   RO         3777    i.smtc_secure_element_init  soft_se.o
    0x00026e20   0x00026e20   0x0000009c   Code   RO         3778    i.smtc_secure_element_process_join_accept  soft_se.o
    0x00026ebc   0x00026ebc   0x00000078   Code   RO         3779    i.smtc_secure_element_restore_context  soft_se.o
    0x00026f34   0x00026f34   0x0000001c   Code   RO         3780    i.smtc_secure_element_set_deveui  soft_se.o
    0x00026f50   0x00026f50   0x0000001c   Code   RO         3781    i.smtc_secure_element_set_joineui  soft_se.o
    0x00026f6c   0x00026f6c   0x00000088   Code   RO         3782    i.smtc_secure_element_set_key  soft_se.o
    0x00026ff4   0x00026ff4   0x00000040   Code   RO         3784    i.smtc_secure_element_store_context  soft_se.o
    0x00027034   0x00027034   0x0000003e   Code   RO         3785    i.smtc_secure_element_verify_aes_cmac  soft_se.o
    0x00027072   0x00027072   0x00000002   PAD
    0x00027074   0x00027074   0x0000003c   Code   RO         3786    i.soft_ce_crc       soft_se.o
    0x000270b0   0x000270b0   0x00000030   Code   RO         2314    i.sx128x_clear_irq_status  sx128x.o
    0x000270e0   0x000270e0   0x00000024   Code   RO         2315    i.sx128x_convert_freq_in_hz_to_pll_step  sx128x.o
    0x00027104   0x00027104   0x00000036   Code   RO         2316    i.sx128x_get_and_clear_irq_status  sx128x.o
    0x0002713a   0x0002713a   0x00000002   PAD
    0x0002713c   0x0002713c   0x00000050   Code   RO         2318    i.sx128x_get_flrc_br_bw_param  sx128x.o
    0x0002718c   0x0002718c   0x00000054   Code   RO         2319    i.sx128x_get_flrc_br_in_bps  sx128x.o
    0x000271e0   0x000271e0   0x00000050   Code   RO         2320    i.sx128x_get_flrc_pkt_status  sx128x.o
    0x00027230   0x00027230   0x00000028   Code   RO         2321    i.sx128x_get_flrc_time_on_air_in_ms  sx128x.o
    0x00027258   0x00027258   0x00000080   Code   RO         2322    i.sx128x_get_flrc_time_on_air_numerator  sx128x.o
    0x000272d8   0x000272d8   0x00000050   Code   RO         2323    i.sx128x_get_gfsk_br_bw_param  sx128x.o
    0x00027328   0x00027328   0x0000009c   Code   RO         2324    i.sx128x_get_gfsk_br_in_bps  sx128x.o
    0x000273c4   0x000273c4   0x00000040   Code   RO         2325    i.sx128x_get_gfsk_mod_ind_param  sx128x.o
    0x00027404   0x00027404   0x00000050   Code   RO         2326    i.sx128x_get_gfsk_pkt_status  sx128x.o
    0x00027454   0x00027454   0x00000026   Code   RO         2327    i.sx128x_get_gfsk_time_on_air_in_ms  sx128x.o
    0x0002747a   0x0002747a   0x0000002e   Code   RO         2328    i.sx128x_get_gfsk_time_on_air_numerator  sx128x.o
    0x000274a8   0x000274a8   0x0000003c   Code   RO         2329    i.sx128x_get_irq_status  sx128x.o
    0x000274e4   0x000274e4   0x00000038   Code   RO         2330    i.sx128x_get_lora_bw_in_hz  sx128x.o
    0x0002751c   0x0002751c   0x00000016   Code   RO         2332    i.sx128x_get_lora_pkt_len  sx128x.o
    0x00027532   0x00027532   0x0000002c   Code   RO         2333    i.sx128x_get_lora_pkt_len_mode  sx128x.o
    0x0002755e   0x0002755e   0x00000002   PAD
    0x00027560   0x00027560   0x00000048   Code   RO         2334    i.sx128x_get_lora_pkt_status  sx128x.o
    0x000275a8   0x000275a8   0x0000002c   Code   RO         2335    i.sx128x_get_lora_rx_pkt_cr  sx128x.o
    0x000275d4   0x000275d4   0x0000002c   Code   RO         2336    i.sx128x_get_lora_rx_pkt_crc_present  sx128x.o
    0x00027600   0x00027600   0x00000028   Code   RO         2337    i.sx128x_get_lora_time_on_air_in_ms  sx128x.o
    0x00027628   0x00027628   0x000001a0   Code   RO         2338    i.sx128x_get_lora_time_on_air_numerator  sx128x.o
    0x000277c8   0x000277c8   0x0000002c   Code   RO         2339    i.sx128x_get_pkt_type  sx128x.o
    0x000277f4   0x000277f4   0x00000038   Code   RO         2342    i.sx128x_get_rssi_inst  sx128x.o
    0x0002782c   0x0002782c   0x00000038   Code   RO         2343    i.sx128x_get_rx_buffer_status  sx128x.o
    0x00027864   0x00027864   0x00000030   Code   RO         1139    i.sx128x_hal_check_device_ready  sx128x_hal.o
    0x00027894   0x00027894   0x00000056   Code   RO         1140    i.sx128x_hal_read   sx128x_hal.o
    0x000278ea   0x000278ea   0x00000002   PAD
    0x000278ec   0x000278ec   0x00000034   Code   RO         1141    i.sx128x_hal_reset  sx128x_hal.o
    0x00027920   0x00027920   0x00000020   Code   RO         1142    i.sx128x_hal_wait_on_busy  sx128x_hal.o
    0x00027940   0x00027940   0x0000000c   Code   RO         1143    i.sx128x_hal_wakeup  sx128x_hal.o
    0x0002794c   0x0002794c   0x0000006c   Code   RO         1144    i.sx128x_hal_write  sx128x_hal.o
    0x000279b8   0x000279b8   0x0000002c   Code   RO         2346    i.sx128x_read_buffer  sx128x.o
    0x000279e4   0x000279e4   0x00000034   Code   RO         2347    i.sx128x_read_register  sx128x.o
    0x00027a18   0x00027a18   0x0000000c   Code   RO         2348    i.sx128x_reset      sx128x.o
    0x00027a24   0x00027a24   0x00000020   Code   RO         2349    i.sx128x_save_context  sx128x.o
    0x00027a44   0x00027a44   0x00000028   Code   RO         2351    i.sx128x_set_auto_fs  sx128x.o
    0x00027a6c   0x00027a6c   0x0000002c   Code   RO         2356    i.sx128x_set_buffer_base_address  sx128x.o
    0x00027a98   0x00027a98   0x00000020   Code   RO         2357    i.sx128x_set_cad    sx128x.o
    0x00027ab8   0x00027ab8   0x0000006c   Code   RO         2359    i.sx128x_set_dio_irq_params  sx128x.o
    0x00027b24   0x00027b24   0x0000002e   Code   RO         2360    i.sx128x_set_flrc_crc_seed  sx128x.o
    0x00027b52   0x00027b52   0x00000002   PAD
    0x00027b54   0x00027b54   0x00000034   Code   RO         2361    i.sx128x_set_flrc_mod_params  sx128x.o
    0x00027b88   0x00027b88   0x0000004c   Code   RO         2362    i.sx128x_set_flrc_pkt_params  sx128x.o
    0x00027bd4   0x00027bd4   0x00000042   Code   RO         2363    i.sx128x_set_flrc_sync_word  sx128x.o
    0x00027c16   0x00027c16   0x00000014   Code   RO         2365    i.sx128x_set_gfsk_ble_whitening_seed  sx128x.o
    0x00027c2a   0x00027c2a   0x00000022   Code   RO         2366    i.sx128x_set_gfsk_crc_polynomial  sx128x.o
    0x00027c4c   0x00027c4c   0x00000022   Code   RO         2367    i.sx128x_set_gfsk_crc_seed  sx128x.o
    0x00027c6e   0x00027c6e   0x00000002   PAD
    0x00027c70   0x00027c70   0x00000034   Code   RO         2369    i.sx128x_set_gfsk_mod_params  sx128x.o
    0x00027ca4   0x00027ca4   0x00000054   Code   RO         2370    i.sx128x_set_gfsk_pkt_params  sx128x.o
    0x00027cf8   0x00027cf8   0x00000060   Code   RO         2371    i.sx128x_set_gfsk_sync_word  sx128x.o
    0x00027d58   0x00027d58   0x000000c4   Code   RO         2374    i.sx128x_set_lora_mod_params  sx128x.o
    0x00027e1c   0x00027e1c   0x00000084   Code   RO         2375    i.sx128x_set_lora_pkt_params  sx128x.o
    0x00027ea0   0x00027ea0   0x00000052   Code   RO         2376    i.sx128x_set_lora_sync_word  sx128x.o
    0x00027ef2   0x00027ef2   0x00000002   PAD
    0x00027ef4   0x00027ef4   0x00000028   Code   RO         2377    i.sx128x_set_pkt_type  sx128x.o
    0x00027f1c   0x00027f1c   0x00000028   Code   RO         2384    i.sx128x_set_reg_mode  sx128x.o
    0x00027f44   0x00027f44   0x00000018   Code   RO         2385    i.sx128x_set_rf_freq  sx128x.o
    0x00027f5c   0x00027f5c   0x00000034   Code   RO         2386    i.sx128x_set_rf_freq_in_pll_steps  sx128x.o
    0x00027f90   0x00027f90   0x00000034   Code   RO         2387    i.sx128x_set_rx     sx128x.o
    0x00027fc4   0x00027fc4   0x00000048   Code   RO         2388    i.sx128x_set_rx_duty_cycle  sx128x.o
    0x0002800c   0x0002800c   0x00000034   Code   RO         2389    i.sx128x_set_sleep  sx128x.o
    0x00028040   0x00028040   0x00000028   Code   RO         2390    i.sx128x_set_standby  sx128x.o
    0x00028068   0x00028068   0x00000034   Code   RO         2391    i.sx128x_set_tx     sx128x.o
    0x0002809c   0x0002809c   0x00000020   Code   RO         2392    i.sx128x_set_tx_cw  sx128x.o
    0x000280bc   0x000280bc   0x00000020   Code   RO         2393    i.sx128x_set_tx_infinite_preamble  sx128x.o
    0x000280dc   0x000280dc   0x00000040   Code   RO         2394    i.sx128x_set_tx_params  sx128x.o
    0x0002811c   0x0002811c   0x00000048   Code   RO         2395    i.sx128x_wakeup     sx128x.o
    0x00028164   0x00028164   0x0000002c   Code   RO         2396    i.sx128x_write_buffer  sx128x.o
    0x00028190   0x00028190   0x00000034   Code   RO         2397    i.sx128x_write_register  sx128x.o
    0x000281c4   0x000281c4   0x0000006c   Code   RO         4664    i.test_mode_cw_callback_for_rp  smtc_modem_test.o
    0x00028230   0x00028230   0x00000034   Code   RO          809    i.test_radio        tx_rx_test.o
    0x00028264   0x00028264   0x00000018   Code   RO          467    i.test_timer0       smtc_hal_lp_timer.o
    0x0002827c   0x0002827c   0x0000003c   Code   RO          547    i.timer1_callback   smtc_hal_rtc.o
    0x000282b8   0x000282b8   0x000000d8   Code   RO         5760    i.try_recover_nvm   lr1mac_core.o
    0x00028390   0x00028390   0x00000160   Code   RO         5236    i.tx_param_setup_parser  lr1_stack_mac_layer.o
    0x000284f0   0x000284f0   0x0000005c   Code   RO            8    i.uart_print        main.o
    0x0002854c   0x0002854c   0x0000008a   Code   RO         1000    i.uint64_to_hexstr  am_util_stdio.o
    0x000285d6   0x000285d6   0x00000070   Code   RO         1001    i.uint64_to_str     am_util_stdio.o
    0x00028646   0x00028646   0x00000002   PAD
    0x00028648   0x00028648   0x00000100   Code   RO         7051    i.update_beacon_pll  smtc_beacon_sniff.o
    0x00028748   0x00028748   0x00000688   Code   RO         7052    i.update_beacon_rx_nb_symb  smtc_beacon_sniff.o
    0x00028dd0   0x00028dd0   0x000000aa   Code   RO         7053    i.update_beacon_state  smtc_beacon_sniff.o
    0x00028e7a   0x00028e7a   0x00000002   PAD
    0x00028e7c   0x00028e7c   0x00000050   Code   RO         4004    i.user_radio_access_callback  smtc_modem.o
    0x00028ecc   0x00028ecc   0x00000080   Code   RO         8235    i.validate_transaction  libam_hal.lib(am_hal_iom.o)
    0x00028f4c   0x00028f4c   0x00000110   Code   RO         8301    i.write_nonblocking  libam_hal.lib(am_hal_uart.o)
    0x0002905c   0x0002905c   0x00000082   Code   RO         4841    i.xor_block         aes.o
    0x000290de   0x000290de   0x00000002   PAD
    0x000290e0   0x000290e0   0x0000002c   Code   RO         8684    locale$$code        c_w.l(lc_numeric_c.o)
    0x0002910c   0x0002910c   0x0000002c   Code   RO         8712    locale$$code        c_w.l(lc_ctype_c.o)
    0x00029138   0x00029138   0x00000062   Code   RO         8452    x$fpl$d2f           fz_wm.l(d2f.o)
    0x0002919a   0x0002919a   0x0000009c   Code   RO         8597    x$fpl$dnaninf       fz_wm.l(dnaninf.o)
    0x00029236   0x00029236   0x0000000a   Code   RO         8645    x$fpl$fpinit        fz_wm.l(fpinit.o)
    0x00029240   0x00029240   0x0000000a   Code   RO         8599    x$fpl$fretinf       fz_wm.l(fretinf.o)
    0x0002924a   0x0002924a   0x00000004   Code   RO         8601    x$fpl$printf1       fz_wm.l(printf1.o)
    0x0002924e   0x0002924e   0x00000004   Code   RO         8603    x$fpl$printf2       fz_wm.l(printf2.o)
    0x00029252   0x00029252   0x00000000   Code   RO         8609    x$fpl$usenofp       fz_wm.l(usenofp.o)
    0x00029252   0x00029252   0x00000002   PAD
    0x00029254   0x00029254   0x0000003c   Data   RO           10    .constdata          main.o
    0x00029290   0x00029290   0x00000034   Data   RO          291    .constdata          smtc_hal_spi.o
    0x000292c4   0x000292c4   0x00000004   Data   RO          354    .constdata          smtc_hal_gpio.o
    0x000292c8   0x000292c8   0x0000011c   Data   RO          810    .constdata          tx_rx_test.o
    0x000293e4   0x000293e4   0x0000003c   Data   RO         1250    .constdata          smtc_modem_hal.o
    0x00029420   0x00029420   0x00000140   Data   RO         1564    .constdata          lorawan_api.o
    0x00029560   0x00029560   0x00000114   Data   RO         2398    .constdata          sx128x.o
    0x00029674   0x00029674   0x000000ec   Data   RO         2839    .constdata          dm_downlink.o
    0x00029760   0x00029760   0x00000106   Data   RO         2911    .constdata          region_ww2g4.o
    0x00029866   0x00029866   0x00000002   PAD
    0x00029868   0x00029868   0x0000018c   Data   RO         3139    .constdata          modem_context.o
    0x000299f4   0x000299f4   0x00000337   Data   RO         3788    .constdata          soft_se.o
    0x00029d2b   0x00029d2b   0x00000001   PAD
    0x00029d2c   0x00029d2c   0x00000233   Data   RO         4006    .constdata          smtc_modem.o
    0x00029f5f   0x00029f5f   0x00000001   PAD
    0x00029f60   0x00029f60   0x00000121   Data   RO         4666    .constdata          smtc_modem_test.o
    0x0002a081   0x0002a081   0x00000300   Data   RO         4842    .constdata          aes.o
    0x0002a381   0x0002a381   0x00000003   PAD
    0x0002a384   0x0002a384   0x00000100   Data   RO         4958    .constdata          lorawan_certification.o
    0x0002a484   0x0002a484   0x000002ae   Data   RO         5237    .constdata          lr1_stack_mac_layer.o
    0x0002a732   0x0002a732   0x00000014   Data   RO         5582    .constdata          lr1mac_utilities.o
    0x0002a746   0x0002a746   0x00000002   PAD
    0x0002a748   0x0002a748   0x000000d4   Data   RO         5761    .constdata          lr1mac_core.o
    0x0002a81c   0x0002a81c   0x000005a9   Data   RO         6210    .constdata          smtc_real.o
    0x0002adc5   0x0002adc5   0x0000003d   Data   RO         6651    .constdata          smtc_duty_cycle.o
    0x0002ae02   0x0002ae02   0x00000002   PAD
    0x0002ae04   0x0002ae04   0x000000f2   Data   RO         6743    .constdata          lr1mac_class_c.o
    0x0002aef6   0x0002aef6   0x00000002   PAD
    0x0002aef8   0x0002aef8   0x000000ff   Data   RO         6840    .constdata          smtc_lbt.o
    0x0002aff7   0x0002aff7   0x00000001   PAD
    0x0002aff8   0x0002aff8   0x00000164   Data   RO         6927    .constdata          smtc_ping_slot.o
    0x0002b15c   0x0002b15c   0x0000011e   Data   RO         7054    .constdata          smtc_beacon_sniff.o
    0x0002b27a   0x0002b27a   0x000000d7   Data   RO         7331    .constdata          radio_planner.o
    0x0002b351   0x0002b351   0x00000003   PAD
    0x0002b354   0x0002b354   0x0000010a   Data   RO         7612    .constdata          ral_sx128x.o
    0x0002b45e   0x0002b45e   0x00000003   Data   RO         7988    .constdata          libam_hal.lib(am_hal_cachectrl.o)
    0x0002b461   0x0002b461   0x00000003   PAD
    0x0002b464   0x0002b464   0x00000162   Data   RO         8168    .constdata          libam_hal.lib(am_hal_gpio.o)
    0x0002b5c6   0x0002b5c6   0x00000002   PAD
    0x0002b5c8   0x0002b5c8   0x00000004   Data   RO         8176    .constdata          libam_hal.lib(am_hal_gpio.o)
    0x0002b5cc   0x0002b5cc   0x00000080   Data   RO         8274    .constdata          libam_hal.lib(am_hal_mcuctrl.o)
    0x0002b64c   0x0002b64c   0x00000140   Data   RO         8340    .constdata          libam_hal.lib(am_hal_cmdq.o)
    0x0002b78c   0x0002b78c   0x00000264   Data   RO         8375    .constdata          libam_hal.lib(am_hal_pwrctrl.o)
    0x0002b9f0   0x0002b9f0   0x00000008   Data   RO         8478    .constdata          c_w.l(_printf_wctomb.o)
    0x0002b9f8   0x0002b9f8   0x00000028   Data   RO         8507    .constdata          c_w.l(_printf_hex_int_ll_ptr.o)
    0x0002ba20   0x0002ba20   0x00000011   Data   RO         8527    .constdata          c_w.l(__printf_flags_ss_wp.o)
    0x0002ba31   0x0002ba31   0x00000026   Data   RO         8632    .constdata          c_w.l(_printf_fp_hex.o)
    0x0002ba57   0x0002ba57   0x00000001   PAD
    0x0002ba58   0x0002ba58   0x00000094   Data   RO         8659    .constdata          c_w.l(bigflt0.o)
    0x0002baec   0x0002baec   0x00000082   Data   RO         2840    .conststring        dm_downlink.o
    0x0002bb6e   0x0002bb6e   0x00000002   PAD
    0x0002bb70   0x0002bb70   0x000000db   Data   RO         3140    .conststring        modem_context.o
    0x0002bc4b   0x0002bc4b   0x00000001   PAD
    0x0002bc4c   0x0002bc4c   0x00000098   Data   RO         3789    .conststring        soft_se.o
    0x0002bce4   0x0002bce4   0x00000042   Data   RO         4007    .conststring        smtc_modem.o
    0x0002bd26   0x0002bd26   0x00000002   PAD
    0x0002bd28   0x0002bd28   0x0000010a   Data   RO         5238    .conststring        lr1_stack_mac_layer.o
    0x0002be32   0x0002be32   0x00000002   PAD
    0x0002be34   0x0002be34   0x00000050   Data   RO         5583    .conststring        lr1mac_utilities.o
    0x0002be84   0x0002be84   0x0000019e   Data   RO         5762    .conststring        lr1mac_core.o
    0x0002c022   0x0002c022   0x00000002   PAD
    0x0002c024   0x0002c024   0x000000a5   Data   RO         6928    .conststring        smtc_ping_slot.o
    0x0002c0c9   0x0002c0c9   0x00000003   PAD
    0x0002c0cc   0x0002c0cc   0x000000f1   Data   RO         7055    .conststring        smtc_beacon_sniff.o
    0x0002c1bd   0x0002c1bd   0x00000003   PAD
    0x0002c1c0   0x0002c1c0   0x00000045   Data   RO         7332    .conststring        radio_planner.o
    0x0002c205   0x0002c205   0x00000003   PAD
    0x0002c208   0x0002c208   0x00000020   Data   RO         8779    Region$$Table       anon$$obj.o
    0x0002c228   0x0002c228   0x0000001c   Data   RO         8683    locale$$data        c_w.l(lc_numeric_c.o)
    0x0002c244   0x0002c244   0x00000110   Data   RO         8711    locale$$data        c_w.l(lc_ctype_c.o)


    Execution Region SRAM (Exec base: 0x10000000, Load base: 0x0002c354, Size: 0x00007408, Max: 0x00060000, ABSOLUTE, COMPRESSED[0x000000ac])

    Exec Addr    Load Addr    Size         Type   Attr      Idx    E Section Name        Object

    0x10000000   COMPRESSED   0x0000000a   Data   RW           11    .data               main.o
    0x1000000a   COMPRESSED   0x00000002   PAD
    0x1000000c   COMPRESSED   0x00000018   Data   RW          292    .data               smtc_hal_spi.o
    0x10000024   COMPRESSED   0x00000008   Data   RW          469    .data               smtc_hal_lp_timer.o
    0x1000002c   COMPRESSED   0x00000009   Data   RW          548    .data               smtc_hal_rtc.o
    0x10000035   COMPRESSED   0x00000003   PAD
    0x10000038   COMPRESSED   0x00000005   Data   RW         1003    .data               am_util_stdio.o
    0x1000003d   COMPRESSED   0x00000001   Data   RW         1145    .data               sx128x_hal.o
    0x1000003e   COMPRESSED   0x00000002   PAD
    0x10000040   COMPRESSED   0x00000038   Data   RW         2841    .data               dm_downlink.o
    0x10000078   COMPRESSED   0x0000005c   Data   RW         3141    .data               modem_context.o
    0x100000d4   COMPRESSED   0x0000001c   Data   RW         4008    .data               smtc_modem.o
    0x100000f0   COMPRESSED   0x00000010   Data   RW         5045    .data               modem_supervisor.o
    0x10000100   COMPRESSED   0x00000040   Data   RW         5239    .data               lr1_stack_mac_layer.o
    0x10000140   COMPRESSED   0x0000008c   Data   RW         5763    .data               lr1mac_core.o
    0x100001cc   COMPRESSED   0x00000004   Data   RW         7975    .data               libam_hal.lib(am_hal_global.o)
    0x100001d0   COMPRESSED   0x00000010   Data   RW         8048    .data               libam_hal.lib(am_hal_ctimer.o)
    0x100001e0   COMPRESSED   0x00000004   Data   RW         8410    .data               libam_hal.lib(am_hal_reset.o)
    0x100001e4   COMPRESSED   0x00000021   Data   RW         1251    .noinit             smtc_modem_hal.o
    0x10000205   COMPRESSED   0x00000003   PAD
    0x10000208        -       0x00001000   Zero   RW         1102    STACK               startup_keil.o
    0x10001208        -       0x00000400   Zero   RW            9    .bss                main.o
    0x10001608        -       0x000000c8   Zero   RW          353    .bss                smtc_hal_gpio.o
    0x100016d0        -       0x00000400   Zero   RW         1002    .bss                am_util_stdio.o
    0x10001ad0        -       0x0000000c   Zero   RW         1249    .bss                smtc_modem_hal.o
    0x10001adc        -       0x00000eb4   Zero   RW         1563    .bss                lorawan_api.o
    0x10002990        -       0x00000172   Zero   RW         3138    .bss                modem_context.o
    0x10002b02        -       0x0000019b   Zero   RW         3787    .bss                soft_se.o
    0x10002c9d   COMPRESSED   0x00000003   PAD
    0x10002ca0        -       0x00000abc   Zero   RW         4005    .bss                smtc_modem.o
    0x1000375c        -       0x00000114   Zero   RW         4665    .bss                smtc_modem_test.o
    0x10003870        -       0x0000023a   Zero   RW         5043    .bss                modem_supervisor.o
    0x10003aaa   COMPRESSED   0x00000002   PAD
    0x10003aac        -       0x00000080   Zero   RW         8046    .bss                libam_hal.lib(am_hal_ctimer.o)
    0x10003b2c        -       0x00000190   Zero   RW         8167    .bss                libam_hal.lib(am_hal_gpio.o)
    0x10003cbc        -       0x000033d8   Zero   RW         8236    .bss                libam_hal.lib(am_hal_iom.o)
    0x10007094        -       0x000000d0   Zero   RW         8302    .bss                libam_hal.lib(am_hal_uart.o)
    0x10007164        -       0x00000160   Zero   RW         8339    .bss                libam_hal.lib(am_hal_cmdq.o)
    0x100072c4        -       0x000000e4   Zero   RW         8431    .bss                c_w.l(rand.o)
    0x100073a8        -       0x00000060   Zero   RW         8705    .bss                c_w.l(libspace.o)
    0x10007408        -       0x00000000   Zero   RW         1103    HEAP                startup_keil.o


==============================================================================

Image component sizes


      Code (inc. data)   RO Data    RW Data    ZI Data      Debug   Object Name

      1530         22        768          0          0      15664   aes.o
        36          6          0          0          0        715   am_util_delay.o
      1286        782          0          0          0       2332   am_util_faultisr.o
      2152         60          0          5       1024      13464   am_util_stdio.o
       744          0          0          0          0       5757   cmac.o
      1036        430        366         56          0      30211   dm_downlink.o
      1306        290          0          0          0       7581   fifo_ctrl.o
      2190        638        320          0       3764     101213   lorawan_api.o
      2646        146        256          0          0      12789   lorawan_certification.o
     15210       3958        952         64          0      84236   lr1_stack_mac_layer.o
      3202        844        242          0          0      48609   lr1mac_class_c.o
      5388       1430        626        140          0      59972   lr1mac_core.o
      1130        174        100          0          0      15094   lr1mac_utilities.o
       476         60         60         10       1024     507979   main.o
      5550       1582        615         92        370      69794   modem_context.o
      4976       1176          0         16        570      16014   modem_supervisor.o
        64          6          0          0          0       1879   modem_utilities.o
      6248        816        284          0          0      38508   radio_planner.o
        68          0          0          0          0       4652   radio_planner_hal.o
      3394         48        266          0          0      73503   ral_sx128x.o
        78          0          0          0          0      14958   ral_sx128x_bsp.o
       524          0          0          0          0      13723   ralf_sx128x.o
      1632        410        262          0          0       9919   region_ww2g4.o
      5206        762        527          0          0      49214   smtc_beacon_sniff.o
      1424        136         61          0          0      13103   smtc_duty_cycle.o
       272         72          0          0          0       3088   smtc_hal_flash.o
       576         34          4          0        200      45282   smtc_hal_gpio.o
       268         24          0          8          0       5517   smtc_hal_lp_timer.o
       120         10          0          0          0      33767   smtc_hal_mcu.o
        62          0          0          0          0       1751   smtc_hal_rng.o
       328         58          0          9          0       3445   smtc_hal_rtc.o
       260         80         52         24          0       8743   smtc_hal_spi.o
        30          0          0          0          0        686   smtc_hal_trace.o
      1414        368        255          0          0      18003   smtc_lbt.o
      3578       1122        629         28       2748      37698   smtc_modem.o
      1098          0          0          0          0      14474   smtc_modem_crypto.o
       762        180         60         33         12      19075   smtc_modem_hal.o
      1290        552        289          0        276      44364   smtc_modem_test.o
      5814       1126        521          0          0      42900   smtc_ping_slot.o
     10728       3516       1449          0          0      79521   smtc_real.o
      1210         86        975          0        411      19667   soft_se.o
       332        274          0          0       4096       1328   startup_keil.o
      4022        286        276          0          0      58893   sx128x.o
       338         18          0          1          0       6644   sx128x_hal.o
      1484        962        284          0          0      34275   tx_rx_test.o

    ----------------------------------------------------------------------
    101602      22544      10566        496      14500    1690004   Object Totals
         0          0         32          0          0          0   (incl. Generated)
       120          0         35         10          5          0   (incl. Padding)

    ----------------------------------------------------------------------

      Code (inc. data)   RO Data    RW Data    ZI Data      Debug   Library Member Name

        90          0          0          0          0          0   __dczerorl2.o
         8          0          0          0          0         68   __main.o
       392          4         17          0          0         92   __printf_flags_ss_wp.o
        14          0          0          0          0         68   __printf_wp.o
         0          0          0          0          0          0   __rtentry.o
        12          0          0          0          0          0   __rtentry2.o
         6          0          0          0          0          0   __rtentry4.o
        52          8          0          0          0          0   __scatter.o
        28          0          0          0          0          0   __scatter_zi.o
         6          0          0          0          0          0   _printf_a.o
         6          0          0          0          0          0   _printf_c.o
        44          0          0          0          0        108   _printf_char.o
        48          6          0          0          0         96   _printf_char_common.o
        40          0          0          0          0         68   _printf_charcount.o
         6          0          0          0          0          0   _printf_d.o
       120         16          0          0          0         92   _printf_dec.o
         6          0          0          0          0          0   _printf_e.o
         6          0          0          0          0          0   _printf_f.o
      1054          0          0          0          0        216   _printf_fp_dec.o
       764          8         38          0          0        100   _printf_fp_hex.o
       128         16          0          0          0         84   _printf_fp_infnan.o
         6          0          0          0          0          0   _printf_g.o
       148          4         40          0          0        160   _printf_hex_int_ll_ptr.o
         6          0          0          0          0          0   _printf_i.o
       178          0          0          0          0         88   _printf_intcommon.o
        10          0          0          0          0          0   _printf_l.o
         6          0          0          0          0          0   _printf_lc.o
        10          0          0          0          0          0   _printf_ll.o
         6          0          0          0          0          0   _printf_lld.o
         6          0          0          0          0          0   _printf_lli.o
         6          0          0          0          0          0   _printf_llo.o
         6          0          0          0          0          0   _printf_llu.o
         6          0          0          0          0          0   _printf_llx.o
       124         16          0          0          0         92   _printf_longlong_dec.o
         6          0          0          0          0          0   _printf_ls.o
         6          0          0          0          0          0   _printf_n.o
         6          0          0          0          0          0   _printf_o.o
       112         10          0          0          0        124   _printf_oct_int_ll.o
         6          0          0          0          0          0   _printf_p.o
        78          0          0          0          0        108   _printf_pad.o
         0          0          0          0          0          0   _printf_percent.o
         4          0          0          0          0          0   _printf_percent_end.o
         6          0          0          0          0          0   _printf_s.o
        82          0          0          0          0         80   _printf_str.o
        36          0          0          0          0         84   _printf_truncate.o
         6          0          0          0          0          0   _printf_u.o
        44          0          0          0          0        108   _printf_wchar.o
       188          6          8          0          0         92   _printf_wctomb.o
         6          0          0          0          0          0   _printf_x.o
        10          0          0          0          0         68   _sputc.o
        64          0          0          0          0         92   _wcrtomb.o
        16          0          0          0          0         68   aeabi_memset.o
       228          4        148          0          0         96   bigflt0.o
      1936        128          0          0          0        672   btod.o
        18          0          0          0          0         80   exit.o
         6          0          0          0          0        152   heapauxi.o
         0          0          0          0          0          0   indicate_semi.o
        44         10        272          0          0         76   lc_ctype_c.o
        44         10         28          0          0         76   lc_numeric_c.o
         2          0          0          0          0          0   libinit.o
        38          0          0          0          0          0   libinit2.o
         2          0          0          0          0          0   libshutdown.o
         2          0          0          0          0          0   libshutdown2.o
         8          4          0          0         96         68   libspace.o
        38          0          0          0          0         68   llshl.o
       138          0          0          0          0         80   lludiv10.o
        38          0          0          0          0         68   llushr.o
       112         18          0          0        228        160   rand.o
        16          4          0          0          0         76   rt_ctype_table.o
         8          4          0          0          0         68   rt_locale_intlibspace.o
        68          0          0          0          0         68   rt_memclr.o
        78          0          0          0          0         80   rt_memclr_w.o
       138          0          0          0          0         68   rt_memcpy_v6.o
       100          0          0          0          0         80   rt_memcpy_w.o
         2          0          0          0          0          0   rtexit.o
        10          0          0          0          0          0   rtexit2.o
       128          0          0          0          0         68   strcmpv7m.o
        22          0          0          0          0         68   strrchr.o
        12          4          0          0          0         68   sys_exit.o
        74          0          0          0          0         80   sys_stackheap_outer.o
         2          0          0          0          0         68   use_no_semi.o
        36          4          0          0          0         76   vsprintf.o
        98          4          0          0          0        140   d2f.o
       156          4          0          0          0        140   dnaninf.o
        10          0          0          0          0        116   fpinit.o
        10          0          0          0          0        116   fretinf.o
         4          0          0          0          0        116   printf1.o
         4          0          0          0          0        116   printf2.o
         0          0          0          0          0          0   usenofp.o
        96         12          3          0          0        244   am_hal_cachectrl.o
       304         34          0          0          0        240   am_hal_clkgen.o
       368         22        320          0        352        372   am_hal_cmdq.o
       956        114          0         16        128       1196   am_hal_ctimer.o
         2          0          0          0          0        116   am_hal_debug.o
       220         20          0          0          0        520   am_hal_flash.o
         0          0          0          4          0          0   am_hal_global.o
      1202         80        358          0        400        956   am_hal_gpio.o
        22          0          0          0          0        148   am_hal_interrupt.o
      2924        110          0          0      13272       1000   am_hal_iom.o
       312         34        128          0          0        116   am_hal_mcuctrl.o
       300         16        612          0          0        272   am_hal_pwrctrl.o
       338          0          0          0          0        380   am_hal_queue.o
         0          0          0          4          0          0   am_hal_reset.o
      2894         84          0          0        208       1392   am_hal_uart.o
       108         10          0          0          0        116   ceilf.o
        48          0          0          0          0        124   fpclassify.o

    ----------------------------------------------------------------------
     17778        828       1978         24      14684      12556   Library Totals
        30          0          6          0          0          0   (incl. Padding)

    ----------------------------------------------------------------------

      Code (inc. data)   RO Data    RW Data    ZI Data      Debug   Library Name

      7372        284        551          0        324       4620   c_w.l
       282          8          0          0          0        744   fz_wm.l
         0          0          0          4          0          0   libam_hal.lib
      9938        526       1421         20      14360       6952   libam_hal.lib
       156         10          0          0          0        240   m_wm.l

    ----------------------------------------------------------------------
     17778        828       1978         24      14684      12556   Library Totals

    ----------------------------------------------------------------------

==============================================================================


      Code (inc. data)   RO Data    RW Data    ZI Data      Debug   

    119380      23372      12544        520      29184    1614060   Grand Totals
    119380      23372      12544        172      29184    1614060   ELF Image Totals (compressed)
    119380      23372      12544        172          0          0   ROM Totals

==============================================================================

    Total RO  Size (Code + RO Data)               131924 ( 128.83kB)
    Total RW  Size (RW Data + ZI Data)             29704 (  29.01kB)
    Total ROM Size (Code + RO Data + RW Data)     132096 ( 129.00kB)

==============================================================================

