<!doctype html public "-//w3c//dtd html 4.0 transitional//en">
<html><head>
<title>Static Call Graph - [.\bin\hello_world_uart.axf]</title></head>
<body><HR>
<H1>Static Call Graph for image .\bin\hello_world_uart.axf</H1><HR>
<BR><P>#&#060CALLGRAPH&#062# ARM Linker, 5060750: Last Updated: Wed Jun 21 23:35:03 2023
<BR><P>
<H3>Maximum Stack Usage =       2536 bytes + Unknown(Cycles, Untraceable Function Pointers)</H3><H3>
Call chain for Maximum Stack Depth:</H3>
__rt_entry_main &rArr; main &rArr; smtc_modem_run_engine &rArr; modem_supervisor_engine &rArr; certification_event_handler &rArr; smtc_modem_set_certification_mode &rArr; smtc_secure_element_store_context &rArr; smtc_secure_element_restore_context &rArr; smtc_modem_hal_print_trace &rArr; hal_trace_print &rArr; uart_print &rArr; am_hal_uart_transfer &rArr; read_nonblocking &rArr; am_hal_queue_item_get
<P>
<H3>
Mutually Recursive functions
</H3> <LI><a href="#[4]">NMI_Handler</a>&nbsp;&nbsp;&nbsp;&rArr;&nbsp;&nbsp;&nbsp;<a href="#[4]">NMI_Handler</a><BR>
 <LI><a href="#[6]">MemManage_Handler</a>&nbsp;&nbsp;&nbsp;&rArr;&nbsp;&nbsp;&nbsp;<a href="#[6]">MemManage_Handler</a><BR>
 <LI><a href="#[7]">BusFault_Handler</a>&nbsp;&nbsp;&nbsp;&rArr;&nbsp;&nbsp;&nbsp;<a href="#[7]">BusFault_Handler</a><BR>
 <LI><a href="#[8]">UsageFault_Handler</a>&nbsp;&nbsp;&nbsp;&rArr;&nbsp;&nbsp;&nbsp;<a href="#[8]">UsageFault_Handler</a><BR>
 <LI><a href="#[9]">SVC_Handler</a>&nbsp;&nbsp;&nbsp;&rArr;&nbsp;&nbsp;&nbsp;<a href="#[9]">SVC_Handler</a><BR>
 <LI><a href="#[a]">DebugMon_Handler</a>&nbsp;&nbsp;&nbsp;&rArr;&nbsp;&nbsp;&nbsp;<a href="#[a]">DebugMon_Handler</a><BR>
 <LI><a href="#[b]">PendSV_Handler</a>&nbsp;&nbsp;&nbsp;&rArr;&nbsp;&nbsp;&nbsp;<a href="#[b]">PendSV_Handler</a><BR>
 <LI><a href="#[c]">SysTick_Handler</a>&nbsp;&nbsp;&nbsp;&rArr;&nbsp;&nbsp;&nbsp;<a href="#[c]">SysTick_Handler</a><BR>
 <LI><a href="#[1f]">am_adc_isr</a>&nbsp;&nbsp;&nbsp;&rArr;&nbsp;&nbsp;&nbsp;<a href="#[1f]">am_adc_isr</a><BR>
 <LI><a href="#[11c]">am_hal_debug_error</a>&nbsp;&nbsp;&nbsp;&rArr;&nbsp;&nbsp;&nbsp;<a href="#[11c]">am_hal_debug_error</a><BR>
</UL>
<P>
<H3>
Function Pointers
</H3><UL>
 <LI><a href="#[7]">BusFault_Handler</a> from startup_keil.o(RESET) referenced from startup_keil.o(RESET)
 <LI><a href="#[a]">DebugMon_Handler</a> from startup_keil.o(RESET) referenced from startup_keil.o(RESET)
 <LI><a href="#[5]">HardFault_Handler</a> from am_util_faultisr.o(.emb_text) referenced from startup_keil.o(RESET)
 <LI><a href="#[6]">MemManage_Handler</a> from startup_keil.o(RESET) referenced from startup_keil.o(RESET)
 <LI><a href="#[4]">NMI_Handler</a> from startup_keil.o(RESET) referenced from startup_keil.o(RESET)
 <LI><a href="#[b]">PendSV_Handler</a> from startup_keil.o(RESET) referenced from startup_keil.o(RESET)
 <LI><a href="#[3]">Reset_Handler</a> from startup_keil.o(RESET) referenced from startup_keil.o(RESET)
 <LI><a href="#[9]">SVC_Handler</a> from startup_keil.o(RESET) referenced from startup_keil.o(RESET)
 <LI><a href="#[c]">SysTick_Handler</a> from startup_keil.o(RESET) referenced from startup_keil.o(RESET)
 <LI><a href="#[8]">UsageFault_Handler</a> from startup_keil.o(RESET) referenced from startup_keil.o(RESET)
 <LI><a href="#[92]">__main</a> from __main.o(!!!main) referenced from startup_keil.o(RESET)
 <LI><a href="#[30]">_get_lc_ctype</a> from lc_ctype_c.o(locale$$code) referenced from rt_ctype_table.o(.text)
 <LI><a href="#[2f]">_printf_input_char</a> from _printf_char_common.o(.text) referenced from _printf_char_common.o(.text)
 <LI><a href="#[2e]">_sputc</a> from _sputc.o(.text) referenced from vsprintf.o(.text)
 <LI><a href="#[1f]">am_adc_isr</a> from startup_keil.o(RESET) referenced from startup_keil.o(RESET)
 <LI><a href="#[19]">am_ble_isr</a> from startup_keil.o(RESET) referenced from startup_keil.o(RESET)
 <LI><a href="#[d]">am_brownout_isr</a> from startup_keil.o(RESET) referenced from startup_keil.o(RESET)
 <LI><a href="#[2c]">am_clkgen_isr</a> from startup_keil.o(RESET) referenced from startup_keil.o(RESET)
 <LI><a href="#[1b]">am_ctimer_isr</a> from smtc_hal_lp_timer.o(i.am_ctimer_isr) referenced from startup_keil.o(RESET)
 <LI><a href="#[1a]">am_gpio_isr</a> from smtc_hal_gpio.o(i.am_gpio_isr) referenced from startup_keil.o(RESET)
 <LI><a href="#[13]">am_iomaster0_isr</a> from startup_keil.o(RESET) referenced from startup_keil.o(RESET)
 <LI><a href="#[14]">am_iomaster1_isr</a> from startup_keil.o(RESET) referenced from startup_keil.o(RESET)
 <LI><a href="#[15]">am_iomaster2_isr</a> from startup_keil.o(RESET) referenced from startup_keil.o(RESET)
 <LI><a href="#[16]">am_iomaster3_isr</a> from startup_keil.o(RESET) referenced from startup_keil.o(RESET)
 <LI><a href="#[17]">am_iomaster4_isr</a> from startup_keil.o(RESET) referenced from startup_keil.o(RESET)
 <LI><a href="#[18]">am_iomaster5_isr</a> from startup_keil.o(RESET) referenced from startup_keil.o(RESET)
 <LI><a href="#[12]">am_ioslave_acc_isr</a> from startup_keil.o(RESET) referenced from startup_keil.o(RESET)
 <LI><a href="#[11]">am_ioslave_ios_isr</a> from startup_keil.o(RESET) referenced from startup_keil.o(RESET)
 <LI><a href="#[21]">am_mspi0_isr</a> from startup_keil.o(RESET) referenced from startup_keil.o(RESET)
 <LI><a href="#[20]">am_pdm0_isr</a> from startup_keil.o(RESET) referenced from startup_keil.o(RESET)
 <LI><a href="#[f]">am_rtc_isr</a> from startup_keil.o(RESET) referenced from startup_keil.o(RESET)
 <LI><a href="#[1e]">am_scard_isr</a> from startup_keil.o(RESET) referenced from startup_keil.o(RESET)
 <LI><a href="#[22]">am_software0_isr</a> from startup_keil.o(RESET) referenced from startup_keil.o(RESET)
 <LI><a href="#[24]">am_stimer_cmpr0_isr</a> from startup_keil.o(RESET) referenced from startup_keil.o(RESET)
 <LI><a href="#[25]">am_stimer_cmpr1_isr</a> from startup_keil.o(RESET) referenced from startup_keil.o(RESET)
 <LI><a href="#[26]">am_stimer_cmpr2_isr</a> from startup_keil.o(RESET) referenced from startup_keil.o(RESET)
 <LI><a href="#[27]">am_stimer_cmpr3_isr</a> from startup_keil.o(RESET) referenced from startup_keil.o(RESET)
 <LI><a href="#[28]">am_stimer_cmpr4_isr</a> from startup_keil.o(RESET) referenced from startup_keil.o(RESET)
 <LI><a href="#[29]">am_stimer_cmpr5_isr</a> from startup_keil.o(RESET) referenced from startup_keil.o(RESET)
 <LI><a href="#[2a]">am_stimer_cmpr6_isr</a> from startup_keil.o(RESET) referenced from startup_keil.o(RESET)
 <LI><a href="#[2b]">am_stimer_cmpr7_isr</a> from startup_keil.o(RESET) referenced from startup_keil.o(RESET)
 <LI><a href="#[23]">am_stimer_isr</a> from startup_keil.o(RESET) referenced from startup_keil.o(RESET)
 <LI><a href="#[1d]">am_uart1_isr</a> from startup_keil.o(RESET) referenced from startup_keil.o(RESET)
 <LI><a href="#[1c]">am_uart_isr</a> from main.o(i.am_uart_isr) referenced from startup_keil.o(RESET)
 <LI><a href="#[10]">am_vcomp_isr</a> from startup_keil.o(RESET) referenced from startup_keil.o(RESET)
 <LI><a href="#[e]">am_watchdog_isr</a> from startup_keil.o(RESET) referenced from startup_keil.o(RESET)
 <LI><a href="#[49]">callback_rp_user_radio_access_0</a> from smtc_modem.o(i.callback_rp_user_radio_access_0) referenced from smtc_modem.o(i.smtc_modem_init)
 <LI><a href="#[4a]">callback_rp_user_radio_access_1</a> from smtc_modem.o(i.callback_rp_user_radio_access_1) referenced from smtc_modem.o(i.smtc_modem_init)
 <LI><a href="#[4b]">callback_rp_user_radio_access_2</a> from smtc_modem.o(i.callback_rp_user_radio_access_2) referenced from smtc_modem.o(i.smtc_modem_init)
 <LI><a href="#[47]">empty_callback</a> from smtc_modem.o(i.empty_callback) referenced from smtc_modem.o(i.smtc_modem_init)
 <LI><a href="#[52]">get_event</a> from tx_rx_test.o(i.get_event) referenced from tx_rx_test.o(i.test_radio)
 <LI><a href="#[34]">lorawan_api_class_a_downlink_callback</a> from lorawan_api.o(i.lorawan_api_class_a_downlink_callback) referenced from lorawan_api.o(i.lorawan_api_init)
 <LI><a href="#[39]">lorawan_api_class_b_beacon_callback</a> from lorawan_api.o(i.lorawan_api_class_b_beacon_callback) referenced from lorawan_api.o(i.lorawan_api_init)
 <LI><a href="#[37]">lorawan_api_class_b_downlink_callback</a> from lorawan_api.o(i.lorawan_api_class_b_downlink_callback) referenced from lorawan_api.o(i.lorawan_api_init)
 <LI><a href="#[35]">lorawan_api_class_c_downlink_callback</a> from lorawan_api.o(i.lorawan_api_class_c_downlink_callback) referenced from lorawan_api.o(i.lorawan_api_init)
 <LI><a href="#[4f]">lr1_stack_mac_radio_abort_lbt</a> from lr1_stack_mac_layer.o(i.lr1_stack_mac_radio_abort_lbt) referenced from smtc_real.o(i.smtc_real_config)
 <LI><a href="#[50]">lr1_stack_mac_radio_busy_lbt</a> from lr1_stack_mac_layer.o(i.lr1_stack_mac_radio_busy_lbt) referenced from smtc_real.o(i.smtc_real_config)
 <LI><a href="#[40]">lr1_stack_mac_rp_callback</a> from lr1_stack_mac_layer.o(i.lr1_stack_mac_rp_callback) referenced from lr1mac_core.o(i.lr1mac_core_init)
 <LI><a href="#[3b]">lr1_stack_mac_rx_gfsk_launch_callback_for_rp</a> from lr1_stack_mac_layer.o(i.lr1_stack_mac_rx_gfsk_launch_callback_for_rp) referenced from lr1_stack_mac_layer.o(i.lr1_stack_mac_rx_radio_start)
 <LI><a href="#[3b]">lr1_stack_mac_rx_gfsk_launch_callback_for_rp</a> from lr1_stack_mac_layer.o(i.lr1_stack_mac_rx_gfsk_launch_callback_for_rp) referenced from lr1mac_class_c.o(i.lr1mac_class_c_launch)
 <LI><a href="#[3b]">lr1_stack_mac_rx_gfsk_launch_callback_for_rp</a> from lr1_stack_mac_layer.o(i.lr1_stack_mac_rx_gfsk_launch_callback_for_rp) referenced from smtc_ping_slot.o(i.smtc_ping_slot_start)
 <LI><a href="#[3a]">lr1_stack_mac_rx_lora_launch_callback_for_rp</a> from lr1_stack_mac_layer.o(i.lr1_stack_mac_rx_lora_launch_callback_for_rp) referenced from lr1_stack_mac_layer.o(i.lr1_stack_mac_rx_radio_start)
 <LI><a href="#[3a]">lr1_stack_mac_rx_lora_launch_callback_for_rp</a> from lr1_stack_mac_layer.o(i.lr1_stack_mac_rx_lora_launch_callback_for_rp) referenced from lr1mac_class_c.o(i.lr1mac_class_c_launch)
 <LI><a href="#[3d]">lr1_stack_mac_tx_gfsk_launch_callback_for_rp</a> from lr1_stack_mac_layer.o(i.lr1_stack_mac_tx_gfsk_launch_callback_for_rp) referenced from lr1_stack_mac_layer.o(i.lr1_stack_mac_tx_radio_start)
 <LI><a href="#[3c]">lr1_stack_mac_tx_lora_launch_callback_for_rp</a> from lr1_stack_mac_layer.o(i.lr1_stack_mac_tx_lora_launch_callback_for_rp) referenced from lr1_stack_mac_layer.o(i.lr1_stack_mac_tx_radio_start)
 <LI><a href="#[3e]">lr1_stack_mac_tx_lr_fhss_launch_callback_for_rp</a> from lr1_stack_mac_layer.o(i.lr1_stack_mac_tx_lr_fhss_launch_callback_for_rp) referenced from lr1_stack_mac_layer.o(i.lr1_stack_mac_tx_radio_start)
 <LI><a href="#[51]">lr1_stack_mac_tx_radio_free_lbt</a> from lr1_stack_mac_layer.o(i.lr1_stack_mac_tx_radio_free_lbt) referenced from smtc_real.o(i.smtc_real_config)
 <LI><a href="#[36]">lr1mac_class_c_mac_rp_callback</a> from lr1mac_class_c.o(i.lr1mac_class_c_mac_rp_callback) referenced from lorawan_api.o(i.lorawan_api_init)
 <LI><a href="#[3f]">lr1mac_class_c_rp_callback</a> from lr1mac_class_c.o(i.lr1mac_class_c_rp_callback) referenced from lr1mac_class_c.o(i.lr1mac_class_c_init)
 <LI><a href="#[91]">modem_context_empty_callback</a> from modem_context.o(i.modem_context_empty_callback) referenced 2 times from modem_context.o(.constdata)
 <LI><a href="#[4e]">ping_slot_mac_rx_lora_launch_callback_for_rp</a> from smtc_ping_slot.o(i.ping_slot_mac_rx_lora_launch_callback_for_rp) referenced from smtc_ping_slot.o(i.smtc_ping_slot_start)
 <LI><a href="#[63]">ral_sx128x_cal_img</a> from ral_sx128x.o(i.ral_sx128x_cal_img) referenced from tx_rx_test.o(.constdata)
 <LI><a href="#[5c]">ral_sx128x_cfg_rx_boosted</a> from ral_sx128x.o(i.ral_sx128x_cfg_rx_boosted) referenced from tx_rx_test.o(.constdata)
 <LI><a href="#[68]">ral_sx128x_clear_irq_status</a> from ral_sx128x.o(i.ral_sx128x_clear_irq_status) referenced from tx_rx_test.o(.constdata)
 <LI><a href="#[69]">ral_sx128x_get_and_clear_irq_status</a> from ral_sx128x.o(i.ral_sx128x_get_and_clear_irq_status) referenced from tx_rx_test.o(.constdata)
 <LI><a href="#[78]">ral_sx128x_get_flrc_rx_pkt_status</a> from ral_sx128x.o(i.ral_sx128x_get_flrc_rx_pkt_status) referenced from tx_rx_test.o(.constdata)
 <LI><a href="#[7c]">ral_sx128x_get_flrc_time_on_air_in_ms</a> from ral_sx128x.o(i.ral_sx128x_get_flrc_time_on_air_in_ms) referenced from tx_rx_test.o(.constdata)
 <LI><a href="#[8b]">ral_sx128x_get_gfsk_rx_consumption_in_ua</a> from ral_sx128x.o(i.ral_sx128x_get_gfsk_rx_consumption_in_ua) referenced from tx_rx_test.o(.constdata)
 <LI><a href="#[76]">ral_sx128x_get_gfsk_rx_pkt_status</a> from ral_sx128x.o(i.ral_sx128x_get_gfsk_rx_pkt_status) referenced from tx_rx_test.o(.constdata)
 <LI><a href="#[7b]">ral_sx128x_get_gfsk_time_on_air_in_ms</a> from ral_sx128x.o(i.ral_sx128x_get_gfsk_time_on_air_in_ms) referenced from tx_rx_test.o(.constdata)
 <LI><a href="#[67]">ral_sx128x_get_irq_status</a> from ral_sx128x.o(i.ral_sx128x_get_irq_status) referenced from tx_rx_test.o(.constdata)
 <LI><a href="#[8c]">ral_sx128x_get_lora_rx_consumption_in_ua</a> from ral_sx128x.o(i.ral_sx128x_get_lora_rx_consumption_in_ua) referenced from tx_rx_test.o(.constdata)
 <LI><a href="#[89]">ral_sx128x_get_lora_rx_pkt_cr_crc</a> from ral_sx128x.o(i.ral_sx128x_get_lora_rx_pkt_cr_crc) referenced from tx_rx_test.o(.constdata)
 <LI><a href="#[77]">ral_sx128x_get_lora_rx_pkt_status</a> from ral_sx128x.o(i.ral_sx128x_get_lora_rx_pkt_status) referenced from tx_rx_test.o(.constdata)
 <LI><a href="#[7a]">ral_sx128x_get_lora_time_on_air_in_ms</a> from ral_sx128x.o(i.ral_sx128x_get_lora_time_on_air_in_ms) referenced from tx_rx_test.o(.constdata)
 <LI><a href="#[66]">ral_sx128x_get_pkt_payload</a> from ral_sx128x.o(i.ral_sx128x_get_pkt_payload) referenced from tx_rx_test.o(.constdata)
 <LI><a href="#[6d]">ral_sx128x_get_pkt_type</a> from ral_sx128x.o(i.ral_sx128x_get_pkt_type) referenced from tx_rx_test.o(.constdata)
 <LI><a href="#[8d]">ral_sx128x_get_random_numbers</a> from ral_sx128x.o(i.ral_sx128x_get_random_numbers) referenced from tx_rx_test.o(.constdata)
 <LI><a href="#[79]">ral_sx128x_get_rssi_inst</a> from ral_sx128x.o(i.ral_sx128x_get_rssi_inst) referenced from tx_rx_test.o(.constdata)
 <LI><a href="#[8a]">ral_sx128x_get_tx_consumption_in_ua</a> from ral_sx128x.o(i.ral_sx128x_get_tx_consumption_in_ua) referenced from tx_rx_test.o(.constdata)
 <LI><a href="#[53]">ral_sx128x_handles_part</a> from ral_sx128x.o(i.ral_sx128x_handles_part) referenced from tx_rx_test.o(.constdata)
 <LI><a href="#[55]">ral_sx128x_init</a> from ral_sx128x.o(i.ral_sx128x_init) referenced from tx_rx_test.o(.constdata)
 <LI><a href="#[84]">ral_sx128x_lr_fhss_build_frame</a> from ral_sx128x.o(i.ral_sx128x_lr_fhss_build_frame) referenced from tx_rx_test.o(.constdata)
 <LI><a href="#[88]">ral_sx128x_lr_fhss_get_hop_sequence_count</a> from ral_sx128x.o(i.ral_sx128x_lr_fhss_get_hop_sequence_count) referenced from tx_rx_test.o(.constdata)
 <LI><a href="#[87]">ral_sx128x_lr_fhss_get_time_on_air_in_ms</a> from ral_sx128x.o(i.ral_sx128x_lr_fhss_get_time_on_air_in_ms) referenced from tx_rx_test.o(.constdata)
 <LI><a href="#[85]">ral_sx128x_lr_fhss_handle_hop</a> from ral_sx128x.o(i.ral_sx128x_lr_fhss_handle_hop) referenced from tx_rx_test.o(.constdata)
 <LI><a href="#[86]">ral_sx128x_lr_fhss_handle_tx_done</a> from ral_sx128x.o(i.ral_sx128x_lr_fhss_handle_tx_done) referenced from tx_rx_test.o(.constdata)
 <LI><a href="#[83]">ral_sx128x_lr_fhss_init</a> from ral_sx128x.o(i.ral_sx128x_lr_fhss_init) referenced from tx_rx_test.o(.constdata)
 <LI><a href="#[54]">ral_sx128x_reset</a> from ral_sx128x.o(i.ral_sx128x_reset) referenced from tx_rx_test.o(.constdata)
 <LI><a href="#[6a]">ral_sx128x_set_dio_irq_params</a> from ral_sx128x.o(i.ral_sx128x_set_dio_irq_params) referenced from tx_rx_test.o(.constdata)
 <LI><a href="#[81]">ral_sx128x_set_flrc_crc_params</a> from ral_sx128x.o(i.ral_sx128x_set_flrc_crc_params) referenced from tx_rx_test.o(.constdata)
 <LI><a href="#[74]">ral_sx128x_set_flrc_mod_params</a> from ral_sx128x.o(i.ral_sx128x_set_flrc_mod_params) referenced from tx_rx_test.o(.constdata)
 <LI><a href="#[75]">ral_sx128x_set_flrc_pkt_params</a> from ral_sx128x.o(i.ral_sx128x_set_flrc_pkt_params) referenced from tx_rx_test.o(.constdata)
 <LI><a href="#[7f]">ral_sx128x_set_flrc_sync_word</a> from ral_sx128x.o(i.ral_sx128x_set_flrc_sync_word) referenced from tx_rx_test.o(.constdata)
 <LI><a href="#[59]">ral_sx128x_set_fs</a> from ral_sx128x.o(i.ral_sx128x_set_fs) referenced from tx_rx_test.o(.constdata)
 <LI><a href="#[80]">ral_sx128x_set_gfsk_crc_params</a> from ral_sx128x.o(i.ral_sx128x_set_gfsk_crc_params) referenced from tx_rx_test.o(.constdata)
 <LI><a href="#[6e]">ral_sx128x_set_gfsk_mod_params</a> from ral_sx128x.o(i.ral_sx128x_set_gfsk_mod_params) referenced from tx_rx_test.o(.constdata)
 <LI><a href="#[6f]">ral_sx128x_set_gfsk_pkt_params</a> from ral_sx128x.o(i.ral_sx128x_set_gfsk_pkt_params) referenced from tx_rx_test.o(.constdata)
 <LI><a href="#[7d]">ral_sx128x_set_gfsk_sync_word</a> from ral_sx128x.o(i.ral_sx128x_set_gfsk_sync_word) referenced from tx_rx_test.o(.constdata)
 <LI><a href="#[82]">ral_sx128x_set_gfsk_whitening_seed</a> from ral_sx128x.o(i.ral_sx128x_set_gfsk_whitening_seed) referenced from tx_rx_test.o(.constdata)
 <LI><a href="#[60]">ral_sx128x_set_lora_cad</a> from ral_sx128x.o(i.ral_sx128x_set_lora_cad) referenced from tx_rx_test.o(.constdata)
 <LI><a href="#[72]">ral_sx128x_set_lora_cad_params</a> from ral_sx128x.o(i.ral_sx128x_set_lora_cad_params) referenced from tx_rx_test.o(.constdata)
 <LI><a href="#[70]">ral_sx128x_set_lora_mod_params</a> from ral_sx128x.o(i.ral_sx128x_set_lora_mod_params) referenced from tx_rx_test.o(.constdata)
 <LI><a href="#[71]">ral_sx128x_set_lora_pkt_params</a> from ral_sx128x.o(i.ral_sx128x_set_lora_pkt_params) referenced from tx_rx_test.o(.constdata)
 <LI><a href="#[73]">ral_sx128x_set_lora_symb_nb_timeout</a> from ral_sx128x.o(i.ral_sx128x_set_lora_symb_nb_timeout) referenced from tx_rx_test.o(.constdata)
 <LI><a href="#[7e]">ral_sx128x_set_lora_sync_word</a> from ral_sx128x.o(i.ral_sx128x_set_lora_sync_word) referenced from tx_rx_test.o(.constdata)
 <LI><a href="#[65]">ral_sx128x_set_pkt_payload</a> from ral_sx128x.o(i.ral_sx128x_set_pkt_payload) referenced from tx_rx_test.o(.constdata)
 <LI><a href="#[6c]">ral_sx128x_set_pkt_type</a> from ral_sx128x.o(i.ral_sx128x_set_pkt_type) referenced from tx_rx_test.o(.constdata)
 <LI><a href="#[6b]">ral_sx128x_set_rf_freq</a> from ral_sx128x.o(i.ral_sx128x_set_rf_freq) referenced from tx_rx_test.o(.constdata)
 <LI><a href="#[5b]">ral_sx128x_set_rx</a> from ral_sx128x.o(i.ral_sx128x_set_rx) referenced from tx_rx_test.o(.constdata)
 <LI><a href="#[5f]">ral_sx128x_set_rx_duty_cycle</a> from ral_sx128x.o(i.ral_sx128x_set_rx_duty_cycle) referenced from tx_rx_test.o(.constdata)
 <LI><a href="#[5d]">ral_sx128x_set_rx_tx_fallback_mode</a> from ral_sx128x.o(i.ral_sx128x_set_rx_tx_fallback_mode) referenced from tx_rx_test.o(.constdata)
 <LI><a href="#[57]">ral_sx128x_set_sleep</a> from ral_sx128x.o(i.ral_sx128x_set_sleep) referenced from tx_rx_test.o(.constdata)
 <LI><a href="#[58]">ral_sx128x_set_standby</a> from ral_sx128x.o(i.ral_sx128x_set_standby) referenced from tx_rx_test.o(.constdata)
 <LI><a href="#[5a]">ral_sx128x_set_tx</a> from ral_sx128x.o(i.ral_sx128x_set_tx) referenced from tx_rx_test.o(.constdata)
 <LI><a href="#[64]">ral_sx128x_set_tx_cfg</a> from ral_sx128x.o(i.ral_sx128x_set_tx_cfg) referenced from tx_rx_test.o(.constdata)
 <LI><a href="#[61]">ral_sx128x_set_tx_cw</a> from ral_sx128x.o(i.ral_sx128x_set_tx_cw) referenced from tx_rx_test.o(.constdata)
 <LI><a href="#[62]">ral_sx128x_set_tx_infinite_preamble</a> from ral_sx128x.o(i.ral_sx128x_set_tx_infinite_preamble) referenced from tx_rx_test.o(.constdata)
 <LI><a href="#[5e]">ral_sx128x_stop_timer_on_preamble</a> from ral_sx128x.o(i.ral_sx128x_stop_timer_on_preamble) referenced from tx_rx_test.o(.constdata)
 <LI><a href="#[56]">ral_sx128x_wakeup</a> from ral_sx128x.o(i.ral_sx128x_wakeup) referenced from tx_rx_test.o(.constdata)
 <LI><a href="#[90]">ralf_sx128x_setup_flrc</a> from ralf_sx128x.o(i.ralf_sx128x_setup_flrc) referenced from tx_rx_test.o(.constdata)
 <LI><a href="#[8e]">ralf_sx128x_setup_gfsk</a> from ralf_sx128x.o(i.ralf_sx128x_setup_gfsk) referenced from tx_rx_test.o(.constdata)
 <LI><a href="#[8f]">ralf_sx128x_setup_lora</a> from ralf_sx128x.o(i.ralf_sx128x_setup_lora) referenced from tx_rx_test.o(.constdata)
 <LI><a href="#[46]">rp_radio_irq_callback</a> from radio_planner.o(i.rp_radio_irq_callback) referenced from smtc_modem.o(i.smtc_modem_init)
 <LI><a href="#[42]">rp_timer_irq_callback</a> from radio_planner.o(i.rp_timer_irq_callback) referenced from radio_planner.o(i.rp_set_alarm)
 <LI><a href="#[31]">smtc_beacon_sniff_launch_callback_for_rp</a> from smtc_beacon_sniff.o(i.smtc_beacon_sniff_launch_callback_for_rp) referenced from smtc_beacon_sniff.o(i.beacon_rp_request)
 <LI><a href="#[43]">smtc_beacon_sniff_rp_callback</a> from smtc_beacon_sniff.o(i.smtc_beacon_sniff_rp_callback) referenced from smtc_beacon_sniff.o(i.smtc_beacon_sniff_init)
 <LI><a href="#[45]">smtc_lbt_launch_callback_for_rp</a> from smtc_lbt.o(i.smtc_lbt_launch_callback_for_rp) referenced from smtc_lbt.o(i.smtc_lbt_listen_channel)
 <LI><a href="#[44]">smtc_lbt_rp_callback</a> from smtc_lbt.o(i.smtc_lbt_rp_callback) referenced from smtc_lbt.o(i.smtc_lbt_init)
 <LI><a href="#[38]">smtc_ping_slot_mac_rp_callback</a> from smtc_ping_slot.o(i.smtc_ping_slot_mac_rp_callback) referenced from lorawan_api.o(i.lorawan_api_init)
 <LI><a href="#[4d]">smtc_ping_slot_rp_callback</a> from smtc_ping_slot.o(i.smtc_ping_slot_rp_callback) referenced from smtc_ping_slot.o(i.smtc_ping_slot_init)
 <LI><a href="#[4c]">test_mode_cw_callback_for_rp</a> from smtc_modem_test.o(i.test_mode_cw_callback_for_rp) referenced from smtc_modem_test.o(i.smtc_modem_test_tx_cw)
 <LI><a href="#[32]">test_timer0</a> from smtc_hal_lp_timer.o(i.test_timer0) referenced from smtc_hal_lp_timer.o(i.hal_lp_timer_start)
 <LI><a href="#[33]">timer1_callback</a> from smtc_hal_rtc.o(i.timer1_callback) referenced from smtc_hal_rtc.o(i.hal_rtc_init)
 <LI><a href="#[41]">uart_print</a> from main.o(i.uart_print) referenced from main.o(i.main)
 <LI><a href="#[48]">user_radio_access_callback</a> from smtc_modem.o(i.user_radio_access_callback) referenced from smtc_modem.o(i.smtc_modem_init)
</UL>
<P>
<H3>
Global Symbols
</H3>
<P><STRONG><a name="[3]"></a>Reset_Handler</STRONG> (Thumb, 28 bytes, Stack size 0 bytes, startup_keil.o(RESET))
<BR>[Address Reference Count : 1]<UL><LI> startup_keil.o(RESET)
</UL>
<P><STRONG><a name="[4]"></a>NMI_Handler</STRONG> (Thumb, 2 bytes, Stack size 0 bytes, startup_keil.o(RESET))
<BR><BR>[Calls]<UL><LI><a href="#[4]">&gt;&gt;</a>&nbsp;&nbsp;&nbsp;NMI_Handler
</UL>
<BR>[Called By]<UL><LI><a href="#[4]">&gt;&gt;</a>&nbsp;&nbsp;&nbsp;NMI_Handler
</UL>
<BR>[Address Reference Count : 1]<UL><LI> startup_keil.o(RESET)
</UL>
<P><STRONG><a name="[6]"></a>MemManage_Handler</STRONG> (Thumb, 2 bytes, Stack size 0 bytes, startup_keil.o(RESET))
<BR><BR>[Calls]<UL><LI><a href="#[6]">&gt;&gt;</a>&nbsp;&nbsp;&nbsp;MemManage_Handler
</UL>
<BR>[Called By]<UL><LI><a href="#[6]">&gt;&gt;</a>&nbsp;&nbsp;&nbsp;MemManage_Handler
</UL>
<BR>[Address Reference Count : 1]<UL><LI> startup_keil.o(RESET)
</UL>
<P><STRONG><a name="[7]"></a>BusFault_Handler</STRONG> (Thumb, 2 bytes, Stack size 0 bytes, startup_keil.o(RESET))
<BR><BR>[Calls]<UL><LI><a href="#[7]">&gt;&gt;</a>&nbsp;&nbsp;&nbsp;BusFault_Handler
</UL>
<BR>[Called By]<UL><LI><a href="#[7]">&gt;&gt;</a>&nbsp;&nbsp;&nbsp;BusFault_Handler
</UL>
<BR>[Address Reference Count : 1]<UL><LI> startup_keil.o(RESET)
</UL>
<P><STRONG><a name="[8]"></a>UsageFault_Handler</STRONG> (Thumb, 2 bytes, Stack size 0 bytes, startup_keil.o(RESET))
<BR><BR>[Calls]<UL><LI><a href="#[8]">&gt;&gt;</a>&nbsp;&nbsp;&nbsp;UsageFault_Handler
</UL>
<BR>[Called By]<UL><LI><a href="#[8]">&gt;&gt;</a>&nbsp;&nbsp;&nbsp;UsageFault_Handler
</UL>
<BR>[Address Reference Count : 1]<UL><LI> startup_keil.o(RESET)
</UL>
<P><STRONG><a name="[9]"></a>SVC_Handler</STRONG> (Thumb, 2 bytes, Stack size 0 bytes, startup_keil.o(RESET))
<BR><BR>[Calls]<UL><LI><a href="#[9]">&gt;&gt;</a>&nbsp;&nbsp;&nbsp;SVC_Handler
</UL>
<BR>[Called By]<UL><LI><a href="#[9]">&gt;&gt;</a>&nbsp;&nbsp;&nbsp;SVC_Handler
</UL>
<BR>[Address Reference Count : 1]<UL><LI> startup_keil.o(RESET)
</UL>
<P><STRONG><a name="[a]"></a>DebugMon_Handler</STRONG> (Thumb, 2 bytes, Stack size 0 bytes, startup_keil.o(RESET))
<BR><BR>[Calls]<UL><LI><a href="#[a]">&gt;&gt;</a>&nbsp;&nbsp;&nbsp;DebugMon_Handler
</UL>
<BR>[Called By]<UL><LI><a href="#[a]">&gt;&gt;</a>&nbsp;&nbsp;&nbsp;DebugMon_Handler
</UL>
<BR>[Address Reference Count : 1]<UL><LI> startup_keil.o(RESET)
</UL>
<P><STRONG><a name="[b]"></a>PendSV_Handler</STRONG> (Thumb, 2 bytes, Stack size 0 bytes, startup_keil.o(RESET))
<BR><BR>[Calls]<UL><LI><a href="#[b]">&gt;&gt;</a>&nbsp;&nbsp;&nbsp;PendSV_Handler
</UL>
<BR>[Called By]<UL><LI><a href="#[b]">&gt;&gt;</a>&nbsp;&nbsp;&nbsp;PendSV_Handler
</UL>
<BR>[Address Reference Count : 1]<UL><LI> startup_keil.o(RESET)
</UL>
<P><STRONG><a name="[c]"></a>SysTick_Handler</STRONG> (Thumb, 2 bytes, Stack size 0 bytes, startup_keil.o(RESET))
<BR><BR>[Calls]<UL><LI><a href="#[c]">&gt;&gt;</a>&nbsp;&nbsp;&nbsp;SysTick_Handler
</UL>
<BR>[Called By]<UL><LI><a href="#[c]">&gt;&gt;</a>&nbsp;&nbsp;&nbsp;SysTick_Handler
</UL>
<BR>[Address Reference Count : 1]<UL><LI> startup_keil.o(RESET)
</UL>
<P><STRONG><a name="[1f]"></a>am_adc_isr</STRONG> (Thumb, 0 bytes, Stack size 0 bytes, startup_keil.o(RESET))
<BR><BR>[Calls]<UL><LI><a href="#[1f]">&gt;&gt;</a>&nbsp;&nbsp;&nbsp;am_adc_isr
</UL>
<BR>[Called By]<UL><LI><a href="#[1f]">&gt;&gt;</a>&nbsp;&nbsp;&nbsp;am_adc_isr
</UL>
<BR>[Address Reference Count : 1]<UL><LI> startup_keil.o(RESET)
</UL>
<P><STRONG><a name="[19]"></a>am_ble_isr</STRONG> (Thumb, 0 bytes, Stack size 0 bytes, startup_keil.o(RESET))
<BR>[Address Reference Count : 1]<UL><LI> startup_keil.o(RESET)
</UL>
<P><STRONG><a name="[d]"></a>am_brownout_isr</STRONG> (Thumb, 0 bytes, Stack size 0 bytes, startup_keil.o(RESET))
<BR>[Address Reference Count : 1]<UL><LI> startup_keil.o(RESET)
</UL>
<P><STRONG><a name="[2c]"></a>am_clkgen_isr</STRONG> (Thumb, 0 bytes, Stack size 0 bytes, startup_keil.o(RESET))
<BR>[Address Reference Count : 1]<UL><LI> startup_keil.o(RESET)
</UL>
<P><STRONG><a name="[13]"></a>am_iomaster0_isr</STRONG> (Thumb, 0 bytes, Stack size 0 bytes, startup_keil.o(RESET))
<BR>[Address Reference Count : 1]<UL><LI> startup_keil.o(RESET)
</UL>
<P><STRONG><a name="[14]"></a>am_iomaster1_isr</STRONG> (Thumb, 0 bytes, Stack size 0 bytes, startup_keil.o(RESET))
<BR>[Address Reference Count : 1]<UL><LI> startup_keil.o(RESET)
</UL>
<P><STRONG><a name="[15]"></a>am_iomaster2_isr</STRONG> (Thumb, 0 bytes, Stack size 0 bytes, startup_keil.o(RESET))
<BR>[Address Reference Count : 1]<UL><LI> startup_keil.o(RESET)
</UL>
<P><STRONG><a name="[16]"></a>am_iomaster3_isr</STRONG> (Thumb, 0 bytes, Stack size 0 bytes, startup_keil.o(RESET))
<BR>[Address Reference Count : 1]<UL><LI> startup_keil.o(RESET)
</UL>
<P><STRONG><a name="[17]"></a>am_iomaster4_isr</STRONG> (Thumb, 0 bytes, Stack size 0 bytes, startup_keil.o(RESET))
<BR>[Address Reference Count : 1]<UL><LI> startup_keil.o(RESET)
</UL>
<P><STRONG><a name="[18]"></a>am_iomaster5_isr</STRONG> (Thumb, 0 bytes, Stack size 0 bytes, startup_keil.o(RESET))
<BR>[Address Reference Count : 1]<UL><LI> startup_keil.o(RESET)
</UL>
<P><STRONG><a name="[12]"></a>am_ioslave_acc_isr</STRONG> (Thumb, 0 bytes, Stack size 0 bytes, startup_keil.o(RESET))
<BR>[Address Reference Count : 1]<UL><LI> startup_keil.o(RESET)
</UL>
<P><STRONG><a name="[11]"></a>am_ioslave_ios_isr</STRONG> (Thumb, 0 bytes, Stack size 0 bytes, startup_keil.o(RESET))
<BR>[Address Reference Count : 1]<UL><LI> startup_keil.o(RESET)
</UL>
<P><STRONG><a name="[21]"></a>am_mspi0_isr</STRONG> (Thumb, 0 bytes, Stack size 0 bytes, startup_keil.o(RESET))
<BR>[Address Reference Count : 1]<UL><LI> startup_keil.o(RESET)
</UL>
<P><STRONG><a name="[20]"></a>am_pdm0_isr</STRONG> (Thumb, 0 bytes, Stack size 0 bytes, startup_keil.o(RESET))
<BR>[Address Reference Count : 1]<UL><LI> startup_keil.o(RESET)
</UL>
<P><STRONG><a name="[f]"></a>am_rtc_isr</STRONG> (Thumb, 0 bytes, Stack size 0 bytes, startup_keil.o(RESET))
<BR>[Address Reference Count : 1]<UL><LI> startup_keil.o(RESET)
</UL>
<P><STRONG><a name="[1e]"></a>am_scard_isr</STRONG> (Thumb, 0 bytes, Stack size 0 bytes, startup_keil.o(RESET))
<BR>[Address Reference Count : 1]<UL><LI> startup_keil.o(RESET)
</UL>
<P><STRONG><a name="[22]"></a>am_software0_isr</STRONG> (Thumb, 0 bytes, Stack size 0 bytes, startup_keil.o(RESET))
<BR>[Address Reference Count : 1]<UL><LI> startup_keil.o(RESET)
</UL>
<P><STRONG><a name="[24]"></a>am_stimer_cmpr0_isr</STRONG> (Thumb, 0 bytes, Stack size 0 bytes, startup_keil.o(RESET))
<BR>[Address Reference Count : 1]<UL><LI> startup_keil.o(RESET)
</UL>
<P><STRONG><a name="[25]"></a>am_stimer_cmpr1_isr</STRONG> (Thumb, 0 bytes, Stack size 0 bytes, startup_keil.o(RESET))
<BR>[Address Reference Count : 1]<UL><LI> startup_keil.o(RESET)
</UL>
<P><STRONG><a name="[26]"></a>am_stimer_cmpr2_isr</STRONG> (Thumb, 0 bytes, Stack size 0 bytes, startup_keil.o(RESET))
<BR>[Address Reference Count : 1]<UL><LI> startup_keil.o(RESET)
</UL>
<P><STRONG><a name="[27]"></a>am_stimer_cmpr3_isr</STRONG> (Thumb, 0 bytes, Stack size 0 bytes, startup_keil.o(RESET))
<BR>[Address Reference Count : 1]<UL><LI> startup_keil.o(RESET)
</UL>
<P><STRONG><a name="[28]"></a>am_stimer_cmpr4_isr</STRONG> (Thumb, 0 bytes, Stack size 0 bytes, startup_keil.o(RESET))
<BR>[Address Reference Count : 1]<UL><LI> startup_keil.o(RESET)
</UL>
<P><STRONG><a name="[29]"></a>am_stimer_cmpr5_isr</STRONG> (Thumb, 0 bytes, Stack size 0 bytes, startup_keil.o(RESET))
<BR>[Address Reference Count : 1]<UL><LI> startup_keil.o(RESET)
</UL>
<P><STRONG><a name="[2a]"></a>am_stimer_cmpr6_isr</STRONG> (Thumb, 0 bytes, Stack size 0 bytes, startup_keil.o(RESET))
<BR>[Address Reference Count : 1]<UL><LI> startup_keil.o(RESET)
</UL>
<P><STRONG><a name="[2b]"></a>am_stimer_cmpr7_isr</STRONG> (Thumb, 0 bytes, Stack size 0 bytes, startup_keil.o(RESET))
<BR>[Address Reference Count : 1]<UL><LI> startup_keil.o(RESET)
</UL>
<P><STRONG><a name="[23]"></a>am_stimer_isr</STRONG> (Thumb, 0 bytes, Stack size 0 bytes, startup_keil.o(RESET))
<BR>[Address Reference Count : 1]<UL><LI> startup_keil.o(RESET)
</UL>
<P><STRONG><a name="[93]"></a>am_uart0_isr</STRONG> (Thumb, 0 bytes, Stack size 0 bytes, startup_keil.o(RESET), UNUSED, KEPT)

<P><STRONG><a name="[1d]"></a>am_uart1_isr</STRONG> (Thumb, 0 bytes, Stack size 0 bytes, startup_keil.o(RESET))
<BR>[Address Reference Count : 1]<UL><LI> startup_keil.o(RESET)
</UL>
<P><STRONG><a name="[10]"></a>am_vcomp_isr</STRONG> (Thumb, 0 bytes, Stack size 0 bytes, startup_keil.o(RESET))
<BR>[Address Reference Count : 1]<UL><LI> startup_keil.o(RESET)
</UL>
<P><STRONG><a name="[e]"></a>am_watchdog_isr</STRONG> (Thumb, 0 bytes, Stack size 0 bytes, startup_keil.o(RESET))
<BR>[Address Reference Count : 1]<UL><LI> startup_keil.o(RESET)
</UL>
<P><STRONG><a name="[92]"></a>__main</STRONG> (Thumb, 8 bytes, Stack size 0 bytes, __main.o(!!!main))
<BR><BR>[Calls]<UL><LI><a href="#[95]">&gt;&gt;</a>&nbsp;&nbsp;&nbsp;__rt_entry
<LI><a href="#[94]">&gt;&gt;</a>&nbsp;&nbsp;&nbsp;__scatterload
</UL>

<P><STRONG><a name="[94]"></a>__scatterload</STRONG> (Thumb, 0 bytes, Stack size unknown bytes, __scatter.o(!!!scatter))
<BR><BR>[Called By]<UL><LI><a href="#[92]">&gt;&gt;</a>&nbsp;&nbsp;&nbsp;__main
</UL>

<P><STRONG><a name="[96]"></a>__scatterload_rt2</STRONG> (Thumb, 44 bytes, Stack size unknown bytes, __scatter.o(!!!scatter), UNUSED)
<BR><BR>[Calls]<UL><LI><a href="#[95]">&gt;&gt;</a>&nbsp;&nbsp;&nbsp;__rt_entry
</UL>

<P><STRONG><a name="[3fe]"></a>__scatterload_rt2_thumb_only</STRONG> (Thumb, 0 bytes, Stack size unknown bytes, __scatter.o(!!!scatter), UNUSED)

<P><STRONG><a name="[3ff]"></a>__scatterload_null</STRONG> (Thumb, 0 bytes, Stack size unknown bytes, __scatter.o(!!!scatter), UNUSED)

<P><STRONG><a name="[400]"></a>__decompress</STRONG> (Thumb, 90 bytes, Stack size unknown bytes, __dczerorl2.o(!!dczerorl2), UNUSED)

<P><STRONG><a name="[401]"></a>__decompress1</STRONG> (Thumb, 0 bytes, Stack size unknown bytes, __dczerorl2.o(!!dczerorl2), UNUSED)

<P><STRONG><a name="[402]"></a>__scatterload_zeroinit</STRONG> (Thumb, 28 bytes, Stack size unknown bytes, __scatter_zi.o(!!handler_zi), UNUSED)

<P><STRONG><a name="[97]"></a>_printf_n</STRONG> (Thumb, 0 bytes, Stack size unknown bytes, _printf_n.o(.ARM.Collect$$_printf_percent$$00000001))
<BR><BR>[Calls]<UL><LI><a href="#[98]">&gt;&gt;</a>&nbsp;&nbsp;&nbsp;_printf_charcount
</UL>

<P><STRONG><a name="[e4]"></a>_printf_percent</STRONG> (Thumb, 0 bytes, Stack size unknown bytes, _printf_percent.o(.ARM.Collect$$_printf_percent$$00000000))
<BR><BR>[Called By]<UL><LI><a href="#[dd]">&gt;&gt;</a>&nbsp;&nbsp;&nbsp;__printf
</UL>

<P><STRONG><a name="[99]"></a>_printf_p</STRONG> (Thumb, 0 bytes, Stack size unknown bytes, _printf_p.o(.ARM.Collect$$_printf_percent$$00000002))
<BR><BR>[Stack]<UL><LI>Max Depth = 64 + Unknown Stack Size
<LI>Call Chain = _printf_p &rArr; _printf_hex_ptr &rArr; _printf_longlong_hex &rArr; _printf_int_common &rArr; _printf_post_padding
</UL>
<BR>[Calls]<UL><LI><a href="#[9a]">&gt;&gt;</a>&nbsp;&nbsp;&nbsp;_printf_hex_ptr
</UL>

<P><STRONG><a name="[9b]"></a>_printf_f</STRONG> (Thumb, 0 bytes, Stack size unknown bytes, _printf_f.o(.ARM.Collect$$_printf_percent$$00000003))
<BR><BR>[Stack]<UL><LI>Max Depth = 324 + Unknown Stack Size
<LI>Call Chain = _printf_f &rArr; _printf_fp_dec &rArr; _printf_fp_dec_real &rArr; _fp_digits &rArr; _btod_etento &rArr; _btod_emul &rArr; _e2e
</UL>
<BR>[Calls]<UL><LI><a href="#[9c]">&gt;&gt;</a>&nbsp;&nbsp;&nbsp;_printf_fp_dec
</UL>

<P><STRONG><a name="[9d]"></a>_printf_e</STRONG> (Thumb, 0 bytes, Stack size unknown bytes, _printf_e.o(.ARM.Collect$$_printf_percent$$00000004))
<BR><BR>[Stack]<UL><LI>Max Depth = 324 + Unknown Stack Size
<LI>Call Chain = _printf_e &rArr; _printf_fp_dec &rArr; _printf_fp_dec_real &rArr; _fp_digits &rArr; _btod_etento &rArr; _btod_emul &rArr; _e2e
</UL>
<BR>[Calls]<UL><LI><a href="#[9c]">&gt;&gt;</a>&nbsp;&nbsp;&nbsp;_printf_fp_dec
</UL>

<P><STRONG><a name="[9e]"></a>_printf_g</STRONG> (Thumb, 0 bytes, Stack size unknown bytes, _printf_g.o(.ARM.Collect$$_printf_percent$$00000005))
<BR><BR>[Stack]<UL><LI>Max Depth = 324 + Unknown Stack Size
<LI>Call Chain = _printf_g &rArr; _printf_fp_dec &rArr; _printf_fp_dec_real &rArr; _fp_digits &rArr; _btod_etento &rArr; _btod_emul &rArr; _e2e
</UL>
<BR>[Calls]<UL><LI><a href="#[9c]">&gt;&gt;</a>&nbsp;&nbsp;&nbsp;_printf_fp_dec
</UL>

<P><STRONG><a name="[9f]"></a>_printf_a</STRONG> (Thumb, 0 bytes, Stack size unknown bytes, _printf_a.o(.ARM.Collect$$_printf_percent$$00000006))
<BR><BR>[Stack]<UL><LI>Max Depth = 112 + Unknown Stack Size
<LI>Call Chain = _printf_a &rArr; _printf_fp_hex &rArr; _printf_fp_hex_real &rArr; _printf_fp_infnan &rArr; _printf_post_padding
</UL>
<BR>[Calls]<UL><LI><a href="#[a0]">&gt;&gt;</a>&nbsp;&nbsp;&nbsp;_printf_fp_hex
</UL>

<P><STRONG><a name="[403]"></a>_printf_ll</STRONG> (Thumb, 0 bytes, Stack size unknown bytes, _printf_ll.o(.ARM.Collect$$_printf_percent$$00000007))

<P><STRONG><a name="[a1]"></a>_printf_i</STRONG> (Thumb, 0 bytes, Stack size unknown bytes, _printf_i.o(.ARM.Collect$$_printf_percent$$00000008))
<BR><BR>[Stack]<UL><LI>Max Depth = 72 + Unknown Stack Size
<LI>Call Chain = _printf_i &rArr; _printf_int_dec &rArr; _printf_int_common &rArr; _printf_post_padding
</UL>
<BR>[Calls]<UL><LI><a href="#[a2]">&gt;&gt;</a>&nbsp;&nbsp;&nbsp;_printf_int_dec
</UL>

<P><STRONG><a name="[a3]"></a>_printf_d</STRONG> (Thumb, 0 bytes, Stack size unknown bytes, _printf_d.o(.ARM.Collect$$_printf_percent$$00000009))
<BR><BR>[Stack]<UL><LI>Max Depth = 72 + Unknown Stack Size
<LI>Call Chain = _printf_d &rArr; _printf_int_dec &rArr; _printf_int_common &rArr; _printf_post_padding
</UL>
<BR>[Calls]<UL><LI><a href="#[a2]">&gt;&gt;</a>&nbsp;&nbsp;&nbsp;_printf_int_dec
</UL>

<P><STRONG><a name="[a4]"></a>_printf_u</STRONG> (Thumb, 0 bytes, Stack size unknown bytes, _printf_u.o(.ARM.Collect$$_printf_percent$$0000000A))
<BR><BR>[Stack]<UL><LI>Max Depth = 72 + Unknown Stack Size
<LI>Call Chain = _printf_u &rArr; _printf_int_dec &rArr; _printf_int_common &rArr; _printf_post_padding
</UL>
<BR>[Calls]<UL><LI><a href="#[a2]">&gt;&gt;</a>&nbsp;&nbsp;&nbsp;_printf_int_dec
</UL>

<P><STRONG><a name="[a5]"></a>_printf_o</STRONG> (Thumb, 0 bytes, Stack size unknown bytes, _printf_o.o(.ARM.Collect$$_printf_percent$$0000000B))
<BR><BR>[Stack]<UL><LI>Max Depth = 64 + Unknown Stack Size
<LI>Call Chain = _printf_o &rArr; _printf_int_oct &rArr; _printf_longlong_oct &rArr; _printf_int_common &rArr; _printf_post_padding
</UL>
<BR>[Calls]<UL><LI><a href="#[a6]">&gt;&gt;</a>&nbsp;&nbsp;&nbsp;_printf_int_oct
</UL>

<P><STRONG><a name="[a7]"></a>_printf_x</STRONG> (Thumb, 0 bytes, Stack size unknown bytes, _printf_x.o(.ARM.Collect$$_printf_percent$$0000000C))
<BR><BR>[Stack]<UL><LI>Max Depth = 80 + Unknown Stack Size
<LI>Call Chain = _printf_x &rArr; _printf_int_hex &rArr; _printf_longlong_hex &rArr; _printf_int_common &rArr; _printf_post_padding
</UL>
<BR>[Calls]<UL><LI><a href="#[a8]">&gt;&gt;</a>&nbsp;&nbsp;&nbsp;_printf_int_hex
</UL>

<P><STRONG><a name="[a9]"></a>_printf_lli</STRONG> (Thumb, 0 bytes, Stack size unknown bytes, _printf_lli.o(.ARM.Collect$$_printf_percent$$0000000D))
<BR><BR>[Stack]<UL><LI>Max Depth = 72 + Unknown Stack Size
<LI>Call Chain = _printf_lli &rArr; _printf_longlong_dec &rArr; _printf_int_common &rArr; _printf_post_padding
</UL>
<BR>[Calls]<UL><LI><a href="#[aa]">&gt;&gt;</a>&nbsp;&nbsp;&nbsp;_printf_longlong_dec
</UL>

<P><STRONG><a name="[ab]"></a>_printf_lld</STRONG> (Thumb, 0 bytes, Stack size unknown bytes, _printf_lld.o(.ARM.Collect$$_printf_percent$$0000000E))
<BR><BR>[Stack]<UL><LI>Max Depth = 72 + Unknown Stack Size
<LI>Call Chain = _printf_lld &rArr; _printf_longlong_dec &rArr; _printf_int_common &rArr; _printf_post_padding
</UL>
<BR>[Calls]<UL><LI><a href="#[aa]">&gt;&gt;</a>&nbsp;&nbsp;&nbsp;_printf_longlong_dec
</UL>

<P><STRONG><a name="[ac]"></a>_printf_llu</STRONG> (Thumb, 0 bytes, Stack size unknown bytes, _printf_llu.o(.ARM.Collect$$_printf_percent$$0000000F))
<BR><BR>[Stack]<UL><LI>Max Depth = 72 + Unknown Stack Size
<LI>Call Chain = _printf_llu &rArr; _printf_longlong_dec &rArr; _printf_int_common &rArr; _printf_post_padding
</UL>
<BR>[Calls]<UL><LI><a href="#[aa]">&gt;&gt;</a>&nbsp;&nbsp;&nbsp;_printf_longlong_dec
</UL>

<P><STRONG><a name="[ad]"></a>_printf_llo</STRONG> (Thumb, 0 bytes, Stack size unknown bytes, _printf_llo.o(.ARM.Collect$$_printf_percent$$00000010))
<BR><BR>[Stack]<UL><LI>Max Depth = 56 + Unknown Stack Size
<LI>Call Chain = _printf_llo &rArr; _printf_ll_oct &rArr; _printf_longlong_oct &rArr; _printf_int_common &rArr; _printf_post_padding
</UL>
<BR>[Calls]<UL><LI><a href="#[ae]">&gt;&gt;</a>&nbsp;&nbsp;&nbsp;_printf_ll_oct
</UL>

<P><STRONG><a name="[af]"></a>_printf_llx</STRONG> (Thumb, 0 bytes, Stack size unknown bytes, _printf_llx.o(.ARM.Collect$$_printf_percent$$00000011))
<BR><BR>[Stack]<UL><LI>Max Depth = 64 + Unknown Stack Size
<LI>Call Chain = _printf_llx &rArr; _printf_ll_hex &rArr; _printf_longlong_hex &rArr; _printf_int_common &rArr; _printf_post_padding
</UL>
<BR>[Calls]<UL><LI><a href="#[b0]">&gt;&gt;</a>&nbsp;&nbsp;&nbsp;_printf_ll_hex
</UL>

<P><STRONG><a name="[404]"></a>_printf_l</STRONG> (Thumb, 0 bytes, Stack size unknown bytes, _printf_l.o(.ARM.Collect$$_printf_percent$$00000012))

<P><STRONG><a name="[b1]"></a>_printf_c</STRONG> (Thumb, 0 bytes, Stack size unknown bytes, _printf_c.o(.ARM.Collect$$_printf_percent$$00000013))
<BR><BR>[Stack]<UL><LI>Max Depth = 40 + Unknown Stack Size
<LI>Call Chain = _printf_c &rArr; _printf_char &rArr; _printf_cs_common &rArr; _printf_str &rArr; _printf_post_padding
</UL>
<BR>[Calls]<UL><LI><a href="#[b2]">&gt;&gt;</a>&nbsp;&nbsp;&nbsp;_printf_char
</UL>

<P><STRONG><a name="[b3]"></a>_printf_s</STRONG> (Thumb, 0 bytes, Stack size unknown bytes, _printf_s.o(.ARM.Collect$$_printf_percent$$00000014))
<BR><BR>[Stack]<UL><LI>Max Depth = 40 + Unknown Stack Size
<LI>Call Chain = _printf_s &rArr; _printf_string &rArr; _printf_cs_common &rArr; _printf_str &rArr; _printf_post_padding
</UL>
<BR>[Calls]<UL><LI><a href="#[b4]">&gt;&gt;</a>&nbsp;&nbsp;&nbsp;_printf_string
</UL>

<P><STRONG><a name="[b5]"></a>_printf_lc</STRONG> (Thumb, 0 bytes, Stack size unknown bytes, _printf_lc.o(.ARM.Collect$$_printf_percent$$00000015))
<BR><BR>[Stack]<UL><LI>Max Depth = 88 + Unknown Stack Size
<LI>Call Chain = _printf_lc &rArr; _printf_wchar &rArr; _printf_lcs_common &rArr; _printf_wctomb &rArr; _wcrtomb &rArr; __rt_ctype_table
</UL>
<BR>[Calls]<UL><LI><a href="#[b6]">&gt;&gt;</a>&nbsp;&nbsp;&nbsp;_printf_wchar
</UL>

<P><STRONG><a name="[b7]"></a>_printf_ls</STRONG> (Thumb, 0 bytes, Stack size unknown bytes, _printf_ls.o(.ARM.Collect$$_printf_percent$$00000016))
<BR><BR>[Stack]<UL><LI>Max Depth = 88 + Unknown Stack Size
<LI>Call Chain = _printf_ls &rArr; _printf_wstring &rArr; _printf_lcs_common &rArr; _printf_wctomb &rArr; _wcrtomb &rArr; __rt_ctype_table
</UL>
<BR>[Calls]<UL><LI><a href="#[b8]">&gt;&gt;</a>&nbsp;&nbsp;&nbsp;_printf_wstring
</UL>

<P><STRONG><a name="[405]"></a>_printf_percent_end</STRONG> (Thumb, 0 bytes, Stack size unknown bytes, _printf_percent_end.o(.ARM.Collect$$_printf_percent$$00000017))

<P><STRONG><a name="[c5]"></a>__rt_lib_init</STRONG> (Thumb, 0 bytes, Stack size unknown bytes, libinit.o(.ARM.Collect$$libinit$$00000000))
<BR><BR>[Called By]<UL><LI><a href="#[c4]">&gt;&gt;</a>&nbsp;&nbsp;&nbsp;__rt_entry_li
</UL>

<P><STRONG><a name="[b9]"></a>__rt_lib_init_fp_1</STRONG> (Thumb, 0 bytes, Stack size unknown bytes, libinit2.o(.ARM.Collect$$libinit$$00000001))
<BR><BR>[Calls]<UL><LI><a href="#[ba]">&gt;&gt;</a>&nbsp;&nbsp;&nbsp;_fp_init
</UL>

<P><STRONG><a name="[406]"></a>__rt_lib_init_heap_1</STRONG> (Thumb, 0 bytes, Stack size unknown bytes, libinit2.o(.ARM.Collect$$libinit$$0000000A))

<P><STRONG><a name="[407]"></a>__rt_lib_init_preinit_1</STRONG> (Thumb, 0 bytes, Stack size unknown bytes, libinit2.o(.ARM.Collect$$libinit$$00000004))

<P><STRONG><a name="[bb]"></a>__rt_lib_init_rand_2</STRONG> (Thumb, 0 bytes, Stack size unknown bytes, libinit2.o(.ARM.Collect$$libinit$$0000000D))
<BR><BR>[Stack]<UL><LI>Max Depth = 8 + Unknown Stack Size
<LI>Call Chain = __rt_lib_init_rand_2 &rArr; _rand_init &rArr; srand
</UL>
<BR>[Calls]<UL><LI><a href="#[bc]">&gt;&gt;</a>&nbsp;&nbsp;&nbsp;_rand_init
</UL>

<P><STRONG><a name="[408]"></a>__rt_lib_init_user_alloc_1</STRONG> (Thumb, 0 bytes, Stack size unknown bytes, libinit2.o(.ARM.Collect$$libinit$$0000000C))

<P><STRONG><a name="[bd]"></a>__rt_lib_init_lc_common</STRONG> (Thumb, 0 bytes, Stack size unknown bytes, libinit2.o(.ARM.Collect$$libinit$$0000000F))
<BR><BR>[Calls]<UL><LI><a href="#[be]">&gt;&gt;</a>&nbsp;&nbsp;&nbsp;__rt_locale
</UL>

<P><STRONG><a name="[409]"></a>__rt_lib_init_rand_1</STRONG> (Thumb, 0 bytes, Stack size unknown bytes, libinit2.o(.ARM.Collect$$libinit$$0000000E))

<P><STRONG><a name="[40a]"></a>__rt_lib_init_lc_collate_1</STRONG> (Thumb, 0 bytes, Stack size unknown bytes, libinit2.o(.ARM.Collect$$libinit$$00000011))

<P><STRONG><a name="[bf]"></a>__rt_lib_init_lc_ctype_2</STRONG> (Thumb, 0 bytes, Stack size unknown bytes, libinit2.o(.ARM.Collect$$libinit$$00000012))
<BR><BR>[Stack]<UL><LI>Max Depth = 8 + Unknown Stack Size
<LI>Call Chain = __rt_lib_init_lc_ctype_2 &rArr; _get_lc_ctype
</UL>
<BR>[Calls]<UL><LI><a href="#[30]">&gt;&gt;</a>&nbsp;&nbsp;&nbsp;_get_lc_ctype
</UL>

<P><STRONG><a name="[40b]"></a>__rt_lib_init_lc_ctype_1</STRONG> (Thumb, 0 bytes, Stack size unknown bytes, libinit2.o(.ARM.Collect$$libinit$$00000013))

<P><STRONG><a name="[40c]"></a>__rt_lib_init_lc_monetary_1</STRONG> (Thumb, 0 bytes, Stack size unknown bytes, libinit2.o(.ARM.Collect$$libinit$$00000015))

<P><STRONG><a name="[c0]"></a>__rt_lib_init_lc_numeric_2</STRONG> (Thumb, 0 bytes, Stack size unknown bytes, libinit2.o(.ARM.Collect$$libinit$$00000016))
<BR><BR>[Stack]<UL><LI>Max Depth = 8 + Unknown Stack Size
<LI>Call Chain = __rt_lib_init_lc_numeric_2 &rArr; _get_lc_numeric
</UL>
<BR>[Calls]<UL><LI><a href="#[c1]">&gt;&gt;</a>&nbsp;&nbsp;&nbsp;_get_lc_numeric
</UL>

<P><STRONG><a name="[40d]"></a>__rt_lib_init_alloca_1</STRONG> (Thumb, 0 bytes, Stack size unknown bytes, libinit2.o(.ARM.Collect$$libinit$$0000002E))

<P><STRONG><a name="[40e]"></a>__rt_lib_init_argv_1</STRONG> (Thumb, 0 bytes, Stack size unknown bytes, libinit2.o(.ARM.Collect$$libinit$$0000002C))

<P><STRONG><a name="[40f]"></a>__rt_lib_init_atexit_1</STRONG> (Thumb, 0 bytes, Stack size unknown bytes, libinit2.o(.ARM.Collect$$libinit$$0000001B))

<P><STRONG><a name="[410]"></a>__rt_lib_init_clock_1</STRONG> (Thumb, 0 bytes, Stack size unknown bytes, libinit2.o(.ARM.Collect$$libinit$$00000021))

<P><STRONG><a name="[411]"></a>__rt_lib_init_cpp_1</STRONG> (Thumb, 0 bytes, Stack size unknown bytes, libinit2.o(.ARM.Collect$$libinit$$00000032))

<P><STRONG><a name="[412]"></a>__rt_lib_init_exceptions_1</STRONG> (Thumb, 0 bytes, Stack size unknown bytes, libinit2.o(.ARM.Collect$$libinit$$00000030))

<P><STRONG><a name="[413]"></a>__rt_lib_init_fp_trap_1</STRONG> (Thumb, 0 bytes, Stack size unknown bytes, libinit2.o(.ARM.Collect$$libinit$$0000001F))

<P><STRONG><a name="[414]"></a>__rt_lib_init_getenv_1</STRONG> (Thumb, 0 bytes, Stack size unknown bytes, libinit2.o(.ARM.Collect$$libinit$$00000023))

<P><STRONG><a name="[415]"></a>__rt_lib_init_lc_numeric_1</STRONG> (Thumb, 0 bytes, Stack size unknown bytes, libinit2.o(.ARM.Collect$$libinit$$00000017))

<P><STRONG><a name="[416]"></a>__rt_lib_init_lc_time_1</STRONG> (Thumb, 0 bytes, Stack size unknown bytes, libinit2.o(.ARM.Collect$$libinit$$00000019))

<P><STRONG><a name="[417]"></a>__rt_lib_init_return</STRONG> (Thumb, 0 bytes, Stack size unknown bytes, libinit2.o(.ARM.Collect$$libinit$$00000033))

<P><STRONG><a name="[418]"></a>__rt_lib_init_signal_1</STRONG> (Thumb, 0 bytes, Stack size unknown bytes, libinit2.o(.ARM.Collect$$libinit$$0000001D))

<P><STRONG><a name="[419]"></a>__rt_lib_init_stdio_1</STRONG> (Thumb, 0 bytes, Stack size unknown bytes, libinit2.o(.ARM.Collect$$libinit$$00000025))

<P><STRONG><a name="[ca]"></a>__rt_lib_shutdown</STRONG> (Thumb, 0 bytes, Stack size unknown bytes, libshutdown.o(.ARM.Collect$$libshutdown$$00000000))
<BR><BR>[Called By]<UL><LI><a href="#[c9]">&gt;&gt;</a>&nbsp;&nbsp;&nbsp;__rt_exit_ls
</UL>

<P><STRONG><a name="[41a]"></a>__rt_lib_shutdown_cpp_1</STRONG> (Thumb, 0 bytes, Stack size unknown bytes, libshutdown2.o(.ARM.Collect$$libshutdown$$00000002))

<P><STRONG><a name="[41b]"></a>__rt_lib_shutdown_fp_trap_1</STRONG> (Thumb, 0 bytes, Stack size unknown bytes, libshutdown2.o(.ARM.Collect$$libshutdown$$00000007))

<P><STRONG><a name="[41c]"></a>__rt_lib_shutdown_heap_1</STRONG> (Thumb, 0 bytes, Stack size unknown bytes, libshutdown2.o(.ARM.Collect$$libshutdown$$0000000F))

<P><STRONG><a name="[41d]"></a>__rt_lib_shutdown_return</STRONG> (Thumb, 0 bytes, Stack size unknown bytes, libshutdown2.o(.ARM.Collect$$libshutdown$$00000010))

<P><STRONG><a name="[41e]"></a>__rt_lib_shutdown_signal_1</STRONG> (Thumb, 0 bytes, Stack size unknown bytes, libshutdown2.o(.ARM.Collect$$libshutdown$$0000000A))

<P><STRONG><a name="[41f]"></a>__rt_lib_shutdown_stdio_1</STRONG> (Thumb, 0 bytes, Stack size unknown bytes, libshutdown2.o(.ARM.Collect$$libshutdown$$00000004))

<P><STRONG><a name="[420]"></a>__rt_lib_shutdown_user_alloc_1</STRONG> (Thumb, 0 bytes, Stack size unknown bytes, libshutdown2.o(.ARM.Collect$$libshutdown$$0000000C))

<P><STRONG><a name="[95]"></a>__rt_entry</STRONG> (Thumb, 0 bytes, Stack size unknown bytes, __rtentry.o(.ARM.Collect$$rtentry$$00000000))
<BR><BR>[Called By]<UL><LI><a href="#[92]">&gt;&gt;</a>&nbsp;&nbsp;&nbsp;__main
<LI><a href="#[96]">&gt;&gt;</a>&nbsp;&nbsp;&nbsp;__scatterload_rt2
</UL>

<P><STRONG><a name="[421]"></a>__rt_entry_presh_1</STRONG> (Thumb, 0 bytes, Stack size unknown bytes, __rtentry2.o(.ARM.Collect$$rtentry$$00000002))

<P><STRONG><a name="[c2]"></a>__rt_entry_sh</STRONG> (Thumb, 0 bytes, Stack size unknown bytes, __rtentry4.o(.ARM.Collect$$rtentry$$00000004))
<BR><BR>[Stack]<UL><LI>Max Depth = 8 + Unknown Stack Size
<LI>Call Chain = __rt_entry_sh &rArr; __user_setup_stackheap
</UL>
<BR>[Calls]<UL><LI><a href="#[c3]">&gt;&gt;</a>&nbsp;&nbsp;&nbsp;__user_setup_stackheap
</UL>

<P><STRONG><a name="[c4]"></a>__rt_entry_li</STRONG> (Thumb, 0 bytes, Stack size unknown bytes, __rtentry2.o(.ARM.Collect$$rtentry$$0000000A))
<BR><BR>[Calls]<UL><LI><a href="#[c5]">&gt;&gt;</a>&nbsp;&nbsp;&nbsp;__rt_lib_init
</UL>

<P><STRONG><a name="[422]"></a>__rt_entry_postsh_1</STRONG> (Thumb, 0 bytes, Stack size unknown bytes, __rtentry2.o(.ARM.Collect$$rtentry$$00000009))

<P><STRONG><a name="[c6]"></a>__rt_entry_main</STRONG> (Thumb, 0 bytes, Stack size unknown bytes, __rtentry2.o(.ARM.Collect$$rtentry$$0000000D))
<BR><BR>[Stack]<UL><LI>Max Depth = 2536 + Unknown Stack Size
<LI>Call Chain = __rt_entry_main &rArr; main &rArr; smtc_modem_run_engine &rArr; modem_supervisor_engine &rArr; certification_event_handler &rArr; smtc_modem_set_certification_mode &rArr; smtc_secure_element_store_context &rArr; smtc_secure_element_restore_context &rArr; smtc_modem_hal_print_trace &rArr; hal_trace_print &rArr; uart_print &rArr; am_hal_uart_transfer &rArr; read_nonblocking &rArr; am_hal_queue_item_get
</UL>
<BR>[Calls]<UL><LI><a href="#[c7]">&gt;&gt;</a>&nbsp;&nbsp;&nbsp;main
<LI><a href="#[c8]">&gt;&gt;</a>&nbsp;&nbsp;&nbsp;exit
</UL>

<P><STRONG><a name="[423]"></a>__rt_entry_postli_1</STRONG> (Thumb, 0 bytes, Stack size unknown bytes, __rtentry2.o(.ARM.Collect$$rtentry$$0000000C))

<P><STRONG><a name="[f3]"></a>__rt_exit</STRONG> (Thumb, 0 bytes, Stack size unknown bytes, rtexit.o(.ARM.Collect$$rtexit$$00000000))
<BR><BR>[Called By]<UL><LI><a href="#[c8]">&gt;&gt;</a>&nbsp;&nbsp;&nbsp;exit
</UL>

<P><STRONG><a name="[c9]"></a>__rt_exit_ls</STRONG> (Thumb, 0 bytes, Stack size unknown bytes, rtexit2.o(.ARM.Collect$$rtexit$$00000003))
<BR><BR>[Calls]<UL><LI><a href="#[ca]">&gt;&gt;</a>&nbsp;&nbsp;&nbsp;__rt_lib_shutdown
</UL>

<P><STRONG><a name="[424]"></a>__rt_exit_prels_1</STRONG> (Thumb, 0 bytes, Stack size unknown bytes, rtexit2.o(.ARM.Collect$$rtexit$$00000002))

<P><STRONG><a name="[cb]"></a>__rt_exit_exit</STRONG> (Thumb, 0 bytes, Stack size unknown bytes, rtexit2.o(.ARM.Collect$$rtexit$$00000004))
<BR><BR>[Calls]<UL><LI><a href="#[cc]">&gt;&gt;</a>&nbsp;&nbsp;&nbsp;_sys_exit
</UL>

<P><STRONG><a name="[5]"></a>HardFault_Handler</STRONG> (Thumb, 26 bytes, Stack size 0 bytes, am_util_faultisr.o(.emb_text))
<BR><BR>[Stack]<UL><LI>Max Depth = 364<LI>Call Chain = HardFault_Handler &rArr; am_util_faultisr_collect_data &rArr; am_util_stdio_printf &rArr; am_util_stdio_vsprintf &rArr; ftoa &rArr; uint64_to_str &rArr; divu64_10
</UL>
<BR>[Calls]<UL><LI><a href="#[cd]">&gt;&gt;</a>&nbsp;&nbsp;&nbsp;am_util_faultisr_collect_data
</UL>
<BR>[Address Reference Count : 1]<UL><LI> startup_keil.o(RESET)
</UL>
<P><STRONG><a name="[13b]"></a>getStackedReg</STRONG> (Thumb, 8 bytes, Stack size 0 bytes, am_util_faultisr.o(.emb_text))
<BR><BR>[Called By]<UL><LI><a href="#[cd]">&gt;&gt;</a>&nbsp;&nbsp;&nbsp;am_util_faultisr_collect_data
</UL>

<P><STRONG><a name="[1fd]"></a>am_hal_interrupt_master_enable</STRONG> (Thumb, 8 bytes, Stack size 0 bytes, am_hal_interrupt.o(.emb_text))
<BR><BR>[Called By]<UL><LI><a href="#[1fc]">&gt;&gt;</a>&nbsp;&nbsp;&nbsp;hal_lp_timer_init
<LI><a href="#[c7]">&gt;&gt;</a>&nbsp;&nbsp;&nbsp;main
</UL>

<P><STRONG><a name="[115]"></a>am_hal_interrupt_master_disable</STRONG> (Thumb, 8 bytes, Stack size 0 bytes, am_hal_interrupt.o(.emb_text))
<BR><BR>[Called By]<UL><LI><a href="#[11f]">&gt;&gt;</a>&nbsp;&nbsp;&nbsp;am_hal_ctimer_stop
<LI><a href="#[11e]">&gt;&gt;</a>&nbsp;&nbsp;&nbsp;am_hal_ctimer_start
<LI><a href="#[11d]">&gt;&gt;</a>&nbsp;&nbsp;&nbsp;am_hal_ctimer_period_set
<LI><a href="#[10e]">&gt;&gt;</a>&nbsp;&nbsp;&nbsp;am_hal_ctimer_int_status_get
<LI><a href="#[11a]">&gt;&gt;</a>&nbsp;&nbsp;&nbsp;am_hal_ctimer_int_enable
<LI><a href="#[10f]">&gt;&gt;</a>&nbsp;&nbsp;&nbsp;am_hal_ctimer_int_clear
<LI><a href="#[119]">&gt;&gt;</a>&nbsp;&nbsp;&nbsp;am_hal_ctimer_config_single
<LI><a href="#[122]">&gt;&gt;</a>&nbsp;&nbsp;&nbsp;am_hal_gpio_state_write
<LI><a href="#[112]">&gt;&gt;</a>&nbsp;&nbsp;&nbsp;am_hal_gpio_interrupt_status_get
<LI><a href="#[120]">&gt;&gt;</a>&nbsp;&nbsp;&nbsp;am_hal_gpio_interrupt_enable
<LI><a href="#[113]">&gt;&gt;</a>&nbsp;&nbsp;&nbsp;am_hal_gpio_interrupt_clear
<LI><a href="#[134]">&gt;&gt;</a>&nbsp;&nbsp;&nbsp;am_hal_uart_transfer
<LI><a href="#[133]">&gt;&gt;</a>&nbsp;&nbsp;&nbsp;am_hal_uart_power_control
<LI><a href="#[132]">&gt;&gt;</a>&nbsp;&nbsp;&nbsp;am_hal_uart_interrupt_service
<LI><a href="#[130]">&gt;&gt;</a>&nbsp;&nbsp;&nbsp;am_hal_uart_configure
<LI><a href="#[121]">&gt;&gt;</a>&nbsp;&nbsp;&nbsp;am_hal_gpio_pinconfig
<LI><a href="#[114]">&gt;&gt;</a>&nbsp;&nbsp;&nbsp;am_hal_cachectrl_config
<LI><a href="#[12f]">&gt;&gt;</a>&nbsp;&nbsp;&nbsp;am_hal_queue_item_get
<LI><a href="#[12e]">&gt;&gt;</a>&nbsp;&nbsp;&nbsp;am_hal_queue_item_add
<LI><a href="#[135]">&gt;&gt;</a>&nbsp;&nbsp;&nbsp;write_nonblocking
<LI><a href="#[136]">&gt;&gt;</a>&nbsp;&nbsp;&nbsp;read_nonblocking
<LI><a href="#[128]">&gt;&gt;</a>&nbsp;&nbsp;&nbsp;am_hal_pwrctrl_periph_enable
<LI><a href="#[127]">&gt;&gt;</a>&nbsp;&nbsp;&nbsp;am_hal_pwrctrl_periph_disable
</UL>

<P><STRONG><a name="[116]"></a>am_hal_interrupt_master_set</STRONG> (Thumb, 6 bytes, Stack size 0 bytes, am_hal_interrupt.o(.emb_text))
<BR><BR>[Called By]<UL><LI><a href="#[11f]">&gt;&gt;</a>&nbsp;&nbsp;&nbsp;am_hal_ctimer_stop
<LI><a href="#[11e]">&gt;&gt;</a>&nbsp;&nbsp;&nbsp;am_hal_ctimer_start
<LI><a href="#[11d]">&gt;&gt;</a>&nbsp;&nbsp;&nbsp;am_hal_ctimer_period_set
<LI><a href="#[10e]">&gt;&gt;</a>&nbsp;&nbsp;&nbsp;am_hal_ctimer_int_status_get
<LI><a href="#[11a]">&gt;&gt;</a>&nbsp;&nbsp;&nbsp;am_hal_ctimer_int_enable
<LI><a href="#[10f]">&gt;&gt;</a>&nbsp;&nbsp;&nbsp;am_hal_ctimer_int_clear
<LI><a href="#[119]">&gt;&gt;</a>&nbsp;&nbsp;&nbsp;am_hal_ctimer_config_single
<LI><a href="#[122]">&gt;&gt;</a>&nbsp;&nbsp;&nbsp;am_hal_gpio_state_write
<LI><a href="#[112]">&gt;&gt;</a>&nbsp;&nbsp;&nbsp;am_hal_gpio_interrupt_status_get
<LI><a href="#[120]">&gt;&gt;</a>&nbsp;&nbsp;&nbsp;am_hal_gpio_interrupt_enable
<LI><a href="#[113]">&gt;&gt;</a>&nbsp;&nbsp;&nbsp;am_hal_gpio_interrupt_clear
<LI><a href="#[134]">&gt;&gt;</a>&nbsp;&nbsp;&nbsp;am_hal_uart_transfer
<LI><a href="#[133]">&gt;&gt;</a>&nbsp;&nbsp;&nbsp;am_hal_uart_power_control
<LI><a href="#[132]">&gt;&gt;</a>&nbsp;&nbsp;&nbsp;am_hal_uart_interrupt_service
<LI><a href="#[130]">&gt;&gt;</a>&nbsp;&nbsp;&nbsp;am_hal_uart_configure
<LI><a href="#[121]">&gt;&gt;</a>&nbsp;&nbsp;&nbsp;am_hal_gpio_pinconfig
<LI><a href="#[114]">&gt;&gt;</a>&nbsp;&nbsp;&nbsp;am_hal_cachectrl_config
<LI><a href="#[12f]">&gt;&gt;</a>&nbsp;&nbsp;&nbsp;am_hal_queue_item_get
<LI><a href="#[12e]">&gt;&gt;</a>&nbsp;&nbsp;&nbsp;am_hal_queue_item_add
<LI><a href="#[135]">&gt;&gt;</a>&nbsp;&nbsp;&nbsp;write_nonblocking
<LI><a href="#[136]">&gt;&gt;</a>&nbsp;&nbsp;&nbsp;read_nonblocking
<LI><a href="#[128]">&gt;&gt;</a>&nbsp;&nbsp;&nbsp;am_hal_pwrctrl_periph_enable
<LI><a href="#[127]">&gt;&gt;</a>&nbsp;&nbsp;&nbsp;am_hal_pwrctrl_periph_disable
</UL>

<P><STRONG><a name="[205]"></a>rand</STRONG> (Thumb, 48 bytes, Stack size 0 bytes, rand.o(.emb_text))
<BR><BR>[Called By]<UL><LI><a href="#[204]">&gt;&gt;</a>&nbsp;&nbsp;&nbsp;hal_rng_get_random
</UL>

<P><STRONG><a name="[f2]"></a>__user_initial_stackheap</STRONG> (Thumb, 10 bytes, Stack size 0 bytes, startup_keil.o(.text))
<BR><BR>[Called By]<UL><LI><a href="#[c3]">&gt;&gt;</a>&nbsp;&nbsp;&nbsp;__user_setup_stackheap
</UL>

<P><STRONG><a name="[1f6]"></a>__aeabi_llsl</STRONG> (Thumb, 0 bytes, Stack size 0 bytes, llshl.o(.text))
<BR><BR>[Called By]<UL><LI><a href="#[1f5]">&gt;&gt;</a>&nbsp;&nbsp;&nbsp;hal_gpio_init_in
</UL>

<P><STRONG><a name="[425]"></a>_ll_shift_l</STRONG> (Thumb, 38 bytes, Stack size 0 bytes, llshl.o(.text), UNUSED)

<P><STRONG><a name="[ce]"></a>vsprintf</STRONG> (Thumb, 32 bytes, Stack size 16 bytes, vsprintf.o(.text))
<BR><BR>[Stack]<UL><LI>Max Depth = 120 + Unknown Stack Size
<LI>Call Chain = vsprintf &rArr; _printf_char_common &rArr; __printf
</UL>
<BR>[Calls]<UL><LI><a href="#[2e]">&gt;&gt;</a>&nbsp;&nbsp;&nbsp;_sputc
<LI><a href="#[cf]">&gt;&gt;</a>&nbsp;&nbsp;&nbsp;_printf_char_common
</UL>
<BR>[Called By]<UL><LI><a href="#[20e]">&gt;&gt;</a>&nbsp;&nbsp;&nbsp;hal_trace_print
</UL>

<P><STRONG><a name="[d0]"></a>srand</STRONG> (Thumb, 42 bytes, Stack size 8 bytes, rand.o(.text))
<BR><BR>[Stack]<UL><LI>Max Depth = 8<LI>Call Chain = srand
</UL>
<BR>[Called By]<UL><LI><a href="#[bc]">&gt;&gt;</a>&nbsp;&nbsp;&nbsp;_rand_init
</UL>

<P><STRONG><a name="[bc]"></a>_rand_init</STRONG> (Thumb, 4 bytes, Stack size 0 bytes, rand.o(.text))
<BR><BR>[Stack]<UL><LI>Max Depth = 8<LI>Call Chain = _rand_init &rArr; srand
</UL>
<BR>[Calls]<UL><LI><a href="#[d0]">&gt;&gt;</a>&nbsp;&nbsp;&nbsp;srand
</UL>
<BR>[Called By]<UL><LI><a href="#[bb]">&gt;&gt;</a>&nbsp;&nbsp;&nbsp;__rt_lib_init_rand_2
</UL>

<P><STRONG><a name="[288]"></a>strrchr</STRONG> (Thumb, 22 bytes, Stack size 0 bytes, strrchr.o(.text))
<BR><BR>[Called By]<UL><LI><a href="#[227]">&gt;&gt;</a>&nbsp;&nbsp;&nbsp;lorawan_certification_parser
</UL>

<P><STRONG><a name="[fb]"></a>__aeabi_memcpy</STRONG> (Thumb, 0 bytes, Stack size 0 bytes, rt_memcpy_v6.o(.text))
<BR><BR>[Called By]<UL><LI><a href="#[320]">&gt;&gt;</a>&nbsp;&nbsp;&nbsp;set_modem_downlink_frame
<LI><a href="#[1cc]">&gt;&gt;</a>&nbsp;&nbsp;&nbsp;get_modem_downlink_frame
<LI><a href="#[1d2]">&gt;&gt;</a>&nbsp;&nbsp;&nbsp;get_modem_appstatus
<LI><a href="#[101]">&gt;&gt;</a>&nbsp;&nbsp;&nbsp;AES_CMAC_Update
<LI><a href="#[f9]">&gt;&gt;</a>&nbsp;&nbsp;&nbsp;AES_CMAC_Final
<LI><a href="#[1dd]">&gt;&gt;</a>&nbsp;&nbsp;&nbsp;smtc_modem_hal_store_crashlog
<LI><a href="#[31d]">&gt;&gt;</a>&nbsp;&nbsp;&nbsp;smtc_modem_hal_restore_crashlog
<LI><a href="#[35d]">&gt;&gt;</a>&nbsp;&nbsp;&nbsp;sx128x_set_gfsk_sync_word
<LI><a href="#[3cd]">&gt;&gt;</a>&nbsp;&nbsp;&nbsp;smtc_modem_send_tx
<LI><a href="#[3cf]">&gt;&gt;</a>&nbsp;&nbsp;&nbsp;smtc_secure_element_store_context
<LI><a href="#[3b9]">&gt;&gt;</a>&nbsp;&nbsp;&nbsp;smtc_secure_element_set_key
<LI><a href="#[16b]">&gt;&gt;</a>&nbsp;&nbsp;&nbsp;smtc_secure_element_restore_context
<LI><a href="#[3bb]">&gt;&gt;</a>&nbsp;&nbsp;&nbsp;smtc_secure_element_process_join_accept
<LI><a href="#[3cc]">&gt;&gt;</a>&nbsp;&nbsp;&nbsp;smtc_secure_element_init
<LI><a href="#[19b]">&gt;&gt;</a>&nbsp;&nbsp;&nbsp;ctrl_set
<LI><a href="#[19a]">&gt;&gt;</a>&nbsp;&nbsp;&nbsp;ctrl_get
<LI><a href="#[2e2]">&gt;&gt;</a>&nbsp;&nbsp;&nbsp;smtc_real_set_dr_distribution
<LI><a href="#[2aa]">&gt;&gt;</a>&nbsp;&nbsp;&nbsp;smtc_modem_crypto_verify_mic
</UL>

<P><STRONG><a name="[d1]"></a>__rt_memcpy</STRONG> (Thumb, 138 bytes, Stack size 0 bytes, rt_memcpy_v6.o(.text), UNUSED)
<BR><BR>[Calls]<UL><LI><a href="#[d2]">&gt;&gt;</a>&nbsp;&nbsp;&nbsp;__aeabi_memcpy4
</UL>

<P><STRONG><a name="[426]"></a>_memcpy_lastbytes</STRONG> (Thumb, 0 bytes, Stack size unknown bytes, rt_memcpy_v6.o(.text), UNUSED)

<P><STRONG><a name="[d2]"></a>__aeabi_memcpy4</STRONG> (Thumb, 0 bytes, Stack size 8 bytes, rt_memcpy_w.o(.text))
<BR><BR>[Stack]<UL><LI>Max Depth = 8<LI>Call Chain = __aeabi_memcpy4
</UL>
<BR>[Called By]<UL><LI><a href="#[208]">&gt;&gt;</a>&nbsp;&nbsp;&nbsp;hal_spi_in_out
<LI><a href="#[41]">&gt;&gt;</a>&nbsp;&nbsp;&nbsp;uart_print
<LI><a href="#[301]">&gt;&gt;</a>&nbsp;&nbsp;&nbsp;modem_context_factory_reset
<LI><a href="#[226]">&gt;&gt;</a>&nbsp;&nbsp;&nbsp;smtc_beacon_sniff_get_metadata
<LI><a href="#[16b]">&gt;&gt;</a>&nbsp;&nbsp;&nbsp;smtc_secure_element_restore_context
<LI><a href="#[3cc]">&gt;&gt;</a>&nbsp;&nbsp;&nbsp;smtc_secure_element_init
<LI><a href="#[164]">&gt;&gt;</a>&nbsp;&nbsp;&nbsp;rp_task_enqueue
<LI><a href="#[169]">&gt;&gt;</a>&nbsp;&nbsp;&nbsp;certification_event_handler
<LI><a href="#[2f4]">&gt;&gt;</a>&nbsp;&nbsp;&nbsp;smtc_lbt_listen_channel
<LI><a href="#[183]">&gt;&gt;</a>&nbsp;&nbsp;&nbsp;smtc_modem_test_tx_cw
<LI><a href="#[2c3]">&gt;&gt;</a>&nbsp;&nbsp;&nbsp;lr1_stack_mac_tx_radio_start
<LI><a href="#[2b2]">&gt;&gt;</a>&nbsp;&nbsp;&nbsp;lr1_stack_mac_rx_radio_start
<LI><a href="#[39d]">&gt;&gt;</a>&nbsp;&nbsp;&nbsp;rp_task_select_next
<LI><a href="#[159]">&gt;&gt;</a>&nbsp;&nbsp;&nbsp;beacon_rp_request
<LI><a href="#[3aa]">&gt;&gt;</a>&nbsp;&nbsp;&nbsp;smtc_ping_slot_start
<LI><a href="#[2d8]">&gt;&gt;</a>&nbsp;&nbsp;&nbsp;lr1mac_class_c_launch
<LI><a href="#[d1]">&gt;&gt;</a>&nbsp;&nbsp;&nbsp;__rt_memcpy
</UL>

<P><STRONG><a name="[427]"></a>__aeabi_memcpy8</STRONG> (Thumb, 0 bytes, Stack size 8 bytes, rt_memcpy_w.o(.text), UNUSED)

<P><STRONG><a name="[428]"></a>__rt_memcpy_w</STRONG> (Thumb, 100 bytes, Stack size 8 bytes, rt_memcpy_w.o(.text), UNUSED)

<P><STRONG><a name="[429]"></a>_memcpy_lastbytes_aligned</STRONG> (Thumb, 0 bytes, Stack size unknown bytes, rt_memcpy_w.o(.text), UNUSED)

<P><STRONG><a name="[d3]"></a>__aeabi_memset</STRONG> (Thumb, 16 bytes, Stack size 0 bytes, aeabi_memset.o(.text))
<BR><BR>[Calls]<UL><LI><a href="#[d4]">&gt;&gt;</a>&nbsp;&nbsp;&nbsp;_memset
</UL>
<BR>[Called By]<UL><LI><a href="#[303]">&gt;&gt;</a>&nbsp;&nbsp;&nbsp;modem_context_init
<LI><a href="#[169]">&gt;&gt;</a>&nbsp;&nbsp;&nbsp;certification_event_handler
<LI><a href="#[2f0]">&gt;&gt;</a>&nbsp;&nbsp;&nbsp;smtc_duty_cycle_get_next_free_time_ms
<LI><a href="#[296]">&gt;&gt;</a>&nbsp;&nbsp;&nbsp;lr1_stack_mac_init
</UL>

<P><STRONG><a name="[fd]"></a>__aeabi_memclr</STRONG> (Thumb, 0 bytes, Stack size 0 bytes, rt_memclr.o(.text))
<BR><BR>[Called By]<UL><LI><a href="#[303]">&gt;&gt;</a>&nbsp;&nbsp;&nbsp;modem_context_init
<LI><a href="#[fc]">&gt;&gt;</a>&nbsp;&nbsp;&nbsp;AES_CMAC_Init
<LI><a href="#[2e9]">&gt;&gt;</a>&nbsp;&nbsp;&nbsp;smtc_duty_cycle_update
<LI><a href="#[2f7]">&gt;&gt;</a>&nbsp;&nbsp;&nbsp;smtc_duty_cycle_sum
<LI><a href="#[296]">&gt;&gt;</a>&nbsp;&nbsp;&nbsp;lr1_stack_mac_init
</UL>

<P><STRONG><a name="[d5]"></a>__rt_memclr</STRONG> (Thumb, 68 bytes, Stack size 0 bytes, rt_memclr.o(.text), UNUSED)
<BR><BR>[Calls]<UL><LI><a href="#[d6]">&gt;&gt;</a>&nbsp;&nbsp;&nbsp;_memset_w
</UL>

<P><STRONG><a name="[d4]"></a>_memset</STRONG> (Thumb, 0 bytes, Stack size unknown bytes, rt_memclr.o(.text))
<BR><BR>[Called By]<UL><LI><a href="#[d3]">&gt;&gt;</a>&nbsp;&nbsp;&nbsp;__aeabi_memset
</UL>

<P><STRONG><a name="[fe]"></a>__aeabi_memclr4</STRONG> (Thumb, 0 bytes, Stack size 4 bytes, rt_memclr_w.o(.text))
<BR><BR>[Stack]<UL><LI>Max Depth = 4<LI>Call Chain = __aeabi_memclr4
</UL>
<BR>[Called By]<UL><LI><a href="#[cd]">&gt;&gt;</a>&nbsp;&nbsp;&nbsp;am_util_faultisr_collect_data
<LI><a href="#[303]">&gt;&gt;</a>&nbsp;&nbsp;&nbsp;modem_context_init
<LI><a href="#[1c2]">&gt;&gt;</a>&nbsp;&nbsp;&nbsp;dm_status_payload
<LI><a href="#[fc]">&gt;&gt;</a>&nbsp;&nbsp;&nbsp;AES_CMAC_Init
<LI><a href="#[253]">&gt;&gt;</a>&nbsp;&nbsp;&nbsp;smtc_ping_slot_init
<LI><a href="#[254]">&gt;&gt;</a>&nbsp;&nbsp;&nbsp;smtc_beacon_sniff_init
<LI><a href="#[268]">&gt;&gt;</a>&nbsp;&nbsp;&nbsp;lr1mac_core_next_free_duty_cycle_ms_get
<LI><a href="#[251]">&gt;&gt;</a>&nbsp;&nbsp;&nbsp;lr1mac_core_init
<LI><a href="#[237]">&gt;&gt;</a>&nbsp;&nbsp;&nbsp;lr1mac_core_context_save
<LI><a href="#[252]">&gt;&gt;</a>&nbsp;&nbsp;&nbsp;lr1mac_class_c_init
<LI><a href="#[255]">&gt;&gt;</a>&nbsp;&nbsp;&nbsp;lorawan_certification_init
<LI><a href="#[3cf]">&gt;&gt;</a>&nbsp;&nbsp;&nbsp;smtc_secure_element_store_context
<LI><a href="#[3ba]">&gt;&gt;</a>&nbsp;&nbsp;&nbsp;smtc_secure_element_aes_encrypt
<LI><a href="#[169]">&gt;&gt;</a>&nbsp;&nbsp;&nbsp;certification_event_handler
<LI><a href="#[2f4]">&gt;&gt;</a>&nbsp;&nbsp;&nbsp;smtc_lbt_listen_channel
<LI><a href="#[183]">&gt;&gt;</a>&nbsp;&nbsp;&nbsp;smtc_modem_test_tx_cw
<LI><a href="#[182]">&gt;&gt;</a>&nbsp;&nbsp;&nbsp;smtc_modem_test_start
<LI><a href="#[393]">&gt;&gt;</a>&nbsp;&nbsp;&nbsp;rp_init
<LI><a href="#[314]">&gt;&gt;</a>&nbsp;&nbsp;&nbsp;modem_supervisor_init
<LI><a href="#[2e5]">&gt;&gt;</a>&nbsp;&nbsp;&nbsp;smtc_real_config
<LI><a href="#[2f5]">&gt;&gt;</a>&nbsp;&nbsp;&nbsp;save_devnonce_rst
<LI><a href="#[220]">&gt;&gt;</a>&nbsp;&nbsp;&nbsp;load_devnonce_reset
<LI><a href="#[2aa]">&gt;&gt;</a>&nbsp;&nbsp;&nbsp;smtc_modem_crypto_verify_mic
<LI><a href="#[2cd]">&gt;&gt;</a>&nbsp;&nbsp;&nbsp;lr1_stack_toa_get
<LI><a href="#[2c3]">&gt;&gt;</a>&nbsp;&nbsp;&nbsp;lr1_stack_mac_tx_radio_start
<LI><a href="#[2b2]">&gt;&gt;</a>&nbsp;&nbsp;&nbsp;lr1_stack_mac_rx_radio_start
<LI><a href="#[159]">&gt;&gt;</a>&nbsp;&nbsp;&nbsp;beacon_rp_request
<LI><a href="#[3aa]">&gt;&gt;</a>&nbsp;&nbsp;&nbsp;smtc_ping_slot_start
<LI><a href="#[3d6]">&gt;&gt;</a>&nbsp;&nbsp;&nbsp;smtc_ping_slot_compute_downlink_toa
<LI><a href="#[2d8]">&gt;&gt;</a>&nbsp;&nbsp;&nbsp;lr1mac_class_c_launch
<LI><a href="#[3b5]">&gt;&gt;</a>&nbsp;&nbsp;&nbsp;smtc_duty_cycle_init
</UL>

<P><STRONG><a name="[42a]"></a>__aeabi_memclr8</STRONG> (Thumb, 0 bytes, Stack size 4 bytes, rt_memclr_w.o(.text), UNUSED)

<P><STRONG><a name="[42b]"></a>__rt_memclr_w</STRONG> (Thumb, 78 bytes, Stack size 4 bytes, rt_memclr_w.o(.text), UNUSED)

<P><STRONG><a name="[d6]"></a>_memset_w</STRONG> (Thumb, 0 bytes, Stack size unknown bytes, rt_memclr_w.o(.text), UNUSED)
<BR><BR>[Called By]<UL><LI><a href="#[d5]">&gt;&gt;</a>&nbsp;&nbsp;&nbsp;__rt_memclr
</UL>

<P><STRONG><a name="[351]"></a>strcmp</STRONG> (Thumb, 128 bytes, Stack size 0 bytes, strcmpv7m.o(.text))
<BR><BR>[Called By]<UL><LI><a href="#[53]">&gt;&gt;</a>&nbsp;&nbsp;&nbsp;ral_sx128x_handles_part
<LI><a href="#[30]">&gt;&gt;</a>&nbsp;&nbsp;&nbsp;_get_lc_ctype
<LI><a href="#[c1]">&gt;&gt;</a>&nbsp;&nbsp;&nbsp;_get_lc_numeric
</UL>

<P><STRONG><a name="[42c]"></a>__use_two_region_memory</STRONG> (Thumb, 2 bytes, Stack size 0 bytes, heapauxi.o(.text), UNUSED)

<P><STRONG><a name="[42d]"></a>__rt_heap_escrow$2region</STRONG> (Thumb, 2 bytes, Stack size 0 bytes, heapauxi.o(.text), UNUSED)

<P><STRONG><a name="[42e]"></a>__rt_heap_expand$2region</STRONG> (Thumb, 2 bytes, Stack size 0 bytes, heapauxi.o(.text), UNUSED)

<P><STRONG><a name="[d8]"></a>_printf_pre_padding</STRONG> (Thumb, 44 bytes, Stack size 16 bytes, _printf_pad.o(.text))
<BR><BR>[Stack]<UL><LI>Max Depth = 16<LI>Call Chain = _printf_pre_padding
</UL>
<BR>[Called By]<UL><LI><a href="#[ec]">&gt;&gt;</a>&nbsp;&nbsp;&nbsp;_printf_fp_infnan
<LI><a href="#[ed]">&gt;&gt;</a>&nbsp;&nbsp;&nbsp;_printf_fp_hex_real
<LI><a href="#[ea]">&gt;&gt;</a>&nbsp;&nbsp;&nbsp;_printf_fp_dec_real
<LI><a href="#[dc]">&gt;&gt;</a>&nbsp;&nbsp;&nbsp;_printf_int_common
<LI><a href="#[de]">&gt;&gt;</a>&nbsp;&nbsp;&nbsp;_printf_wctomb
<LI><a href="#[d7]">&gt;&gt;</a>&nbsp;&nbsp;&nbsp;_printf_str
</UL>

<P><STRONG><a name="[d9]"></a>_printf_post_padding</STRONG> (Thumb, 34 bytes, Stack size 16 bytes, _printf_pad.o(.text))
<BR><BR>[Stack]<UL><LI>Max Depth = 16<LI>Call Chain = _printf_post_padding
</UL>
<BR>[Called By]<UL><LI><a href="#[ec]">&gt;&gt;</a>&nbsp;&nbsp;&nbsp;_printf_fp_infnan
<LI><a href="#[ed]">&gt;&gt;</a>&nbsp;&nbsp;&nbsp;_printf_fp_hex_real
<LI><a href="#[ea]">&gt;&gt;</a>&nbsp;&nbsp;&nbsp;_printf_fp_dec_real
<LI><a href="#[dc]">&gt;&gt;</a>&nbsp;&nbsp;&nbsp;_printf_int_common
<LI><a href="#[de]">&gt;&gt;</a>&nbsp;&nbsp;&nbsp;_printf_wctomb
<LI><a href="#[d7]">&gt;&gt;</a>&nbsp;&nbsp;&nbsp;_printf_str
</UL>

<P><STRONG><a name="[da]"></a>_printf_truncate_signed</STRONG> (Thumb, 18 bytes, Stack size 0 bytes, _printf_truncate.o(.text))
<BR><BR>[Called By]<UL><LI><a href="#[a2]">&gt;&gt;</a>&nbsp;&nbsp;&nbsp;_printf_int_dec
</UL>

<P><STRONG><a name="[db]"></a>_printf_truncate_unsigned</STRONG> (Thumb, 18 bytes, Stack size 0 bytes, _printf_truncate.o(.text))
<BR><BR>[Called By]<UL><LI><a href="#[a8]">&gt;&gt;</a>&nbsp;&nbsp;&nbsp;_printf_int_hex
<LI><a href="#[a6]">&gt;&gt;</a>&nbsp;&nbsp;&nbsp;_printf_int_oct
<LI><a href="#[a2]">&gt;&gt;</a>&nbsp;&nbsp;&nbsp;_printf_int_dec
</UL>

<P><STRONG><a name="[d7]"></a>_printf_str</STRONG> (Thumb, 82 bytes, Stack size 16 bytes, _printf_str.o(.text))
<BR><BR>[Stack]<UL><LI>Max Depth = 32<LI>Call Chain = _printf_str &rArr; _printf_post_padding
</UL>
<BR>[Calls]<UL><LI><a href="#[d9]">&gt;&gt;</a>&nbsp;&nbsp;&nbsp;_printf_post_padding
<LI><a href="#[d8]">&gt;&gt;</a>&nbsp;&nbsp;&nbsp;_printf_pre_padding
</UL>
<BR>[Called By]<UL><LI><a href="#[ee]">&gt;&gt;</a>&nbsp;&nbsp;&nbsp;_printf_cs_common
</UL>

<P><STRONG><a name="[a2]"></a>_printf_int_dec</STRONG> (Thumb, 104 bytes, Stack size 24 bytes, _printf_dec.o(.text))
<BR><BR>[Stack]<UL><LI>Max Depth = 72<LI>Call Chain = _printf_int_dec &rArr; _printf_int_common &rArr; _printf_post_padding
</UL>
<BR>[Calls]<UL><LI><a href="#[dc]">&gt;&gt;</a>&nbsp;&nbsp;&nbsp;_printf_int_common
<LI><a href="#[db]">&gt;&gt;</a>&nbsp;&nbsp;&nbsp;_printf_truncate_unsigned
<LI><a href="#[da]">&gt;&gt;</a>&nbsp;&nbsp;&nbsp;_printf_truncate_signed
</UL>
<BR>[Called By]<UL><LI><a href="#[a4]">&gt;&gt;</a>&nbsp;&nbsp;&nbsp;_printf_u
<LI><a href="#[a3]">&gt;&gt;</a>&nbsp;&nbsp;&nbsp;_printf_d
<LI><a href="#[a1]">&gt;&gt;</a>&nbsp;&nbsp;&nbsp;_printf_i
</UL>

<P><STRONG><a name="[98]"></a>_printf_charcount</STRONG> (Thumb, 40 bytes, Stack size 0 bytes, _printf_charcount.o(.text))
<BR><BR>[Called By]<UL><LI><a href="#[97]">&gt;&gt;</a>&nbsp;&nbsp;&nbsp;_printf_n
</UL>

<P><STRONG><a name="[cf]"></a>_printf_char_common</STRONG> (Thumb, 32 bytes, Stack size 64 bytes, _printf_char_common.o(.text))
<BR><BR>[Stack]<UL><LI>Max Depth = 104 + Unknown Stack Size
<LI>Call Chain = _printf_char_common &rArr; __printf
</UL>
<BR>[Calls]<UL><LI><a href="#[dd]">&gt;&gt;</a>&nbsp;&nbsp;&nbsp;__printf
</UL>
<BR>[Called By]<UL><LI><a href="#[ce]">&gt;&gt;</a>&nbsp;&nbsp;&nbsp;vsprintf
</UL>

<P><STRONG><a name="[2e]"></a>_sputc</STRONG> (Thumb, 10 bytes, Stack size 0 bytes, _sputc.o(.text))
<BR><BR>[Called By]<UL><LI><a href="#[ce]">&gt;&gt;</a>&nbsp;&nbsp;&nbsp;vsprintf
</UL>
<BR>[Address Reference Count : 1]<UL><LI> vsprintf.o(.text)
</UL>
<P><STRONG><a name="[de]"></a>_printf_wctomb</STRONG> (Thumb, 182 bytes, Stack size 56 bytes, _printf_wctomb.o(.text))
<BR><BR>[Stack]<UL><LI>Max Depth = 80<LI>Call Chain = _printf_wctomb &rArr; _wcrtomb &rArr; __rt_ctype_table
</UL>
<BR>[Calls]<UL><LI><a href="#[df]">&gt;&gt;</a>&nbsp;&nbsp;&nbsp;_wcrtomb
<LI><a href="#[d9]">&gt;&gt;</a>&nbsp;&nbsp;&nbsp;_printf_post_padding
<LI><a href="#[d8]">&gt;&gt;</a>&nbsp;&nbsp;&nbsp;_printf_pre_padding
</UL>
<BR>[Called By]<UL><LI><a href="#[ef]">&gt;&gt;</a>&nbsp;&nbsp;&nbsp;_printf_lcs_common
</UL>

<P><STRONG><a name="[aa]"></a>_printf_longlong_dec</STRONG> (Thumb, 108 bytes, Stack size 24 bytes, _printf_longlong_dec.o(.text))
<BR><BR>[Stack]<UL><LI>Max Depth = 72<LI>Call Chain = _printf_longlong_dec &rArr; _printf_int_common &rArr; _printf_post_padding
</UL>
<BR>[Calls]<UL><LI><a href="#[dc]">&gt;&gt;</a>&nbsp;&nbsp;&nbsp;_printf_int_common
<LI><a href="#[e0]">&gt;&gt;</a>&nbsp;&nbsp;&nbsp;_ll_udiv10
</UL>
<BR>[Called By]<UL><LI><a href="#[ac]">&gt;&gt;</a>&nbsp;&nbsp;&nbsp;_printf_llu
<LI><a href="#[ab]">&gt;&gt;</a>&nbsp;&nbsp;&nbsp;_printf_lld
<LI><a href="#[a9]">&gt;&gt;</a>&nbsp;&nbsp;&nbsp;_printf_lli
</UL>

<P><STRONG><a name="[e1]"></a>_printf_longlong_oct</STRONG> (Thumb, 66 bytes, Stack size 8 bytes, _printf_oct_int_ll.o(.text))
<BR><BR>[Stack]<UL><LI>Max Depth = 56<LI>Call Chain = _printf_longlong_oct &rArr; _printf_int_common &rArr; _printf_post_padding
</UL>
<BR>[Calls]<UL><LI><a href="#[dc]">&gt;&gt;</a>&nbsp;&nbsp;&nbsp;_printf_int_common
</UL>
<BR>[Called By]<UL><LI><a href="#[ae]">&gt;&gt;</a>&nbsp;&nbsp;&nbsp;_printf_ll_oct
<LI><a href="#[a6]">&gt;&gt;</a>&nbsp;&nbsp;&nbsp;_printf_int_oct
</UL>

<P><STRONG><a name="[a6]"></a>_printf_int_oct</STRONG> (Thumb, 24 bytes, Stack size 8 bytes, _printf_oct_int_ll.o(.text))
<BR><BR>[Stack]<UL><LI>Max Depth = 64<LI>Call Chain = _printf_int_oct &rArr; _printf_longlong_oct &rArr; _printf_int_common &rArr; _printf_post_padding
</UL>
<BR>[Calls]<UL><LI><a href="#[e1]">&gt;&gt;</a>&nbsp;&nbsp;&nbsp;_printf_longlong_oct
<LI><a href="#[db]">&gt;&gt;</a>&nbsp;&nbsp;&nbsp;_printf_truncate_unsigned
</UL>
<BR>[Called By]<UL><LI><a href="#[a5]">&gt;&gt;</a>&nbsp;&nbsp;&nbsp;_printf_o
</UL>

<P><STRONG><a name="[ae]"></a>_printf_ll_oct</STRONG> (Thumb, 12 bytes, Stack size 0 bytes, _printf_oct_int_ll.o(.text))
<BR><BR>[Stack]<UL><LI>Max Depth = 56<LI>Call Chain = _printf_ll_oct &rArr; _printf_longlong_oct &rArr; _printf_int_common &rArr; _printf_post_padding
</UL>
<BR>[Calls]<UL><LI><a href="#[e1]">&gt;&gt;</a>&nbsp;&nbsp;&nbsp;_printf_longlong_oct
</UL>
<BR>[Called By]<UL><LI><a href="#[ad]">&gt;&gt;</a>&nbsp;&nbsp;&nbsp;_printf_llo
</UL>

<P><STRONG><a name="[e2]"></a>_printf_longlong_hex</STRONG> (Thumb, 86 bytes, Stack size 16 bytes, _printf_hex_int_ll_ptr.o(.text))
<BR><BR>[Stack]<UL><LI>Max Depth = 64<LI>Call Chain = _printf_longlong_hex &rArr; _printf_int_common &rArr; _printf_post_padding
</UL>
<BR>[Calls]<UL><LI><a href="#[dc]">&gt;&gt;</a>&nbsp;&nbsp;&nbsp;_printf_int_common
</UL>
<BR>[Called By]<UL><LI><a href="#[9a]">&gt;&gt;</a>&nbsp;&nbsp;&nbsp;_printf_hex_ptr
<LI><a href="#[b0]">&gt;&gt;</a>&nbsp;&nbsp;&nbsp;_printf_ll_hex
<LI><a href="#[a8]">&gt;&gt;</a>&nbsp;&nbsp;&nbsp;_printf_int_hex
</UL>

<P><STRONG><a name="[a8]"></a>_printf_int_hex</STRONG> (Thumb, 28 bytes, Stack size 16 bytes, _printf_hex_int_ll_ptr.o(.text))
<BR><BR>[Stack]<UL><LI>Max Depth = 80<LI>Call Chain = _printf_int_hex &rArr; _printf_longlong_hex &rArr; _printf_int_common &rArr; _printf_post_padding
</UL>
<BR>[Calls]<UL><LI><a href="#[e2]">&gt;&gt;</a>&nbsp;&nbsp;&nbsp;_printf_longlong_hex
<LI><a href="#[db]">&gt;&gt;</a>&nbsp;&nbsp;&nbsp;_printf_truncate_unsigned
</UL>
<BR>[Called By]<UL><LI><a href="#[a7]">&gt;&gt;</a>&nbsp;&nbsp;&nbsp;_printf_x
</UL>

<P><STRONG><a name="[b0]"></a>_printf_ll_hex</STRONG> (Thumb, 12 bytes, Stack size 0 bytes, _printf_hex_int_ll_ptr.o(.text))
<BR><BR>[Stack]<UL><LI>Max Depth = 64<LI>Call Chain = _printf_ll_hex &rArr; _printf_longlong_hex &rArr; _printf_int_common &rArr; _printf_post_padding
</UL>
<BR>[Calls]<UL><LI><a href="#[e2]">&gt;&gt;</a>&nbsp;&nbsp;&nbsp;_printf_longlong_hex
</UL>
<BR>[Called By]<UL><LI><a href="#[af]">&gt;&gt;</a>&nbsp;&nbsp;&nbsp;_printf_llx
</UL>

<P><STRONG><a name="[9a]"></a>_printf_hex_ptr</STRONG> (Thumb, 18 bytes, Stack size 0 bytes, _printf_hex_int_ll_ptr.o(.text))
<BR><BR>[Stack]<UL><LI>Max Depth = 64<LI>Call Chain = _printf_hex_ptr &rArr; _printf_longlong_hex &rArr; _printf_int_common &rArr; _printf_post_padding
</UL>
<BR>[Calls]<UL><LI><a href="#[e2]">&gt;&gt;</a>&nbsp;&nbsp;&nbsp;_printf_longlong_hex
</UL>
<BR>[Called By]<UL><LI><a href="#[99]">&gt;&gt;</a>&nbsp;&nbsp;&nbsp;_printf_p
</UL>

<P><STRONG><a name="[dd]"></a>__printf</STRONG> (Thumb, 388 bytes, Stack size 40 bytes, __printf_flags_ss_wp.o(.text))
<BR><BR>[Stack]<UL><LI>Max Depth = 40 + Unknown Stack Size
<LI>Call Chain = __printf
</UL>
<BR>[Calls]<UL><LI><a href="#[e4]">&gt;&gt;</a>&nbsp;&nbsp;&nbsp;_printf_percent
<LI><a href="#[e3]">&gt;&gt;</a>&nbsp;&nbsp;&nbsp;_is_digit
</UL>
<BR>[Called By]<UL><LI><a href="#[cf]">&gt;&gt;</a>&nbsp;&nbsp;&nbsp;_printf_char_common
</UL>

<P><STRONG><a name="[e0]"></a>_ll_udiv10</STRONG> (Thumb, 138 bytes, Stack size 12 bytes, lludiv10.o(.text))
<BR><BR>[Stack]<UL><LI>Max Depth = 12<LI>Call Chain = _ll_udiv10
</UL>
<BR>[Called By]<UL><LI><a href="#[e5]">&gt;&gt;</a>&nbsp;&nbsp;&nbsp;_fp_digits
<LI><a href="#[aa]">&gt;&gt;</a>&nbsp;&nbsp;&nbsp;_printf_longlong_dec
</UL>

<P><STRONG><a name="[dc]"></a>_printf_int_common</STRONG> (Thumb, 178 bytes, Stack size 32 bytes, _printf_intcommon.o(.text))
<BR><BR>[Stack]<UL><LI>Max Depth = 48<LI>Call Chain = _printf_int_common &rArr; _printf_post_padding
</UL>
<BR>[Calls]<UL><LI><a href="#[d9]">&gt;&gt;</a>&nbsp;&nbsp;&nbsp;_printf_post_padding
<LI><a href="#[d8]">&gt;&gt;</a>&nbsp;&nbsp;&nbsp;_printf_pre_padding
</UL>
<BR>[Called By]<UL><LI><a href="#[e2]">&gt;&gt;</a>&nbsp;&nbsp;&nbsp;_printf_longlong_hex
<LI><a href="#[e1]">&gt;&gt;</a>&nbsp;&nbsp;&nbsp;_printf_longlong_oct
<LI><a href="#[aa]">&gt;&gt;</a>&nbsp;&nbsp;&nbsp;_printf_longlong_dec
<LI><a href="#[a2]">&gt;&gt;</a>&nbsp;&nbsp;&nbsp;_printf_int_dec
</UL>

<P><STRONG><a name="[42f]"></a>__lib_sel_fp_printf</STRONG> (Thumb, 2 bytes, Stack size 0 bytes, _printf_fp_dec.o(.text), UNUSED)

<P><STRONG><a name="[ea]"></a>_printf_fp_dec_real</STRONG> (Thumb, 620 bytes, Stack size 104 bytes, _printf_fp_dec.o(.text))
<BR><BR>[Stack]<UL><LI>Max Depth = 324<LI>Call Chain = _printf_fp_dec_real &rArr; _fp_digits &rArr; _btod_etento &rArr; _btod_emul &rArr; _e2e
</UL>
<BR>[Calls]<UL><LI><a href="#[eb]">&gt;&gt;</a>&nbsp;&nbsp;&nbsp;__ARM_fpclassify
<LI><a href="#[ec]">&gt;&gt;</a>&nbsp;&nbsp;&nbsp;_printf_fp_infnan
<LI><a href="#[be]">&gt;&gt;</a>&nbsp;&nbsp;&nbsp;__rt_locale
<LI><a href="#[e5]">&gt;&gt;</a>&nbsp;&nbsp;&nbsp;_fp_digits
<LI><a href="#[d9]">&gt;&gt;</a>&nbsp;&nbsp;&nbsp;_printf_post_padding
<LI><a href="#[d8]">&gt;&gt;</a>&nbsp;&nbsp;&nbsp;_printf_pre_padding
</UL>
<BR>[Called By]<UL><LI><a href="#[9c]">&gt;&gt;</a>&nbsp;&nbsp;&nbsp;_printf_fp_dec
</UL>

<P><STRONG><a name="[ed]"></a>_printf_fp_hex_real</STRONG> (Thumb, 756 bytes, Stack size 72 bytes, _printf_fp_hex.o(.text))
<BR><BR>[Stack]<UL><LI>Max Depth = 112<LI>Call Chain = _printf_fp_hex_real &rArr; _printf_fp_infnan &rArr; _printf_post_padding
</UL>
<BR>[Calls]<UL><LI><a href="#[eb]">&gt;&gt;</a>&nbsp;&nbsp;&nbsp;__ARM_fpclassify
<LI><a href="#[ec]">&gt;&gt;</a>&nbsp;&nbsp;&nbsp;_printf_fp_infnan
<LI><a href="#[d9]">&gt;&gt;</a>&nbsp;&nbsp;&nbsp;_printf_post_padding
<LI><a href="#[d8]">&gt;&gt;</a>&nbsp;&nbsp;&nbsp;_printf_pre_padding
</UL>
<BR>[Called By]<UL><LI><a href="#[a0]">&gt;&gt;</a>&nbsp;&nbsp;&nbsp;_printf_fp_hex
</UL>

<P><STRONG><a name="[ee]"></a>_printf_cs_common</STRONG> (Thumb, 20 bytes, Stack size 8 bytes, _printf_char.o(.text))
<BR><BR>[Stack]<UL><LI>Max Depth = 40<LI>Call Chain = _printf_cs_common &rArr; _printf_str &rArr; _printf_post_padding
</UL>
<BR>[Calls]<UL><LI><a href="#[d7]">&gt;&gt;</a>&nbsp;&nbsp;&nbsp;_printf_str
</UL>
<BR>[Called By]<UL><LI><a href="#[b4]">&gt;&gt;</a>&nbsp;&nbsp;&nbsp;_printf_string
<LI><a href="#[b2]">&gt;&gt;</a>&nbsp;&nbsp;&nbsp;_printf_char
</UL>

<P><STRONG><a name="[b2]"></a>_printf_char</STRONG> (Thumb, 16 bytes, Stack size 0 bytes, _printf_char.o(.text))
[...]
<BR><BR>[Stack]<UL><LI>Max Depth = 720 + Unknown Stack Size
<LI>Call Chain = rp_irq_get_status &rArr; rp_get_pkt_payload &rArr; smtc_modem_hal_assert_fail &rArr; smtc_modem_hal_print_trace &rArr; hal_trace_print &rArr; uart_print &rArr; am_hal_uart_transfer &rArr; read_nonblocking &rArr; am_hal_queue_item_get
</UL>
<BR>[Calls]<UL><LI><a href="#[165]">&gt;&gt;</a>&nbsp;&nbsp;&nbsp;smtc_modem_hal_assert_fail
<LI><a href="#[1dd]">&gt;&gt;</a>&nbsp;&nbsp;&nbsp;smtc_modem_hal_store_crashlog
<LI><a href="#[1de]">&gt;&gt;</a>&nbsp;&nbsp;&nbsp;smtc_modem_hal_set_crashlog_status
<LI><a href="#[1b9]">&gt;&gt;</a>&nbsp;&nbsp;&nbsp;smtc_modem_hal_reset_mcu
<LI><a href="#[153]">&gt;&gt;</a>&nbsp;&nbsp;&nbsp;smtc_modem_hal_print_trace
<LI><a href="#[387]">&gt;&gt;</a>&nbsp;&nbsp;&nbsp;rp_get_pkt_payload
</UL>
<BR>[Called By]<UL><LI><a href="#[395]">&gt;&gt;</a>&nbsp;&nbsp;&nbsp;rp_radio_irq
</UL>

<P><STRONG><a name="[395]"></a>rp_radio_irq</STRONG> (Thumb, 322 bytes, Stack size 16 bytes, radio_planner.o(i.rp_radio_irq))
<BR><BR>[Stack]<UL><LI>Max Depth = 736 + Unknown Stack Size
<LI>Call Chain = rp_radio_irq &rArr; rp_irq_get_status &rArr; rp_get_pkt_payload &rArr; smtc_modem_hal_assert_fail &rArr; smtc_modem_hal_print_trace &rArr; hal_trace_print &rArr; uart_print &rArr; am_hal_uart_transfer &rArr; read_nonblocking &rArr; am_hal_queue_item_get
</UL>
<BR>[Calls]<UL><LI><a href="#[165]">&gt;&gt;</a>&nbsp;&nbsp;&nbsp;smtc_modem_hal_assert_fail
<LI><a href="#[39a]">&gt;&gt;</a>&nbsp;&nbsp;&nbsp;smtc_modem_hal_stop_radio_tcxo
<LI><a href="#[153]">&gt;&gt;</a>&nbsp;&nbsp;&nbsp;smtc_modem_hal_print_trace
<LI><a href="#[38b]">&gt;&gt;</a>&nbsp;&nbsp;&nbsp;rp_hal_get_time_in_ms
<LI><a href="#[389]">&gt;&gt;</a>&nbsp;&nbsp;&nbsp;rp_hal_get_radio_irq_timestamp_in_100us
<LI><a href="#[396]">&gt;&gt;</a>&nbsp;&nbsp;&nbsp;rp_task_free
<LI><a href="#[398]">&gt;&gt;</a>&nbsp;&nbsp;&nbsp;rp_task_call_aborted
<LI><a href="#[399]">&gt;&gt;</a>&nbsp;&nbsp;&nbsp;rp_task_arbiter
<LI><a href="#[394]">&gt;&gt;</a>&nbsp;&nbsp;&nbsp;rp_irq_get_status
<LI><a href="#[392]">&gt;&gt;</a>&nbsp;&nbsp;&nbsp;rp_hook_callback
<LI><a href="#[382]">&gt;&gt;</a>&nbsp;&nbsp;&nbsp;rp_consumption_statistics_updated
<LI><a href="#[397]">&gt;&gt;</a>&nbsp;&nbsp;&nbsp;ral_set_sleep
</UL>
<BR>[Called By]<UL><LI><a href="#[2dc]">&gt;&gt;</a>&nbsp;&nbsp;&nbsp;rp_task_abort
<LI><a href="#[46]">&gt;&gt;</a>&nbsp;&nbsp;&nbsp;rp_radio_irq_callback
</UL>

<P><STRONG><a name="[39b]"></a>rp_set_alarm</STRONG> (Thumb, 22 bytes, Stack size 16 bytes, radio_planner.o(i.rp_set_alarm))
<BR><BR>[Stack]<UL><LI>Max Depth = 104<LI>Call Chain = rp_set_alarm &rArr; rp_hal_timer_start &rArr; smtc_modem_hal_start_timer &rArr; hal_lp_timer_start &rArr; am_hal_ctimer_period_set
</UL>
<BR>[Calls]<UL><LI><a href="#[390]">&gt;&gt;</a>&nbsp;&nbsp;&nbsp;rp_hal_timer_stop
<LI><a href="#[38e]">&gt;&gt;</a>&nbsp;&nbsp;&nbsp;rp_hal_timer_start
</UL>
<BR>[Called By]<UL><LI><a href="#[399]">&gt;&gt;</a>&nbsp;&nbsp;&nbsp;rp_task_arbiter
</UL>

<P><STRONG><a name="[384]"></a>rp_stats_sniff_update</STRONG> (Thumb, 140 bytes, Stack size 28 bytes, radio_planner.o(i.rp_stats_sniff_update))
<BR><BR>[Stack]<UL><LI>Max Depth = 28<LI>Call Chain = rp_stats_sniff_update
</UL>
<BR>[Called By]<UL><LI><a href="#[382]">&gt;&gt;</a>&nbsp;&nbsp;&nbsp;rp_consumption_statistics_updated
</UL>

<P><STRONG><a name="[385]"></a>rp_stats_update</STRONG> (Thumb, 294 bytes, Stack size 20 bytes, radio_planner.o(i.rp_stats_update))
<BR><BR>[Stack]<UL><LI>Max Depth = 20<LI>Call Chain = rp_stats_update
</UL>
<BR>[Called By]<UL><LI><a href="#[382]">&gt;&gt;</a>&nbsp;&nbsp;&nbsp;rp_consumption_statistics_updated
</UL>

<P><STRONG><a name="[399]"></a>rp_task_arbiter</STRONG> (Thumb, 658 bytes, Stack size 40 bytes, radio_planner.o(i.rp_task_arbiter))
<BR><BR>[Stack]<UL><LI>Max Depth = 704 + Unknown Stack Size
<LI>Call Chain = rp_task_arbiter &rArr; rp_task_launch_current &rArr; rp_task_print &rArr; smtc_modem_hal_print_trace &rArr; hal_trace_print &rArr; uart_print &rArr; am_hal_uart_transfer &rArr; read_nonblocking &rArr; am_hal_queue_item_get
</UL>
<BR>[Calls]<UL><LI><a href="#[165]">&gt;&gt;</a>&nbsp;&nbsp;&nbsp;smtc_modem_hal_assert_fail
<LI><a href="#[39a]">&gt;&gt;</a>&nbsp;&nbsp;&nbsp;smtc_modem_hal_stop_radio_tcxo
<LI><a href="#[153]">&gt;&gt;</a>&nbsp;&nbsp;&nbsp;smtc_modem_hal_print_trace
<LI><a href="#[38c]">&gt;&gt;</a>&nbsp;&nbsp;&nbsp;rp_hal_irq_clear_pending
<LI><a href="#[38b]">&gt;&gt;</a>&nbsp;&nbsp;&nbsp;rp_hal_get_time_in_ms
<LI><a href="#[39c]">&gt;&gt;</a>&nbsp;&nbsp;&nbsp;rp_task_update_time
<LI><a href="#[39d]">&gt;&gt;</a>&nbsp;&nbsp;&nbsp;rp_task_select_next
<LI><a href="#[39e]">&gt;&gt;</a>&nbsp;&nbsp;&nbsp;rp_task_launch_current
<LI><a href="#[39f]">&gt;&gt;</a>&nbsp;&nbsp;&nbsp;rp_task_get_next
<LI><a href="#[398]">&gt;&gt;</a>&nbsp;&nbsp;&nbsp;rp_task_call_aborted
<LI><a href="#[39b]">&gt;&gt;</a>&nbsp;&nbsp;&nbsp;rp_set_alarm
<LI><a href="#[382]">&gt;&gt;</a>&nbsp;&nbsp;&nbsp;rp_consumption_statistics_updated
<LI><a href="#[397]">&gt;&gt;</a>&nbsp;&nbsp;&nbsp;ral_set_sleep
</UL>
<BR>[Called By]<UL><LI><a href="#[164]">&gt;&gt;</a>&nbsp;&nbsp;&nbsp;rp_task_enqueue
<LI><a href="#[2dc]">&gt;&gt;</a>&nbsp;&nbsp;&nbsp;rp_task_abort
<LI><a href="#[3a3]">&gt;&gt;</a>&nbsp;&nbsp;&nbsp;rp_timer_irq
<LI><a href="#[395]">&gt;&gt;</a>&nbsp;&nbsp;&nbsp;rp_radio_irq
</UL>

<P><STRONG><a name="[398]"></a>rp_task_call_aborted</STRONG> (Thumb, 100 bytes, Stack size 16 bytes, radio_planner.o(i.rp_task_call_aborted))
<BR><BR>[Stack]<UL><LI>Max Depth = 664 + Unknown Stack Size
<LI>Call Chain = rp_task_call_aborted &rArr; rp_hook_callback &rArr; smtc_modem_hal_print_trace &rArr; hal_trace_print &rArr; uart_print &rArr; am_hal_uart_transfer &rArr; read_nonblocking &rArr; am_hal_queue_item_get
</UL>
<BR>[Calls]<UL><LI><a href="#[153]">&gt;&gt;</a>&nbsp;&nbsp;&nbsp;smtc_modem_hal_print_trace
<LI><a href="#[396]">&gt;&gt;</a>&nbsp;&nbsp;&nbsp;rp_task_free
<LI><a href="#[392]">&gt;&gt;</a>&nbsp;&nbsp;&nbsp;rp_hook_callback
</UL>
<BR>[Called By]<UL><LI><a href="#[399]">&gt;&gt;</a>&nbsp;&nbsp;&nbsp;rp_task_arbiter
<LI><a href="#[395]">&gt;&gt;</a>&nbsp;&nbsp;&nbsp;rp_radio_irq
</UL>

<P><STRONG><a name="[3a0]"></a>rp_task_compute_ranking</STRONG> (Thumb, 66 bytes, Stack size 32 bytes, radio_planner.o(i.rp_task_compute_ranking))
<BR><BR>[Stack]<UL><LI>Max Depth = 44<LI>Call Chain = rp_task_compute_ranking &rArr; rp_task_find_highest_priority
</UL>
<BR>[Calls]<UL><LI><a href="#[3a1]">&gt;&gt;</a>&nbsp;&nbsp;&nbsp;rp_task_find_highest_priority
</UL>
<BR>[Called By]<UL><LI><a href="#[164]">&gt;&gt;</a>&nbsp;&nbsp;&nbsp;rp_task_enqueue
<LI><a href="#[39c]">&gt;&gt;</a>&nbsp;&nbsp;&nbsp;rp_task_update_time
</UL>

<P><STRONG><a name="[3a1]"></a>rp_task_find_highest_priority</STRONG> (Thumb, 32 bytes, Stack size 12 bytes, radio_planner.o(i.rp_task_find_highest_priority))
<BR><BR>[Stack]<UL><LI>Max Depth = 12<LI>Call Chain = rp_task_find_highest_priority
</UL>
<BR>[Called By]<UL><LI><a href="#[3a0]">&gt;&gt;</a>&nbsp;&nbsp;&nbsp;rp_task_compute_ranking
</UL>

<P><STRONG><a name="[396]"></a>rp_task_free</STRONG> (Thumb, 22 bytes, Stack size 0 bytes, radio_planner.o(i.rp_task_free))
<BR><BR>[Called By]<UL><LI><a href="#[398]">&gt;&gt;</a>&nbsp;&nbsp;&nbsp;rp_task_call_aborted
<LI><a href="#[395]">&gt;&gt;</a>&nbsp;&nbsp;&nbsp;rp_radio_irq
</UL>

<P><STRONG><a name="[39f]"></a>rp_task_get_next</STRONG> (Thumb, 270 bytes, Stack size 24 bytes, radio_planner.o(i.rp_task_get_next))
<BR><BR>[Stack]<UL><LI>Max Depth = 24<LI>Call Chain = rp_task_get_next
</UL>
<BR>[Called By]<UL><LI><a href="#[399]">&gt;&gt;</a>&nbsp;&nbsp;&nbsp;rp_task_arbiter
</UL>

<P><STRONG><a name="[39e]"></a>rp_task_launch_current</STRONG> (Thumb, 124 bytes, Stack size 16 bytes, radio_planner.o(i.rp_task_launch_current))
<BR><BR>[Stack]<UL><LI>Max Depth = 664 + Unknown Stack Size
<LI>Call Chain = rp_task_launch_current &rArr; rp_task_print &rArr; smtc_modem_hal_print_trace &rArr; hal_trace_print &rArr; uart_print &rArr; am_hal_uart_transfer &rArr; read_nonblocking &rArr; am_hal_queue_item_get
</UL>
<BR>[Calls]<UL><LI><a href="#[153]">&gt;&gt;</a>&nbsp;&nbsp;&nbsp;smtc_modem_hal_print_trace
<LI><a href="#[3a2]">&gt;&gt;</a>&nbsp;&nbsp;&nbsp;rp_task_print
</UL>
<BR>[Called By]<UL><LI><a href="#[399]">&gt;&gt;</a>&nbsp;&nbsp;&nbsp;rp_task_arbiter
</UL>

<P><STRONG><a name="[3a2]"></a>rp_task_print</STRONG> (Thumb, 270 bytes, Stack size 16 bytes, radio_planner.o(i.rp_task_print))
<BR><BR>[Stack]<UL><LI>Max Depth = 648 + Unknown Stack Size
<LI>Call Chain = rp_task_print &rArr; smtc_modem_hal_print_trace &rArr; hal_trace_print &rArr; uart_print &rArr; am_hal_uart_transfer &rArr; read_nonblocking &rArr; am_hal_queue_item_get
</UL>
<BR>[Calls]<UL><LI><a href="#[153]">&gt;&gt;</a>&nbsp;&nbsp;&nbsp;smtc_modem_hal_print_trace
</UL>
<BR>[Called By]<UL><LI><a href="#[39e]">&gt;&gt;</a>&nbsp;&nbsp;&nbsp;rp_task_launch_current
</UL>

<P><STRONG><a name="[39d]"></a>rp_task_select_next</STRONG> (Thumb, 362 bytes, Stack size 32 bytes, radio_planner.o(i.rp_task_select_next))
<BR><BR>[Stack]<UL><LI>Max Depth = 40<LI>Call Chain = rp_task_select_next &rArr; __aeabi_memcpy4
</UL>
<BR>[Calls]<UL><LI><a href="#[d2]">&gt;&gt;</a>&nbsp;&nbsp;&nbsp;__aeabi_memcpy4
</UL>
<BR>[Called By]<UL><LI><a href="#[399]">&gt;&gt;</a>&nbsp;&nbsp;&nbsp;rp_task_arbiter
</UL>

<P><STRONG><a name="[39c]"></a>rp_task_update_time</STRONG> (Thumb, 360 bytes, Stack size 16 bytes, radio_planner.o(i.rp_task_update_time))
<BR><BR>[Stack]<UL><LI>Max Depth = 648 + Unknown Stack Size
<LI>Call Chain = rp_task_update_time &rArr; smtc_modem_hal_print_trace &rArr; hal_trace_print &rArr; uart_print &rArr; am_hal_uart_transfer &rArr; read_nonblocking &rArr; am_hal_queue_item_get
</UL>
<BR>[Calls]<UL><LI><a href="#[153]">&gt;&gt;</a>&nbsp;&nbsp;&nbsp;smtc_modem_hal_print_trace
<LI><a href="#[3a0]">&gt;&gt;</a>&nbsp;&nbsp;&nbsp;rp_task_compute_ranking
</UL>
<BR>[Called By]<UL><LI><a href="#[399]">&gt;&gt;</a>&nbsp;&nbsp;&nbsp;rp_task_arbiter
</UL>

<P><STRONG><a name="[3a3]"></a>rp_timer_irq</STRONG> (Thumb, 14 bytes, Stack size 8 bytes, radio_planner.o(i.rp_timer_irq))
<BR><BR>[Stack]<UL><LI>Max Depth = 712 + Unknown Stack Size
<LI>Call Chain = rp_timer_irq &rArr; rp_task_arbiter &rArr; rp_task_launch_current &rArr; rp_task_print &rArr; smtc_modem_hal_print_trace &rArr; hal_trace_print &rArr; uart_print &rArr; am_hal_uart_transfer &rArr; read_nonblocking &rArr; am_hal_queue_item_get
</UL>
<BR>[Calls]<UL><LI><a href="#[399]">&gt;&gt;</a>&nbsp;&nbsp;&nbsp;rp_task_arbiter
</UL>
<BR>[Called By]<UL><LI><a href="#[42]">&gt;&gt;</a>&nbsp;&nbsp;&nbsp;rp_timer_irq_callback
</UL>

<P><STRONG><a name="[42]"></a>rp_timer_irq_callback</STRONG> (Thumb, 12 bytes, Stack size 8 bytes, radio_planner.o(i.rp_timer_irq_callback))
<BR><BR>[Stack]<UL><LI>Max Depth = 720 + Unknown Stack Size
<LI>Call Chain = rp_timer_irq_callback &rArr; rp_timer_irq &rArr; rp_task_arbiter &rArr; rp_task_launch_current &rArr; rp_task_print &rArr; smtc_modem_hal_print_trace &rArr; hal_trace_print &rArr; uart_print &rArr; am_hal_uart_transfer &rArr; read_nonblocking &rArr; am_hal_queue_item_get
</UL>
<BR>[Calls]<UL><LI><a href="#[3a3]">&gt;&gt;</a>&nbsp;&nbsp;&nbsp;rp_timer_irq
</UL>
<BR>[Address Reference Count : 1]<UL><LI> radio_planner.o(i.rp_set_alarm)
</UL>
<P><STRONG><a name="[331]"></a>ral_sx128x_convert_flrc_mod_params_from_ral</STRONG> (Thumb, 100 bytes, Stack size 32 bytes, ral_sx128x.o(i.ral_sx128x_convert_flrc_mod_params_from_ral))
<BR><BR>[Stack]<UL><LI>Max Depth = 48<LI>Call Chain = ral_sx128x_convert_flrc_mod_params_from_ral &rArr; sx128x_get_flrc_br_bw_param
</UL>
<BR>[Calls]<UL><LI><a href="#[332]">&gt;&gt;</a>&nbsp;&nbsp;&nbsp;sx128x_get_flrc_br_bw_param
</UL>
<BR>[Called By]<UL><LI><a href="#[74]">&gt;&gt;</a>&nbsp;&nbsp;&nbsp;ral_sx128x_set_flrc_mod_params
<LI><a href="#[7c]">&gt;&gt;</a>&nbsp;&nbsp;&nbsp;ral_sx128x_get_flrc_time_on_air_in_ms
</UL>

<P><STRONG><a name="[33f]"></a>ral_sx128x_convert_flrc_pkt_params_from_ral</STRONG> (Thumb, 160 bytes, Stack size 16 bytes, ral_sx128x.o(i.ral_sx128x_convert_flrc_pkt_params_from_ral))
<BR><BR>[Stack]<UL><LI>Max Depth = 16<LI>Call Chain = ral_sx128x_convert_flrc_pkt_params_from_ral
</UL>
<BR>[Called By]<UL><LI><a href="#[75]">&gt;&gt;</a>&nbsp;&nbsp;&nbsp;ral_sx128x_set_flrc_pkt_params
<LI><a href="#[7c]">&gt;&gt;</a>&nbsp;&nbsp;&nbsp;ral_sx128x_get_flrc_time_on_air_in_ms
</UL>

<P><STRONG><a name="[333]"></a>ral_sx128x_convert_gfsk_mod_params_from_ral</STRONG> (Thumb, 134 bytes, Stack size 40 bytes, ral_sx128x.o(i.ral_sx128x_convert_gfsk_mod_params_from_ral))
<BR><BR>[Stack]<UL><LI>Max Depth = 56<LI>Call Chain = ral_sx128x_convert_gfsk_mod_params_from_ral &rArr; sx128x_get_gfsk_mod_ind_param
</UL>
<BR>[Calls]<UL><LI><a href="#[336]">&gt;&gt;</a>&nbsp;&nbsp;&nbsp;sx128x_get_gfsk_mod_ind_param
<LI><a href="#[335]">&gt;&gt;</a>&nbsp;&nbsp;&nbsp;sx128x_get_gfsk_br_in_bps
<LI><a href="#[334]">&gt;&gt;</a>&nbsp;&nbsp;&nbsp;sx128x_get_gfsk_br_bw_param
</UL>
<BR>[Called By]<UL><LI><a href="#[6e]">&gt;&gt;</a>&nbsp;&nbsp;&nbsp;ral_sx128x_set_gfsk_mod_params
<LI><a href="#[7b]">&gt;&gt;</a>&nbsp;&nbsp;&nbsp;ral_sx128x_get_gfsk_time_on_air_in_ms
</UL>

<P><STRONG><a name="[342]"></a>ral_sx128x_convert_gfsk_pkt_params_from_ral</STRONG> (Thumb, 184 bytes, Stack size 12 bytes, ral_sx128x.o(i.ral_sx128x_convert_gfsk_pkt_params_from_ral))
<BR><BR>[Stack]<UL><LI>Max Depth = 12<LI>Call Chain = ral_sx128x_convert_gfsk_pkt_params_from_ral
</UL>
<BR>[Called By]<UL><LI><a href="#[6f]">&gt;&gt;</a>&nbsp;&nbsp;&nbsp;ral_sx128x_set_gfsk_pkt_params
<LI><a href="#[7b]">&gt;&gt;</a>&nbsp;&nbsp;&nbsp;ral_sx128x_get_gfsk_time_on_air_in_ms
</UL>

<P><STRONG><a name="[32f]"></a>ral_sx128x_convert_irq_flags_from_ral</STRONG> (Thumb, 126 bytes, Stack size 0 bytes, ral_sx128x.o(i.ral_sx128x_convert_irq_flags_from_ral))
<BR><BR>[Called By]<UL><LI><a href="#[6a]">&gt;&gt;</a>&nbsp;&nbsp;&nbsp;ral_sx128x_set_dio_irq_params
<LI><a href="#[68]">&gt;&gt;</a>&nbsp;&nbsp;&nbsp;ral_sx128x_clear_irq_status
</UL>

<P><STRONG><a name="[33d]"></a>ral_sx128x_convert_irq_flags_to_ral</STRONG> (Thumb, 136 bytes, Stack size 0 bytes, ral_sx128x.o(i.ral_sx128x_convert_irq_flags_to_ral))
<BR><BR>[Called By]<UL><LI><a href="#[67]">&gt;&gt;</a>&nbsp;&nbsp;&nbsp;ral_sx128x_get_irq_status
<LI><a href="#[69]">&gt;&gt;</a>&nbsp;&nbsp;&nbsp;ral_sx128x_get_and_clear_irq_status
</UL>

<P><STRONG><a name="[338]"></a>ral_sx128x_convert_lora_bw_from_radio</STRONG> (Thumb, 54 bytes, Stack size 0 bytes, ral_sx128x.o(i.ral_sx128x_convert_lora_bw_from_radio))
<BR><BR>[Called By]<UL><LI><a href="#[337]">&gt;&gt;</a>&nbsp;&nbsp;&nbsp;ral_sx128x_convert_lora_mod_params_from_ral
</UL>

<P><STRONG><a name="[347]"></a>ral_sx128x_convert_lora_cr_to_ral</STRONG> (Thumb, 70 bytes, Stack size 0 bytes, ral_sx128x.o(i.ral_sx128x_convert_lora_cr_to_ral))
<BR><BR>[Called By]<UL><LI><a href="#[89]">&gt;&gt;</a>&nbsp;&nbsp;&nbsp;ral_sx128x_get_lora_rx_pkt_cr_crc
</UL>

<P><STRONG><a name="[337]"></a>ral_sx128x_convert_lora_mod_params_from_ral</STRONG> (Thumb, 100 bytes, Stack size 16 bytes, ral_sx128x.o(i.ral_sx128x_convert_lora_mod_params_from_ral))
<BR><BR>[Stack]<UL><LI>Max Depth = 16<LI>Call Chain = ral_sx128x_convert_lora_mod_params_from_ral
</UL>
<BR>[Calls]<UL><LI><a href="#[338]">&gt;&gt;</a>&nbsp;&nbsp;&nbsp;ral_sx128x_convert_lora_bw_from_radio
</UL>
<BR>[Called By]<UL><LI><a href="#[70]">&gt;&gt;</a>&nbsp;&nbsp;&nbsp;ral_sx128x_set_lora_mod_params
<LI><a href="#[7a]">&gt;&gt;</a>&nbsp;&nbsp;&nbsp;ral_sx128x_get_lora_time_on_air_in_ms
</UL>

<P><STRONG><a name="[339]"></a>ral_sx128x_convert_lora_pbl_len_from_ral</STRONG> (Thumb, 80 bytes, Stack size 24 bytes, ral_sx128x.o(i.ral_sx128x_convert_lora_pbl_len_from_ral))
<BR><BR>[Stack]<UL><LI>Max Depth = 24<LI>Call Chain = ral_sx128x_convert_lora_pbl_len_from_ral
</UL>
<BR>[Calls]<UL><LI><a href="#[33a]">&gt;&gt;</a>&nbsp;&nbsp;&nbsp;shift_and_count_trailing_zeros
</UL>
<BR>[Called By]<UL><LI><a href="#[33b]">&gt;&gt;</a>&nbsp;&nbsp;&nbsp;ral_sx128x_convert_lora_pkt_params_from_ral
</UL>

<P><STRONG><a name="[33b]"></a>ral_sx128x_convert_lora_pkt_params_from_ral</STRONG> (Thumb, 64 bytes, Stack size 16 bytes, ral_sx128x.o(i.ral_sx128x_convert_lora_pkt_params_from_ral))
<BR><BR>[Stack]<UL><LI>Max Depth = 40<LI>Call Chain = ral_sx128x_convert_lora_pkt_params_from_ral &rArr; ral_sx128x_convert_lora_pbl_len_from_ral
</UL>
<BR>[Calls]<UL><LI><a href="#[339]">&gt;&gt;</a>&nbsp;&nbsp;&nbsp;ral_sx128x_convert_lora_pbl_len_from_ral
</UL>
<BR>[Called By]<UL><LI><a href="#[71]">&gt;&gt;</a>&nbsp;&nbsp;&nbsp;ral_sx128x_set_lora_pkt_params
<LI><a href="#[7a]">&gt;&gt;</a>&nbsp;&nbsp;&nbsp;ral_sx128x_get_lora_time_on_air_in_ms
</UL>

<P><STRONG><a name="[33a]"></a>shift_and_count_trailing_zeros</STRONG> (Thumb, 76 bytes, Stack size 0 bytes, ral_sx128x.o(i.shift_and_count_trailing_zeros))
<BR><BR>[Called By]<UL><LI><a href="#[339]">&gt;&gt;</a>&nbsp;&nbsp;&nbsp;ral_sx128x_convert_lora_pbl_len_from_ral
</UL>

<P><STRONG><a name="[12d]"></a>internal_iom_reset_on_error</STRONG> (Thumb, 318 bytes, Stack size 16 bytes, am_hal_iom.o(i.internal_iom_reset_on_error))
<BR><BR>[Stack]<UL><LI>Max Depth = 16<LI>Call Chain = internal_iom_reset_on_error
</UL>
<BR>[Calls]<UL><LI><a href="#[118]">&gt;&gt;</a>&nbsp;&nbsp;&nbsp;am_hal_flash_delay
</UL>
<BR>[Called By]<UL><LI><a href="#[12a]">&gt;&gt;</a>&nbsp;&nbsp;&nbsp;am_hal_iom_spi_blocking_fullduplex
</UL>

<P><STRONG><a name="[136]"></a>read_nonblocking</STRONG> (Thumb, 288 bytes, Stack size 112 bytes, am_hal_uart.o(i.read_nonblocking))
<BR><BR>[Stack]<UL><LI>Max Depth = 136<LI>Call Chain = read_nonblocking &rArr; am_hal_queue_item_get
</UL>
<BR>[Calls]<UL><LI><a href="#[12f]">&gt;&gt;</a>&nbsp;&nbsp;&nbsp;am_hal_queue_item_get
<LI><a href="#[12e]">&gt;&gt;</a>&nbsp;&nbsp;&nbsp;am_hal_queue_item_add
<LI><a href="#[116]">&gt;&gt;</a>&nbsp;&nbsp;&nbsp;am_hal_interrupt_master_set
<LI><a href="#[115]">&gt;&gt;</a>&nbsp;&nbsp;&nbsp;am_hal_interrupt_master_disable
</UL>
<BR>[Called By]<UL><LI><a href="#[134]">&gt;&gt;</a>&nbsp;&nbsp;&nbsp;am_hal_uart_transfer
</UL>

<P><STRONG><a name="[135]"></a>write_nonblocking</STRONG> (Thumb, 268 bytes, Stack size 48 bytes, am_hal_uart.o(i.write_nonblocking))
<BR><BR>[Stack]<UL><LI>Max Depth = 72<LI>Call Chain = write_nonblocking &rArr; am_hal_queue_item_get
</UL>
<BR>[Calls]<UL><LI><a href="#[12f]">&gt;&gt;</a>&nbsp;&nbsp;&nbsp;am_hal_queue_item_get
<LI><a href="#[12e]">&gt;&gt;</a>&nbsp;&nbsp;&nbsp;am_hal_queue_item_add
<LI><a href="#[116]">&gt;&gt;</a>&nbsp;&nbsp;&nbsp;am_hal_interrupt_master_set
<LI><a href="#[115]">&gt;&gt;</a>&nbsp;&nbsp;&nbsp;am_hal_interrupt_master_disable
</UL>
<BR>[Called By]<UL><LI><a href="#[134]">&gt;&gt;</a>&nbsp;&nbsp;&nbsp;am_hal_uart_transfer
</UL>

<P><STRONG><a name="[2f]"></a>_printf_input_char</STRONG> (Thumb, 10 bytes, Stack size 0 bytes, _printf_char_common.o(.text))
<BR>[Address Reference Count : 1]<UL><LI> _printf_char_common.o(.text)
</UL>
<P><STRONG><a name="[e5]"></a>_fp_digits</STRONG> (Thumb, 432 bytes, Stack size 96 bytes, _printf_fp_dec.o(.text))
<BR><BR>[Stack]<UL><LI>Max Depth = 220<LI>Call Chain = _fp_digits &rArr; _btod_etento &rArr; _btod_emul &rArr; _e2e
</UL>
<BR>[Calls]<UL><LI><a href="#[e9]">&gt;&gt;</a>&nbsp;&nbsp;&nbsp;_btod_emul
<LI><a href="#[e8]">&gt;&gt;</a>&nbsp;&nbsp;&nbsp;_btod_ediv
<LI><a href="#[e7]">&gt;&gt;</a>&nbsp;&nbsp;&nbsp;_btod_d2e
<LI><a href="#[e6]">&gt;&gt;</a>&nbsp;&nbsp;&nbsp;_btod_etento
<LI><a href="#[e0]">&gt;&gt;</a>&nbsp;&nbsp;&nbsp;_ll_udiv10
</UL>
<BR>[Called By]<UL><LI><a href="#[ea]">&gt;&gt;</a>&nbsp;&nbsp;&nbsp;_printf_fp_dec_real
</UL>
<P>
<H3>
Undefined Global Symbols
</H3><HR></body></html>
