<html>
<body>
<pre>
<h1>µVision Build Log</h1>
<h2>Tool Versions:</h2>
IDE-Version: ¦ÌVision V5.30.0.0
Copyright (C) 2020 ARM Ltd and ARM Germany GmbH. All rights reserved.
License Information: C caoyue_8@163.com, C, LIC=CRMW3-A2ZFK-INGA7-EER24-F08Q7-H7NR0
 
Tool Versions:
Toolchain:       MDK-ARM Professional  Version: 5.30.0.0
Toolchain Path:  F:\KEIL5\ARM\ARMCC\Bin
C Compiler:      Armcc.exe V5.06 update 6 (build 750)
Assembler:       Armasm.exe V5.06 update 6 (build 750)
Linker/Locator:  ArmLink.exe V5.06 update 6 (build 750)
Library Manager: ArmAr.exe V5.06 update 6 (build 750)
Hex Converter:   FromElf.exe V5.06 update 6 (build 750)
CPU DLL:         SARMCM3.DLL V5.30.0.0
Dialog DLL:      DCM.DLL V1.17.3.0
Target DLL:      Segger\JL2CM3.dll V2.99.38.0
Dialog DLL:      TCM.DLL V1.42.0.0
 
<h2>Project:</h2>
G:\2.4G Lora\Apollo3_Blue_public\AmbiqSuite_R3.0.0 - ¸±±¾\boards\apollo3_evb\examples\hello_world_uart\keil\hello_world_uart.uvprojx
Project File Date:  06/10/2023

<h2>Output:</h2>
*** Using Compiler 'V5.06 update 6 (build 750)', folder: 'F:\KEIL5\ARM\ARMCC\Bin'
Build target 'hello_world_uart'
compiling startup_keil.s...
compiling smtc_hal_spi.c...
compiling smtc_hal_rtc.c...
linking...
Program Size: Code=14376 RO-data=1552 RW-data=52 ZI-data=19836  
After Build - User command #1: fromelf --bin --output bin\hello_world_uart.bin bin\hello_world_uart.axf
After Build - User command #2: fromelf -cedrst --output bin\hello_world_uart.txt bin\hello_world_uart.axf
".\bin\hello_world_uart.axf" - 0 Error(s), 0 Warning(s).

<h2>Software Packages used:</h2>

Package Vendor: AmbiqMicro
                https://download.ambiq.com/packs/AmbiqMicro.Apollo_DFP.1.3.0.pack
                AmbiqMicro.Apollo_DFP.1.3.0
                Ambiq Apollo Series Device Support

<h2>Collection of Component include folders:</h2>
  .\RTE\_hello_world_uart
  F:\PACK_KEIL5\AmbiqMicro\Apollo_DFP\1.3.0\Device\Include

<h2>Collection of Component Files used:</h2>
Build Time Elapsed:  00:00:01
</pre>
</body>
</html>
